Archive member included to satisfy reference by file (symbol)

F:/Soft/STM32CubeIDE_1.14.1/STM32CubeIDE/plugins/com.st.stm32cube.ide.mcu.externaltools.gnu-tools-for-stm32.11.3.rel1.win32_1.1.100.202309141235/tools/bin/../lib/gcc/arm-none-eabi/11.3.1/../../../../arm-none-eabi/lib/thumb/v7e-m+fp/hard\libc_nano.a(libc_a-exit.o)
                              F:/Soft/STM32CubeIDE_1.14.1/STM32CubeIDE/plugins/com.st.stm32cube.ide.mcu.externaltools.gnu-tools-for-stm32.11.3.rel1.win32_1.1.100.202309141235/tools/bin/../lib/gcc/arm-none-eabi/11.3.1/../../../../arm-none-eabi/lib/thumb/v7e-m+fp/hard/crt0.o (exit)
F:/Soft/STM32CubeIDE_1.14.1/STM32CubeIDE/plugins/com.st.stm32cube.ide.mcu.externaltools.gnu-tools-for-stm32.11.3.rel1.win32_1.1.100.202309141235/tools/bin/../lib/gcc/arm-none-eabi/11.3.1/../../../../arm-none-eabi/lib/thumb/v7e-m+fp/hard\libc_nano.a(libc_a-rand.o)
                              ./Core/Src/w5500_task/tcp_server_tx.o (rand)
F:/Soft/STM32CubeIDE_1.14.1/STM32CubeIDE/plugins/com.st.stm32cube.ide.mcu.externaltools.gnu-tools-for-stm32.11.3.rel1.win32_1.1.100.202309141235/tools/bin/../lib/gcc/arm-none-eabi/11.3.1/../../../../arm-none-eabi/lib/thumb/v7e-m+fp/hard\libc_nano.a(libc_a-findfp.o)
                              ./Middlewares/Third_Party/FreeRTOS/Source/tasks.o (__sf)
F:/Soft/STM32CubeIDE_1.14.1/STM32CubeIDE/plugins/com.st.stm32cube.ide.mcu.externaltools.gnu-tools-for-stm32.11.3.rel1.win32_1.1.100.202309141235/tools/bin/../lib/gcc/arm-none-eabi/11.3.1/../../../../arm-none-eabi/lib/thumb/v7e-m+fp/hard\libc_nano.a(libc_a-fwalk.o)
                              F:/Soft/STM32CubeIDE_1.14.1/STM32CubeIDE/plugins/com.st.stm32cube.ide.mcu.externaltools.gnu-tools-for-stm32.11.3.rel1.win32_1.1.100.202309141235/tools/bin/../lib/gcc/arm-none-eabi/11.3.1/../../../../arm-none-eabi/lib/thumb/v7e-m+fp/hard\libc_nano.a(libc_a-findfp.o) (_fwalk_sglue)
F:/Soft/STM32CubeIDE_1.14.1/STM32CubeIDE/plugins/com.st.stm32cube.ide.mcu.externaltools.gnu-tools-for-stm32.11.3.rel1.win32_1.1.100.202309141235/tools/bin/../lib/gcc/arm-none-eabi/11.3.1/../../../../arm-none-eabi/lib/thumb/v7e-m+fp/hard\libc_nano.a(libc_a-stdio.o)
                              F:/Soft/STM32CubeIDE_1.14.1/STM32CubeIDE/plugins/com.st.stm32cube.ide.mcu.externaltools.gnu-tools-for-stm32.11.3.rel1.win32_1.1.100.202309141235/tools/bin/../lib/gcc/arm-none-eabi/11.3.1/../../../../arm-none-eabi/lib/thumb/v7e-m+fp/hard\libc_nano.a(libc_a-findfp.o) (__sread)
F:/Soft/STM32CubeIDE_1.14.1/STM32CubeIDE/plugins/com.st.stm32cube.ide.mcu.externaltools.gnu-tools-for-stm32.11.3.rel1.win32_1.1.100.202309141235/tools/bin/../lib/gcc/arm-none-eabi/11.3.1/../../../../arm-none-eabi/lib/thumb/v7e-m+fp/hard\libc_nano.a(libc_a-memset.o)
                              F:/Soft/STM32CubeIDE_1.14.1/STM32CubeIDE/plugins/com.st.stm32cube.ide.mcu.externaltools.gnu-tools-for-stm32.11.3.rel1.win32_1.1.100.202309141235/tools/bin/../lib/gcc/arm-none-eabi/11.3.1/../../../../arm-none-eabi/lib/thumb/v7e-m+fp/hard/crt0.o (memset)
F:/Soft/STM32CubeIDE_1.14.1/STM32CubeIDE/plugins/com.st.stm32cube.ide.mcu.externaltools.gnu-tools-for-stm32.11.3.rel1.win32_1.1.100.202309141235/tools/bin/../lib/gcc/arm-none-eabi/11.3.1/../../../../arm-none-eabi/lib/thumb/v7e-m+fp/hard\libc_nano.a(libc_a-closer.o)
                              F:/Soft/STM32CubeIDE_1.14.1/STM32CubeIDE/plugins/com.st.stm32cube.ide.mcu.externaltools.gnu-tools-for-stm32.11.3.rel1.win32_1.1.100.202309141235/tools/bin/../lib/gcc/arm-none-eabi/11.3.1/../../../../arm-none-eabi/lib/thumb/v7e-m+fp/hard\libc_nano.a(libc_a-stdio.o) (_close_r)
F:/Soft/STM32CubeIDE_1.14.1/STM32CubeIDE/plugins/com.st.stm32cube.ide.mcu.externaltools.gnu-tools-for-stm32.11.3.rel1.win32_1.1.100.202309141235/tools/bin/../lib/gcc/arm-none-eabi/11.3.1/../../../../arm-none-eabi/lib/thumb/v7e-m+fp/hard\libc_nano.a(libc_a-reent.o)
                              ./Middlewares/Third_Party/FreeRTOS/Source/tasks.o (_reclaim_reent)
F:/Soft/STM32CubeIDE_1.14.1/STM32CubeIDE/plugins/com.st.stm32cube.ide.mcu.externaltools.gnu-tools-for-stm32.11.3.rel1.win32_1.1.100.202309141235/tools/bin/../lib/gcc/arm-none-eabi/11.3.1/../../../../arm-none-eabi/lib/thumb/v7e-m+fp/hard\libc_nano.a(libc_a-impure.o)
                              ./Middlewares/Third_Party/FreeRTOS/Source/tasks.o (_impure_ptr)
F:/Soft/STM32CubeIDE_1.14.1/STM32CubeIDE/plugins/com.st.stm32cube.ide.mcu.externaltools.gnu-tools-for-stm32.11.3.rel1.win32_1.1.100.202309141235/tools/bin/../lib/gcc/arm-none-eabi/11.3.1/../../../../arm-none-eabi/lib/thumb/v7e-m+fp/hard\libc_nano.a(libc_a-lseekr.o)
                              F:/Soft/STM32CubeIDE_1.14.1/STM32CubeIDE/plugins/com.st.stm32cube.ide.mcu.externaltools.gnu-tools-for-stm32.11.3.rel1.win32_1.1.100.202309141235/tools/bin/../lib/gcc/arm-none-eabi/11.3.1/../../../../arm-none-eabi/lib/thumb/v7e-m+fp/hard\libc_nano.a(libc_a-stdio.o) (_lseek_r)
[...]
Memory Configuration

Name             Origin             Length             Attributes
CCMRAM           0x0000000010000000 0x0000000000010000 xrw
RAM              0x0000000020000000 0x0000000000030000 xrw
FLASH            0x0000000008000000 0x0000000000100000 xr
*default*        0x0000000000000000 0xffffffffffffffff

Linker script and memory map

LOAD F:/Soft/STM32CubeIDE_1.14.1/STM32CubeIDE/plugins/com.st.stm32cube.ide.mcu.externaltools.gnu-tools-for-stm32.11.3.rel1.win32_1.1.100.202309141235/tools/bin/../lib/gcc/arm-none-eabi/11.3.1/thumb/v7e-m+fp/hard/crti.o
LOAD F:/Soft/STM32CubeIDE_1.14.1/STM32CubeIDE/plugins/com.st.stm32cube.ide.mcu.externaltools.gnu-tools-for-stm32.11.3.rel1.win32_1.1.100.202309141235/tools/bin/../lib/gcc/arm-none-eabi/11.3.1/thumb/v7e-m+fp/hard/crtbegin.o
LOAD F:/Soft/STM32CubeIDE_1.14.1/STM32CubeIDE/plugins/com.st.stm32cube.ide.mcu.externaltools.gnu-tools-for-stm32.11.3.rel1.win32_1.1.100.202309141235/tools/bin/../lib/gcc/arm-none-eabi/11.3.1/../../../../arm-none-eabi/lib/thumb/v7e-m+fp/hard/crt0.o
LOAD ./Core/Src/command_executer/command_executer.o
LOAD ./Core/Src/freertos.o
LOAD ./Core/Src/main.o
LOAD ./Core/Src/stm32f4xx_hal_msp.o
LOAD ./Core/Src/stm32f4xx_hal_timebase_tim.o
LOAD ./Core/Src/stm32f4xx_it.o
LOAD ./Core/Src/syscalls.o
LOAD ./Core/Src/sysmem.o
LOAD ./Core/Src/system_stm32f4xx.o
LOAD ./Core/Src/hv_task/ads1220.o
LOAD ./Core/Src/hv_task/hv_task.o
LOAD ./Core/Src/signal_task/ads1246.o
LOAD ./Core/Src/signal_task/signal_task.o
LOAD ./Core/Src/slave_uart/slave_uart.o
LOAD ./Core/Src/w5500_task/socket.o
LOAD ./Core/Src/w5500_task/tcp_server_rx.o
LOAD ./Core/Src/w5500_task/tcp_server_tx.o
LOAD ./Core/Src/w5500_task/w5500.o
LOAD ./Core/Src/w5500_task/w5500_task.o
LOAD ./Core/Src/w5500_task/wizchip_conf.o
LOAD ./Core/Src/w5500_task/wiznet_api.o
LOAD ./Core/Startup/startup_stm32f429zgtx.o
LOAD ./Drivers/STM32F4xx_HAL_Driver/Src/stm32f4xx_hal.o
LOAD ./Drivers/STM32F4xx_HAL_Driver/Src/stm32f4xx_hal_cortex.o
LOAD ./Drivers/STM32F4xx_HAL_Driver/Src/stm32f4xx_hal_dac.o
LOAD ./Drivers/STM32F4xx_HAL_Driver/Src/stm32f4xx_hal_dac_ex.o
LOAD ./Drivers/STM32F4xx_HAL_Driver/Src/stm32f4xx_hal_dma.o
LOAD ./Drivers/STM32F4xx_HAL_Driver/Src/stm32f4xx_hal_dma_ex.o
LOAD ./Drivers/STM32F4xx_HAL_Driver/Src/stm32f4xx_hal_exti.o
LOAD ./Drivers/STM32F4xx_HAL_Driver/Src/stm32f4xx_hal_flash.o
LOAD ./Drivers/STM32F4xx_HAL_Driver/Src/stm32f4xx_hal_flash_ex.o
LOAD ./Drivers/STM32F4xx_HAL_Driver/Src/stm32f4xx_hal_flash_ramfunc.o
LOAD ./Drivers/STM32F4xx_HAL_Driver/Src/stm32f4xx_hal_gpio.o
LOAD ./Drivers/STM32F4xx_HAL_Driver/Src/stm32f4xx_hal_pwr.o
LOAD ./Drivers/STM32F4xx_HAL_Driver/Src/stm32f4xx_hal_pwr_ex.o
LOAD ./Drivers/STM32F4xx_HAL_Driver/Src/stm32f4xx_hal_rcc.o
LOAD ./Drivers/STM32F4xx_HAL_Driver/Src/stm32f4xx_hal_rcc_ex.o
LOAD ./Drivers/STM32F4xx_HAL_Driver/Src/stm32f4xx_hal_spi.o
LOAD ./Drivers/STM32F4xx_HAL_Driver/Src/stm32f4xx_hal_tim.o
LOAD ./Drivers/STM32F4xx_HAL_Driver/Src/stm32f4xx_hal_tim_ex.o
LOAD ./Drivers/STM32F4xx_HAL_Driver/Src/stm32f4xx_hal_uart.o
LOAD ./Middlewares/Third_Party/FreeRTOS/Source/CMSIS_RTOS/cmsis_os.o
LOAD ./Middlewares/Third_Party/FreeRTOS/Source/croutine.o
LOAD ./Middlewares/Third_Party/FreeRTOS/Source/event_groups.o
LOAD ./Middlewares/Third_Party/FreeRTOS/Source/list.o
LOAD ./Middlewares/Third_Party/FreeRTOS/Source/queue.o
LOAD ./Middlewares/Third_Party/FreeRTOS/Source/stream_buffer.o
LOAD ./Middlewares/Third_Party/FreeRTOS/Source/tasks.o
LOAD ./Middlewares/Third_Party/FreeRTOS/Source/timers.o
LOAD ./Middlewares/Third_Party/FreeRTOS/Source/portable/GCC/ARM_CM4F/port.o
LOAD ./Middlewares/Third_Party/FreeRTOS/Source/portable/MemMang/heap_4.o
START GROUP
LOAD F:/Soft/STM32CubeIDE_1.14.1/STM32CubeIDE/plugins/com.st.stm32cube.ide.mcu.externaltools.gnu-tools-for-stm32.11.3.rel1.win32_1.1.100.202309141235/tools/bin/../lib/gcc/arm-none-eabi/11.3.1/../../../../arm-none-eabi/lib/thumb/v7e-m+fp/hard\libc_nano.a
LOAD F:/Soft/STM32CubeIDE_1.14.1/STM32CubeIDE/plugins/com.st.stm32cube.ide.mcu.externaltools.gnu-tools-for-stm32.11.3.rel1.win32_1.1.100.202309141235/tools/bin/../lib/gcc/arm-none-eabi/11.3.1/../../../../arm-none-eabi/lib/thumb/v7e-m+fp/hard\libm.a
END GROUP
START GROUP
LOAD F:/Soft/STM32CubeIDE_1.14.1/STM32CubeIDE/plugins/com.st.stm32cube.ide.mcu.externaltools.gnu-tools-for-stm32.11.3.rel1.win32_1.1.100.202309141235/tools/bin/../lib/gcc/arm-none-eabi/11.3.1/thumb/v7e-m+fp/hard\libgcc.a
LOAD F:/Soft/STM32CubeIDE_1.14.1/STM32CubeIDE/plugins/com.st.stm32cube.ide.mcu.externaltools.gnu-tools-for-stm32.11.3.rel1.win32_1.1.100.202309141235/tools/bin/../lib/gcc/arm-none-eabi/11.3.1/../../../../arm-none-eabi/lib/thumb/v7e-m+fp/hard\libc_nano.a
END GROUP
START GROUP
LOAD F:/Soft/STM32CubeIDE_1.14.1/STM32CubeIDE/plugins/com.st.stm32cube.ide.mcu.externaltools.gnu-tools-for-stm32.11.3.rel1.win32_1.1.100.202309141235/tools/bin/../lib/gcc/arm-none-eabi/11.3.1/thumb/v7e-m+fp/hard\libgcc.a
LOAD F:/Soft/STM32CubeIDE_1.14.1/STM32CubeIDE/plugins/com.st.stm32cube.ide.mcu.externaltools.gnu-tools-for-stm32.11.3.rel1.win32_1.1.100.202309141235/tools/bin/../lib/gcc/arm-none-eabi/11.3.1/../../../../arm-none-eabi/lib/thumb/v7e-m+fp/hard\libc_nano.a
LOAD F:/Soft/STM32CubeIDE_1.14.1/STM32CubeIDE/plugins/com.st.stm32cube.ide.mcu.externaltools.gnu-tools-for-stm32.11.3.rel1.win32_1.1.100.202309141235/tools/bin/../lib/gcc/arm-none-eabi/11.3.1/../../../../arm-none-eabi/lib/thumb/v7e-m+fp/hard\libnosys.a
END GROUP
START GROUP
LOAD F:/Soft/STM32CubeIDE_1.14.1/STM32CubeIDE/plugins/com.st.stm32cube.ide.mcu.externaltools.gnu-tools-for-stm32.11.3.rel1.win32_1.1.100.202309141235/tools/bin/../lib/gcc/arm-none-eabi/11.3.1/thumb/v7e-m+fp/hard\libgcc.a
LOAD F:/Soft/STM32CubeIDE_1.14.1/STM32CubeIDE/plugins/com.st.stm32cube.ide.mcu.externaltools.gnu-tools-for-stm32.11.3.rel1.win32_1.1.100.202309141235/tools/bin/../lib/gcc/arm-none-eabi/11.3.1/../../../../arm-none-eabi/lib/thumb/v7e-m+fp/hard\libc_nano.a
LOAD F:/Soft/STM32CubeIDE_1.14.1/STM32CubeIDE/plugins/com.st.stm32cube.ide.mcu.externaltools.gnu-tools-for-stm32.11.3.rel1.win32_1.1.100.202309141235/tools/bin/../lib/gcc/arm-none-eabi/11.3.1/../../../../arm-none-eabi/lib/thumb/v7e-m+fp/hard\libnosys.a
END GROUP
LOAD F:/Soft/STM32CubeIDE_1.14.1/STM32CubeIDE/plugins/com.st.stm32cube.ide.mcu.externaltools.gnu-tools-for-stm32.11.3.rel1.win32_1.1.100.202309141235/tools/bin/../lib/gcc/arm-none-eabi/11.3.1/thumb/v7e-m+fp/hard/crtend.o
LOAD F:/Soft/STM32CubeIDE_1.14.1/STM32CubeIDE/plugins/com.st.stm32cube.ide.mcu.externaltools.gnu-tools-for-stm32.11.3.rel1.win32_1.1.100.202309141235/tools/bin/../lib/gcc/arm-none-eabi/11.3.1/thumb/v7e-m+fp/hard/crtn.o
                0x0000000020030000                _estack = (ORIGIN (RAM) + LENGTH (RAM))
                0x0000000000000200                _Min_Heap_Size = 0x200
                0x0000000000000400                _Min_Stack_Size = 0x400

.isr_vector     0x0000000008000000      0x1ac
                0x0000000008000000                . = ALIGN (0x4)
 *(.isr_vector)
 .isr_vector    0x0000000008000000      0x1ac ./Core/Startup/startup_stm32f429zgtx.o
                0x0000000008000000                g_pfnVectors
                0x00000000080001ac                . = ALIGN (0x4)

.text           0x00000000080001b0     0x9078
                0x00000000080001b0                . = ALIGN (0x4)
 *(.text)
 .text          0x00000000080001b0       0x40 F:/Soft/STM32CubeIDE_1.14.1/STM32CubeIDE/plugins/com.st.stm32cube.ide.mcu.externaltools.gnu-tools-for-stm32.11.3.rel1.win32_1.1.100.202309141235/tools/bin/../lib/gcc/arm-none-eabi/11.3.1/thumb/v7e-m+fp/hard/crtbegin.o
 .text          0x00000000080001f0      0x378 F:/Soft/STM32CubeIDE_1.14.1/STM32CubeIDE/plugins/com.st.stm32cube.ide.mcu.externaltools.gnu-tools-for-stm32.11.3.rel1.win32_1.1.100.202309141235/tools/bin/../lib/gcc/arm-none-eabi/11.3.1/thumb/v7e-m+fp/hard\libgcc.a(_arm_addsubdf3.o)
                0x00000000080001f0                __aeabi_drsub
                0x00000000080001f8                __aeabi_dsub
                0x00000000080001f8                __subdf3
                0x00000000080001fc                __aeabi_dadd
                0x00000000080001fc                __adddf3
                0x0000000008000474                __floatunsidf
                0x0000000008000474                __aeabi_ui2d
                0x0000000008000494                __floatsidf
                0x0000000008000494                __aeabi_i2d
                0x00000000080004b8                __aeabi_f2d
                0x00000000080004b8                __extendsfdf2
                0x00000000080004fc                __floatundidf
                0x00000000080004fc                __aeabi_ul2d
                0x000000000800050c                __floatdidf
                0x000000000800050c                __aeabi_l2d
 .text          0x0000000008000568      0x424 F:/Soft/STM32CubeIDE_1.14.1/STM32CubeIDE/plugins/com.st.stm32cube.ide.mcu.externaltools.gnu-tools-for-stm32.11.3.rel1.win32_1.1.100.202309141235/tools/bin/../lib/gcc/arm-none-eabi/11.3.1/thumb/v7e-m+fp/hard\libgcc.a(_arm_muldivdf3.o)
                0x0000000008000568                __aeabi_dmul
                0x0000000008000568                __muldf3
                0x00000000080007bc                __divdf3
                0x00000000080007bc                __aeabi_ddiv
 .text          0x000000000800098c       0x50 F:/Soft/STM32CubeIDE_1.14.1/STM32CubeIDE/plugins/com.st.stm32cube.ide.mcu.externaltools.gnu-tools-for-stm32.11.3.rel1.win32_1.1.100.202309141235/tools/bin/../lib/gcc/arm-none-eabi/11.3.1/thumb/v7e-m+fp/hard\libgcc.a(_arm_fixdfsi.o)
                0x000000000800098c                __aeabi_d2iz
                0x000000000800098c                __fixdfsi
 .text          0x00000000080009dc       0x30 F:/Soft/STM32CubeIDE_1.14.1/STM32CubeIDE/plugins/com.st.stm32cube.ide.mcu.externaltools.gnu-tools-for-stm32.11.3.rel1.win32_1.1.100.202309141235/tools/bin/../lib/gcc/arm-none-eabi/11.3.1/thumb/v7e-m+fp/hard\libgcc.a(_aeabi_uldivmod.o)
                0x00000000080009dc                __aeabi_uldivmod
 .text          0x0000000008000a0c      0x2c8 F:/Soft/STM32CubeIDE_1.14.1/STM32CubeIDE/plugins/com.st.stm32cube.ide.mcu.externaltools.gnu-tools-for-stm32.11.3.rel1.win32_1.1.100.202309141235/tools/bin/../lib/gcc/arm-none-eabi/11.3.1/thumb/v7e-m+fp/hard\libgcc.a(_udivmoddi4.o)
                0x0000000008000a0c                __udivmoddi4
 .text          0x0000000008000cd4        0x4 F:/Soft/STM32CubeIDE_1.14.1/STM32CubeIDE/plugins/com.st.stm32cube.ide.mcu.externaltools.gnu-tools-for-stm32.11.3.rel1.win32_1.1.100.202309141235/tools/bin/../lib/gcc/arm-none-eabi/11.3.1/thumb/v7e-m+fp/hard\libgcc.a(_dvmd_tls.o)
                0x0000000008000cd4                __aeabi_idiv0
                0x0000000008000cd4                __aeabi_ldiv0
 *(.text*)
 .text.vApplicationGetIdleTaskMemory
                0x0000000008000cd8       0x34 ./Core/Src/freertos.o
                0x0000000008000cd8                vApplicationGetIdleTaskMemory
 .text.HAL_GPIO_EXTI_Callback
                0x0000000008000d0c       0x22 ./Core/Src/main.o
                0x0000000008000d0c                HAL_GPIO_EXTI_Callback
 .text.HAL_SPI_RxCpltCallback
                0x0000000008000d2e       0x16 ./Core/Src/main.o
                0x0000000008000d2e                HAL_SPI_RxCpltCallback
 .text.main     0x0000000008000d44       0x60 ./Core/Src/main.o
                0x0000000008000d44                main
 .text.SystemClock_Config
                0x0000000008000da4       0xd8 ./Core/Src/main.o
                0x0000000008000da4                SystemClock_Config
 .text.MX_DAC_Init
                0x0000000008000e7c       0x68 ./Core/Src/main.o
 .text.MX_SPI1_Init
                0x0000000008000ee4       0x6c ./Core/Src/main.o
 .text.MX_SPI2_Init
                0x0000000008000f50       0x6c ./Core/Src/main.o
 .text.MX_SPI3_Init
                0x0000000008000fbc       0x6c ./Core/Src/main.o
 .text.MX_SPI4_Init
                0x0000000008001028       0x6c ./Core/Src/main.o
 .text.MX_USART1_UART_Init
                0x0000000008001094       0x54 ./Core/Src/main.o
 .text.MX_DMA_Init
                0x00000000080010e8       0x7c ./Core/Src/main.o
 .text.MX_GPIO_Init
                0x0000000008001164      0x218 ./Core/Src/main.o
 .text.StartDefaultTask
                0x000000000800137c       0x1a ./Core/Src/main.o
                0x000000000800137c                StartDefaultTask
 *fill*         0x0000000008001396        0x2 
 .text.HAL_TIM_PeriodElapsedCallback
                0x0000000008001398       0x24 ./Core/Src/main.o
                0x0000000008001398                HAL_TIM_PeriodElapsedCallback
 .text.Error_Handler
                0x00000000080013bc        0xa ./Core/Src/main.o
                0x00000000080013bc                Error_Handler
 *fill*         0x00000000080013c6        0x2 
 .text.HAL_MspInit
                0x00000000080013c8       0x58 ./Core/Src/stm32f4xx_hal_msp.o
                0x00000000080013c8                HAL_MspInit
 .text.HAL_DAC_MspInit
                0x0000000008001420       0x88 ./Core/Src/stm32f4xx_hal_msp.o
                0x0000000008001420                HAL_DAC_MspInit
 .text.HAL_SPI_MspInit
                0x00000000080014a8      0x304 ./Core/Src/stm32f4xx_hal_msp.o
                0x00000000080014a8                HAL_SPI_MspInit
 .text.HAL_UART_MspInit
                0x00000000080017ac       0x90 ./Core/Src/stm32f4xx_hal_msp.o
                0x00000000080017ac                HAL_UART_MspInit
 .text.HAL_InitTick
                0x000000000800183c       0xe8 ./Core/Src/stm32f4xx_hal_timebase_tim.o
                0x000000000800183c                HAL_InitTick
 .text.NMI_Handler
                0x0000000008001924        0x6 ./Core/Src/stm32f4xx_it.o
                0x0000000008001924                NMI_Handler
 .text.HardFault_Handler
                0x000000000800192a        0x6 ./Core/Src/stm32f4xx_it.o
                0x000000000800192a                HardFault_Handler
 .text.MemManage_Handler
                0x0000000008001930        0x6 ./Core/Src/stm32f4xx_it.o
                0x0000000008001930                MemManage_Handler
 .text.BusFault_Handler
                0x0000000008001936        0x6 ./Core/Src/stm32f4xx_it.o
                0x0000000008001936                BusFault_Handler
 .text.UsageFault_Handler
                0x000000000800193c        0x6 ./Core/Src/stm32f4xx_it.o
                0x000000000800193c                UsageFault_Handler
 .text.DebugMon_Handler
                0x0000000008001942        0xe ./Core/Src/stm32f4xx_it.o
                0x0000000008001942                DebugMon_Handler
 .text.EXTI3_IRQHandler
                0x0000000008001950        0xe ./Core/Src/stm32f4xx_it.o
                0x0000000008001950                EXTI3_IRQHandler
 *fill*         0x000000000800195e        0x2 
 .text.DMA1_Stream0_IRQHandler
                0x0000000008001960       0x14 ./Core/Src/stm32f4xx_it.o
                0x0000000008001960                DMA1_Stream0_IRQHandler
 .text.DMA1_Stream3_IRQHandler
                0x0000000008001974       0x14 ./Core/Src/stm32f4xx_it.o
                0x0000000008001974                DMA1_Stream3_IRQHandler
 .text.EXTI9_5_IRQHandler
                0x0000000008001988       0x10 ./Core/Src/stm32f4xx_it.o
                0x0000000008001988                EXTI9_5_IRQHandler
 .text.TIM1_UP_TIM10_IRQHandler
                0x0000000008001998       0x14 ./Core/Src/stm32f4xx_it.o
                0x0000000008001998                TIM1_UP_TIM10_IRQHandler
 .text.EXTI15_10_IRQHandler
                0x00000000080019ac       0x10 ./Core/Src/stm32f4xx_it.o
                0x00000000080019ac                EXTI15_10_IRQHandler
 .text.DMA2_Stream0_IRQHandler
                0x00000000080019bc       0x14 ./Core/Src/stm32f4xx_it.o
                0x00000000080019bc                DMA2_Stream0_IRQHandler
 .text.SystemInit
                0x00000000080019d0       0x24 ./Core/Src/system_stm32f4xx.o
                0x00000000080019d0                SystemInit
 .text.delayUs  0x00000000080019f4       0x40 ./Core/Src/hv_task/ads1220.o
 *fill*         0x0000000008001a34        0x4 
 .text.ads1220_init
                0x0000000008001a38       0x90 ./Core/Src/hv_task/ads1220.o
                0x0000000008001a38                ads1220_init
 .text.ads1220_set_spi
                0x0000000008001ac8       0x1c ./Core/Src/hv_task/ads1220.o
                0x0000000008001ac8                ads1220_set_spi
 .text.ads1220_set_xdrdy
                0x0000000008001ae4       0x26 ./Core/Src/hv_task/ads1220.o
                0x0000000008001ae4                ads1220_set_xdrdy
 .text.ads1220_set_cs
                0x0000000008001b0a       0x26 ./Core/Src/hv_task/ads1220.o
                0x0000000008001b0a                ads1220_set_cs
 .text.ads1220_set_reference_voltage
                0x0000000008001b30       0x30 ./Core/Src/hv_task/ads1220.o
                0x0000000008001b30                ads1220_set_reference_voltage
 .text.ads1220_setup
                0x0000000008001b60       0xea ./Core/Src/hv_task/ads1220.o
                0x0000000008001b60                ads1220_setup
 .text.ads1220_update
                0x0000000008001c4a       0x22 ./Core/Src/hv_task/ads1220.o
                0x0000000008001c4a                ads1220_update
 .text.ads1220_get_output_A
                0x0000000008001c6c       0x18 ./Core/Src/hv_task/ads1220.o
                0x0000000008001c6c                ads1220_get_output_A
 .text.ads1220_get_output_B
                0x0000000008001c84       0x18 ./Core/Src/hv_task/ads1220.o
                0x0000000008001c84                ads1220_get_output_B
 .text.ads1220_get_output_temp
                0x0000000008001c9c       0x60 ./Core/Src/hv_task/ads1220.o
                0x0000000008001c9c                ads1220_get_output_temp
 .text.ads1220_get_xdrdy_pin
                0x0000000008001cfc       0x18 ./Core/Src/hv_task/ads1220.o
                0x0000000008001cfc                ads1220_get_xdrdy_pin
 .text.spi_command
                0x0000000008001d14       0x3c ./Core/Src/hv_task/ads1220.o
 .text.spi_select
                0x0000000008001d50       0x28 ./Core/Src/hv_task/ads1220.o
 .text.spi_deselect
                0x0000000008001d78       0x28 ./Core/Src/hv_task/ads1220.o
 .text.reset    0x0000000008001da0       0x24 ./Core/Src/hv_task/ads1220.o
 .text.comm_wreg
                0x0000000008001dc4       0x32 ./Core/Src/hv_task/ads1220.o
 .text.setup_reg0
                0x0000000008001df6       0x44 ./Core/Src/hv_task/ads1220.o
 .text.setup_reg1
                0x0000000008001e3a       0x58 ./Core/Src/hv_task/ads1220.o
 .text.setup_reg2
                0x0000000008001e92       0x4e ./Core/Src/hv_task/ads1220.o
 .text.setup_reg3
                0x0000000008001ee0       0x46 ./Core/Src/hv_task/ads1220.o
 .text.comm_startsync
                0x0000000008001f26       0x18 ./Core/Src/hv_task/ads1220.o
 *fill*         0x0000000008001f3e        0x2 
 .text.read_dout
                0x0000000008001f40      0x254 ./Core/Src/hv_task/ads1220.o
 .text.check_negative_24_to_32
                0x0000000008002194       0x2e ./Core/Src/hv_task/ads1220.o
 .text.get_complement_code_16bit
                0x00000000080021c2       0x5e ./Core/Src/hv_task/ads1220.o
 .text.hv_task_init
                0x0000000008002220      0x134 ./Core/Src/hv_task/hv_task.o
                0x0000000008002220                hv_task_init
 .text.hv_get_output_A
                0x0000000008002354       0x28 ./Core/Src/hv_task/hv_task.o
                0x0000000008002354                hv_get_output_A
 .text.hv_get_output_B
                0x000000000800237c       0x28 ./Core/Src/hv_task/hv_task.o
                0x000000000800237c                hv_get_output_B
 .text.hv_set_output_A
                0x00000000080023a4       0x48 ./Core/Src/hv_task/hv_task.o
                0x00000000080023a4                hv_set_output_A
 .text.hv_set_output_B
                0x00000000080023ec       0x48 ./Core/Src/hv_task/hv_task.o
                0x00000000080023ec                hv_set_output_B
 .text.hv_get_output_temp
                0x0000000008002434       0x20 ./Core/Src/hv_task/hv_task.o
                0x0000000008002434                hv_get_output_temp
 .text.hv_adc_xdrdy_callback
                0x0000000008002454       0x2c ./Core/Src/hv_task/hv_task.o
                0x0000000008002454                hv_adc_xdrdy_callback
 .text.delayUs  0x0000000008002480       0x40 ./Core/Src/signal_task/ads1246.o
 .text.ads1246_init
                0x00000000080024c0       0x88 ./Core/Src/signal_task/ads1246.o
                0x00000000080024c0                ads1246_init
 .text.ads1246_set_spi
                0x0000000008002548       0x1c ./Core/Src/signal_task/ads1246.o
                0x0000000008002548                ads1246_set_spi
 .text.ads1246_set_cs_pin
                0x0000000008002564       0x26 ./Core/Src/signal_task/ads1246.o
                0x0000000008002564                ads1246_set_cs_pin
 .text.ads1246_set_xdrdy_pin
                0x000000000800258a       0x26 ./Core/Src/signal_task/ads1246.o
                0x000000000800258a                ads1246_set_xdrdy_pin
 .text.ads1246_set_reference_voltage
                0x00000000080025b0       0x30 ./Core/Src/signal_task/ads1246.o
                0x00000000080025b0                ads1246_set_reference_voltage
 .text.ads1246_setup
                0x00000000080025e0       0x80 ./Core/Src/signal_task/ads1246.o
                0x00000000080025e0                ads1246_setup
 .text.ads1246_update
                0x0000000008002660       0x26 ./Core/Src/signal_task/ads1246.o
                0x0000000008002660                ads1246_update
 .text.ads1246_spi_dma_cplt
                0x0000000008002686       0x5a ./Core/Src/signal_task/ads1246.o
                0x0000000008002686                ads1246_spi_dma_cplt
 .text.ads1246_get_output
                0x00000000080026e0       0x18 ./Core/Src/signal_task/ads1246.o
                0x00000000080026e0                ads1246_get_output
 .text.ads1246_get_xdrdy_pin
                0x00000000080026f8       0x18 ./Core/Src/signal_task/ads1246.o
                0x00000000080026f8                ads1246_get_xdrdy_pin
 .text.spi_command
                0x0000000008002710       0x3c ./Core/Src/signal_task/ads1246.o
 .text.spi_select
                0x000000000800274c       0x28 ./Core/Src/signal_task/ads1246.o
 .text.spi_deselect
                0x0000000008002774       0x28 ./Core/Src/signal_task/ads1246.o
 .text.check_negative_24_to_32
                0x000000000800279c       0x2e ./Core/Src/signal_task/ads1246.o
 *fill*         0x00000000080027ca        0x6 
 .text.signal_task_init
                0x00000000080027d0       0xd0 ./Core/Src/signal_task/signal_task.o
                0x00000000080027d0                signal_task_init
 .text.signal_get_output_A
                0x00000000080028a0       0x14 ./Core/Src/signal_task/signal_task.o
                0x00000000080028a0                signal_get_output_A
 .text.signal_get_output_B
                0x00000000080028b4       0x14 ./Core/Src/signal_task/signal_task.o
                0x00000000080028b4                signal_get_output_B
 .text.signal_adc_xdrdy_callback
                0x00000000080028c8       0x48 ./Core/Src/signal_task/signal_task.o
                0x00000000080028c8                signal_adc_xdrdy_callback
 .text.signal_adc_spi_dma_callback
                0x0000000008002910       0x40 ./Core/Src/signal_task/signal_task.o
                0x0000000008002910                signal_adc_spi_dma_callback
 .text.socket   0x0000000008002950      0x228 ./Core/Src/w5500_task/socket.o
                0x0000000008002950                socket
 .text.close    0x0000000008002b78       0xdc ./Core/Src/w5500_task/socket.o
                0x0000000008002b78                close
 .text.listen   0x0000000008002c54       0xb2 ./Core/Src/w5500_task/socket.o
                0x0000000008002c54                listen
 *fill*         0x0000000008002d06        0x2 
 .text.disconnect
                0x0000000008002d08       0xec ./Core/Src/w5500_task/socket.o
                0x0000000008002d08                disconnect
 .text.send     0x0000000008002df4      0x1f4 ./Core/Src/w5500_task/socket.o
                0x0000000008002df4                send
 .text.recv     0x0000000008002fe8      0x16c ./Core/Src/w5500_task/socket.o
                0x0000000008002fe8                recv
 .text.tcp_server_rx_init
                0x0000000008003154       0x38 ./Core/Src/w5500_task/tcp_server_rx.o
                0x0000000008003154                tcp_server_rx_init
 .text.tcp_server_rx_get
                0x000000000800318c       0x14 ./Core/Src/w5500_task/tcp_server_rx.o
                0x000000000800318c                tcp_server_rx_get
 .text.tcp_server_rx_size
                0x00000000080031a0       0x10 ./Core/Src/w5500_task/tcp_server_rx.o
                0x00000000080031a0                tcp_server_rx_size
 .text.tcp_server_rx_handle
                0x00000000080031b0      0x138 ./Core/Src/w5500_task/tcp_server_rx.o
                0x00000000080031b0                tcp_server_rx_handle
 .text.tcp_server_tx_init
                0x00000000080032e8       0xbc ./Core/Src/w5500_task/tcp_server_tx.o
                0x00000000080032e8                tcp_server_tx_init
 .text.tcp_server_tx_get
                0x00000000080033a4       0x14 ./Core/Src/w5500_task/tcp_server_tx.o
                0x00000000080033a4                tcp_server_tx_get
 .text.tcp_server_tx_size
                0x00000000080033b8       0x10 ./Core/Src/w5500_task/tcp_server_tx.o
                0x00000000080033b8                tcp_server_tx_size
 .text.tcp_server_tx_update
                0x00000000080033c8      0x18c ./Core/Src/w5500_task/tcp_server_tx.o
                0x00000000080033c8                tcp_server_tx_update
 .text.tcp_server_tx_set_value
                0x0000000008003554       0x44 ./Core/Src/w5500_task/tcp_server_tx.o
 .text.WIZCHIP_READ
                0x0000000008003598       0x98 ./Core/Src/w5500_task/w5500.o
                0x0000000008003598                WIZCHIP_READ
 .text.WIZCHIP_WRITE
                0x0000000008003630       0x9c ./Core/Src/w5500_task/w5500.o
                0x0000000008003630                WIZCHIP_WRITE
 .text.WIZCHIP_READ_BUF
                0x00000000080036cc       0xc0 ./Core/Src/w5500_task/w5500.o
                0x00000000080036cc                WIZCHIP_READ_BUF
 .text.WIZCHIP_WRITE_BUF
                0x000000000800378c       0xc0 ./Core/Src/w5500_task/w5500.o
                0x000000000800378c                WIZCHIP_WRITE_BUF
 .text.getSn_TX_FSR
                0x000000000800384c       0x96 ./Core/Src/w5500_task/w5500.o
                0x000000000800384c                getSn_TX_FSR
 .text.getSn_RX_RSR
                0x00000000080038e2       0x96 ./Core/Src/w5500_task/w5500.o
                0x00000000080038e2                getSn_RX_RSR
 .text.wiz_send_data
                0x0000000008003978       0xb8 ./Core/Src/w5500_task/w5500.o
                0x0000000008003978                wiz_send_data
 .text.wiz_recv_data
                0x0000000008003a30       0xb8 ./Core/Src/w5500_task/w5500.o
                0x0000000008003a30                wiz_recv_data
 .text.w5500_task_init
                0x0000000008003ae8       0x58 ./Core/Src/w5500_task/w5500_task.o
                0x0000000008003ae8                w5500_task_init
 .text.w5500_task_loop
                0x0000000008003b40      0x108 ./Core/Src/w5500_task/w5500_task.o
                0x0000000008003b40                w5500_task_loop
 .text._status  0x0000000008003c48       0x24 ./Core/Src/w5500_task/w5500_task.o
 .text._socket  0x0000000008003c6c       0x34 ./Core/Src/w5500_task/w5500_task.o
 .text._listen  0x0000000008003ca0       0x28 ./Core/Src/w5500_task/w5500_task.o
 .text._disconnect
                0x0000000008003cc8       0x1c ./Core/Src/w5500_task/w5500_task.o
 .text._close   0x0000000008003ce4       0x1c ./Core/Src/w5500_task/w5500_task.o
 .text._delay   0x0000000008003d00       0x1c ./Core/Src/w5500_task/w5500_task.o
 .text._set_long_delay
                0x0000000008003d1c       0x30 ./Core/Src/w5500_task/w5500_task.o
 .text._set_short_delay
                0x0000000008003d4c       0x30 ./Core/Src/w5500_task/w5500_task.o
 .text._check_connected
                0x0000000008003d7c       0x40 ./Core/Src/w5500_task/w5500_task.o
 .text._receive
                0x0000000008003dbc       0x2c ./Core/Src/w5500_task/w5500_task.o
 .text._send    0x0000000008003de8       0x2c ./Core/Src/w5500_task/w5500_task.o
 .text.wizchip_cris_enter
                0x0000000008003e14        0xe ./Core/Src/w5500_task/wizchip_conf.o
                0x0000000008003e14                wizchip_cris_enter
 .text.wizchip_cris_exit
                0x0000000008003e22        0xe ./Core/Src/w5500_task/wizchip_conf.o
                0x0000000008003e22                wizchip_cris_exit
 .text.wizchip_cs_select
                0x0000000008003e30        0xe ./Core/Src/w5500_task/wizchip_conf.o
                0x0000000008003e30                wizchip_cs_select
 .text.wizchip_cs_deselect
                0x0000000008003e3e        0xe ./Core/Src/w5500_task/wizchip_conf.o
                0x0000000008003e3e                wizchip_cs_deselect
 .text.wizchip_bus_readdata
                0x0000000008003e4c       0x1a ./Core/Src/w5500_task/wizchip_conf.o
                0x0000000008003e4c                wizchip_bus_readdata
 .text.wizchip_bus_writedata
                0x0000000008003e66       0x1e ./Core/Src/w5500_task/wizchip_conf.o
                0x0000000008003e66                wizchip_bus_writedata
 .text.wizchip_spi_readbyte
                0x0000000008003e84       0x10 ./Core/Src/w5500_task/wizchip_conf.o
                0x0000000008003e84                wizchip_spi_readbyte
 .text.wizchip_spi_writebyte
                0x0000000008003e94       0x16 ./Core/Src/w5500_task/wizchip_conf.o
                0x0000000008003e94                wizchip_spi_writebyte
 .text.wizchip_spi_readburst
                0x0000000008003eaa       0x18 ./Core/Src/w5500_task/wizchip_conf.o
                0x0000000008003eaa                wizchip_spi_readburst
 .text.wizchip_spi_writeburst
                0x0000000008003ec2       0x18 ./Core/Src/w5500_task/wizchip_conf.o
                0x0000000008003ec2                wizchip_spi_writeburst
 *fill*         0x0000000008003eda        0x2 
 .text.reg_wizchip_cs_cbfunc
                0x0000000008003edc       0x4c ./Core/Src/w5500_task/wizchip_conf.o
                0x0000000008003edc                reg_wizchip_cs_cbfunc
 .text.reg_wizchip_spi_cbfunc
                0x0000000008003f28       0x58 ./Core/Src/w5500_task/wizchip_conf.o
                0x0000000008003f28                reg_wizchip_spi_cbfunc
 .text.reg_wizchip_spiburst_cbfunc
                0x0000000008003f80       0x58 ./Core/Src/w5500_task/wizchip_conf.o
                0x0000000008003f80                reg_wizchip_spiburst_cbfunc
 .text.ctlnetwork
                0x0000000008003fd8       0x7c ./Core/Src/w5500_task/wizchip_conf.o
                0x0000000008003fd8                ctlnetwork
 .text.wizchip_sw_reset
                0x0000000008004054       0x98 ./Core/Src/w5500_task/wizchip_conf.o
                0x0000000008004054                wizchip_sw_reset
 .text.wizchip_init
                0x00000000080040ec      0x118 ./Core/Src/w5500_task/wizchip_conf.o
                0x00000000080040ec                wizchip_init
 .text.wizchip_setnetinfo
                0x0000000008004204       0x80 ./Core/Src/w5500_task/wizchip_conf.o
                0x0000000008004204                wizchip_setnetinfo
 .text.wizchip_getnetinfo
                0x0000000008004284       0x80 ./Core/Src/w5500_task/wizchip_conf.o
                0x0000000008004284                wizchip_getnetinfo
 .text.wizchip_setnetmode
                0x0000000008004304       0x44 ./Core/Src/w5500_task/wizchip_conf.o
                0x0000000008004304                wizchip_setnetmode
 .text.wizchip_getnetmode
                0x0000000008004348       0x10 ./Core/Src/w5500_task/wizchip_conf.o
                0x0000000008004348                wizchip_getnetmode
 .text.wizchip_settimeout
                0x0000000008004358       0x42 ./Core/Src/w5500_task/wizchip_conf.o
                0x0000000008004358                wizchip_settimeout
 .text.wizchip_gettimeout
                0x000000000800439a       0x44 ./Core/Src/w5500_task/wizchip_conf.o
                0x000000000800439a                wizchip_gettimeout
 *fill*         0x00000000080043de        0x2 
 .text.W5500_Select
                0x00000000080043e0       0x18 ./Core/Src/w5500_task/wiznet_api.o
                0x00000000080043e0                W5500_Select
 .text.W5500_Deselect
                0x00000000080043f8       0x18 ./Core/Src/w5500_task/wiznet_api.o
                0x00000000080043f8                W5500_Deselect
 .text.W5500_ReadBuff
                0x0000000008004410       0x28 ./Core/Src/w5500_task/wiznet_api.o
                0x0000000008004410                W5500_ReadBuff
 .text.W5500_WriteBuff
                0x0000000008004438       0x28 ./Core/Src/w5500_task/wiznet_api.o
                0x0000000008004438                W5500_WriteBuff
 .text.W5500_ReadByte
                0x0000000008004460       0x1a ./Core/Src/w5500_task/wiznet_api.o
                0x0000000008004460                W5500_ReadByte
 .text.W5500_WriteByte
                0x000000000800447a       0x1c ./Core/Src/w5500_task/wiznet_api.o
                0x000000000800447a                W5500_WriteByte
 *fill*         0x0000000008004496        0x2 
 .text.W5500_Init
                0x0000000008004498      0x11c ./Core/Src/w5500_task/wiznet_api.o
                0x0000000008004498                W5500_Init
 .text.Reset_Handler
                0x00000000080045b4       0x50 ./Core/Startup/startup_stm32f429zgtx.o
                0x00000000080045b4                Reset_Handler
 .text.Default_Handler
                0x0000000008004604        0x2 ./Core/Startup/startup_stm32f429zgtx.o
                0x0000000008004604                RTC_Alarm_IRQHandler
                0x0000000008004604                HASH_RNG_IRQHandler
                0x0000000008004604                EXTI2_IRQHandler
                0x0000000008004604                TIM8_CC_IRQHandler
                0x0000000008004604                UART8_IRQHandler
                0x0000000008004604                SPI4_IRQHandler
                0x0000000008004604                TIM1_CC_IRQHandler
                0x0000000008004604                DMA2_Stream5_IRQHandler
                0x0000000008004604                DMA1_Stream5_IRQHandler
                0x0000000008004604                PVD_IRQHandler
                0x0000000008004604                SDIO_IRQHandler
                0x0000000008004604                TAMP_STAMP_IRQHandler
                0x0000000008004604                CAN2_RX1_IRQHandler
                0x0000000008004604                TIM8_TRG_COM_TIM14_IRQHandler
                0x0000000008004604                TIM8_UP_TIM13_IRQHandler
                0x0000000008004604                I2C3_ER_IRQHandler
                0x0000000008004604                EXTI0_IRQHandler
                0x0000000008004604                I2C2_EV_IRQHandler
                0x0000000008004604                DMA1_Stream2_IRQHandler
                0x0000000008004604                CAN1_RX0_IRQHandler
                0x0000000008004604                FPU_IRQHandler
                0x0000000008004604                OTG_HS_WKUP_IRQHandler
                0x0000000008004604                LTDC_ER_IRQHandler
                0x0000000008004604                CAN2_SCE_IRQHandler
                0x0000000008004604                DMA2_Stream2_IRQHandler
                0x0000000008004604                SPI1_IRQHandler
                0x0000000008004604                TIM6_DAC_IRQHandler
                0x0000000008004604                TIM1_BRK_TIM9_IRQHandler
                0x0000000008004604                DCMI_IRQHandler
                0x0000000008004604                CAN2_RX0_IRQHandler
                0x0000000008004604                DMA2_Stream3_IRQHandler
                0x0000000008004604                USART6_IRQHandler
                0x0000000008004604                USART3_IRQHandler
                0x0000000008004604                CAN1_RX1_IRQHandler
                0x0000000008004604                UART5_IRQHandler
                0x0000000008004604                TIM4_IRQHandler
                0x0000000008004604                I2C1_EV_IRQHandler
                0x0000000008004604                DMA1_Stream6_IRQHandler
                0x0000000008004604                DMA1_Stream1_IRQHandler
                0x0000000008004604                UART4_IRQHandler
                0x0000000008004604                TIM3_IRQHandler
                0x0000000008004604                RCC_IRQHandler
                0x0000000008004604                TIM8_BRK_TIM12_IRQHandler
                0x0000000008004604                Default_Handler
                0x0000000008004604                ADC_IRQHandler
                0x0000000008004604                DMA1_Stream7_IRQHandler
                0x0000000008004604                SPI5_IRQHandler
                0x0000000008004604                TIM7_IRQHandler
                0x0000000008004604                CAN2_TX_IRQHandler
                0x0000000008004604                TIM5_IRQHandler
                0x0000000008004604                DMA2_Stream7_IRQHandler
                0x0000000008004604                I2C3_EV_IRQHandler
                0x0000000008004604                RTC_WKUP_IRQHandler
                0x0000000008004604                LTDC_IRQHandler
                0x0000000008004604                ETH_WKUP_IRQHandler
                0x0000000008004604                SPI2_IRQHandler
                0x0000000008004604                OTG_HS_EP1_IN_IRQHandler
                0x0000000008004604                CAN1_TX_IRQHandler
                0x0000000008004604                EXTI4_IRQHandler
                0x0000000008004604                ETH_IRQHandler
                0x0000000008004604                OTG_HS_EP1_OUT_IRQHandler
                0x0000000008004604                WWDG_IRQHandler
                0x0000000008004604                SPI6_IRQHandler
                0x0000000008004604                TIM2_IRQHandler
                0x0000000008004604                OTG_FS_WKUP_IRQHandler
                0x0000000008004604                TIM1_TRG_COM_TIM11_IRQHandler
                0x0000000008004604                OTG_HS_IRQHandler
                0x0000000008004604                DMA2D_IRQHandler
                0x0000000008004604                EXTI1_IRQHandler
                0x0000000008004604                UART7_IRQHandler
                0x0000000008004604                USART2_IRQHandler
                0x0000000008004604                I2C2_ER_IRQHandler
                0x0000000008004604                DMA2_Stream1_IRQHandler
                0x0000000008004604                CAN1_SCE_IRQHandler
                0x0000000008004604                FLASH_IRQHandler
                0x0000000008004604                DMA2_Stream4_IRQHandler
                0x0000000008004604                USART1_IRQHandler
                0x0000000008004604                OTG_FS_IRQHandler
                0x0000000008004604                SPI3_IRQHandler
                0x0000000008004604                DMA1_Stream4_IRQHandler
                0x0000000008004604                I2C1_ER_IRQHandler
                0x0000000008004604                FMC_IRQHandler
                0x0000000008004604                DMA2_Stream6_IRQHandler
                0x0000000008004604                SAI1_IRQHandler
 *fill*         0x0000000008004606        0x2 
 .text.HAL_Init
                0x0000000008004608       0x44 ./Drivers/STM32F4xx_HAL_Driver/Src/stm32f4xx_hal.o
                0x0000000008004608                HAL_Init
 .text.HAL_IncTick
                0x000000000800464c       0x28 ./Drivers/STM32F4xx_HAL_Driver/Src/stm32f4xx_hal.o
                0x000000000800464c                HAL_IncTick
 .text.HAL_GetTick
                0x0000000008004674       0x18 ./Drivers/STM32F4xx_HAL_Driver/Src/stm32f4xx_hal.o
                0x0000000008004674                HAL_GetTick
 .text.HAL_Delay
                0x000000000800468c       0x48 ./Drivers/STM32F4xx_HAL_Driver/Src/stm32f4xx_hal.o
                0x000000000800468c                HAL_Delay
 .text.__NVIC_SetPriorityGrouping
                0x00000000080046d4       0x48 ./Drivers/STM32F4xx_HAL_Driver/Src/stm32f4xx_hal_cortex.o
 .text.__NVIC_GetPriorityGrouping
                0x000000000800471c       0x1c ./Drivers/STM32F4xx_HAL_Driver/Src/stm32f4xx_hal_cortex.o
 .text.__NVIC_EnableIRQ
                0x0000000008004738       0x3c ./Drivers/STM32F4xx_HAL_Driver/Src/stm32f4xx_hal_cortex.o
 .text.__NVIC_DisableIRQ
                0x0000000008004774       0x48 ./Drivers/STM32F4xx_HAL_Driver/Src/stm32f4xx_hal_cortex.o
 .text.__NVIC_SetPriority
                0x00000000080047bc       0x54 ./Drivers/STM32F4xx_HAL_Driver/Src/stm32f4xx_hal_cortex.o
 .text.NVIC_EncodePriority
                0x0000000008004810       0x66 ./Drivers/STM32F4xx_HAL_Driver/Src/stm32f4xx_hal_cortex.o
 .text.HAL_NVIC_SetPriorityGrouping
                0x0000000008004876       0x16 ./Drivers/STM32F4xx_HAL_Driver/Src/stm32f4xx_hal_cortex.o
                0x0000000008004876                HAL_NVIC_SetPriorityGrouping
 .text.HAL_NVIC_SetPriority
                0x000000000800488c       0x38 ./Drivers/STM32F4xx_HAL_Driver/Src/stm32f4xx_hal_cortex.o
                0x000000000800488c                HAL_NVIC_SetPriority
 .text.HAL_NVIC_EnableIRQ
                0x00000000080048c4       0x1c ./Drivers/STM32F4xx_HAL_Driver/Src/stm32f4xx_hal_cortex.o
                0x00000000080048c4                HAL_NVIC_EnableIRQ
 .text.HAL_NVIC_DisableIRQ
                0x00000000080048e0       0x1c ./Drivers/STM32F4xx_HAL_Driver/Src/stm32f4xx_hal_cortex.o
                0x00000000080048e0                HAL_NVIC_DisableIRQ
 .text.HAL_DAC_Init
                0x00000000080048fc       0x44 ./Drivers/STM32F4xx_HAL_Driver/Src/stm32f4xx_hal_dac.o
                0x00000000080048fc                HAL_DAC_Init
 .text.HAL_DAC_Start
                0x0000000008004940       0xae ./Drivers/STM32F4xx_HAL_Driver/Src/stm32f4xx_hal_dac.o
                0x0000000008004940                HAL_DAC_Start
 .text.HAL_DAC_SetValue
                0x00000000080049ee       0x54 ./Drivers/STM32F4xx_HAL_Driver/Src/stm32f4xx_hal_dac.o
                0x00000000080049ee                HAL_DAC_SetValue
 .text.HAL_DAC_ConfigChannel
                0x0000000008004a42       0xb2 ./Drivers/STM32F4xx_HAL_Driver/Src/stm32f4xx_hal_dac.o
                0x0000000008004a42                HAL_DAC_ConfigChannel
 .text.HAL_DMA_Init
                0x0000000008004af4      0x15c ./Drivers/STM32F4xx_HAL_Driver/Src/stm32f4xx_hal_dma.o
                0x0000000008004af4                HAL_DMA_Init
 .text.HAL_DMA_Start_IT
                0x0000000008004c50       0xb0 ./Drivers/STM32F4xx_HAL_Driver/Src/stm32f4xx_hal_dma.o
                0x0000000008004c50                HAL_DMA_Start_IT
 .text.HAL_DMA_IRQHandler
                0x0000000008004d00      0x314 ./Drivers/STM32F4xx_HAL_Driver/Src/stm32f4xx_hal_dma.o
                0x0000000008004d00                HAL_DMA_IRQHandler
 .text.DMA_SetConfig
                0x0000000008005014       0x5c ./Drivers/STM32F4xx_HAL_Driver/Src/stm32f4xx_hal_dma.o
 .text.DMA_CalcBaseAndBitshift
                0x0000000008005070       0x6c ./Drivers/STM32F4xx_HAL_Driver/Src/stm32f4xx_hal_dma.o
 .text.DMA_CheckFifoParam
                0x00000000080050dc       0xf8 ./Drivers/STM32F4xx_HAL_Driver/Src/stm32f4xx_hal_dma.o
 .text.HAL_GPIO_Init
                0x00000000080051d4      0x358 ./Drivers/STM32F4xx_HAL_Driver/Src/stm32f4xx_hal_gpio.o
                0x00000000080051d4                HAL_GPIO_Init
 .text.HAL_GPIO_ReadPin
                0x000000000800552c       0x30 ./Drivers/STM32F4xx_HAL_Driver/Src/stm32f4xx_hal_gpio.o
                0x000000000800552c                HAL_GPIO_ReadPin
 .text.HAL_GPIO_WritePin
                0x000000000800555c       0x32 ./Drivers/STM32F4xx_HAL_Driver/Src/stm32f4xx_hal_gpio.o
                0x000000000800555c                HAL_GPIO_WritePin
 *fill*         0x000000000800558e        0x2 
 .text.HAL_GPIO_EXTI_IRQHandler
                0x0000000008005590       0x30 ./Drivers/STM32F4xx_HAL_Driver/Src/stm32f4xx_hal_gpio.o
                0x0000000008005590                HAL_GPIO_EXTI_IRQHandler
 .text.HAL_RCC_OscConfig
                0x00000000080055c0      0x4f0 ./Drivers/STM32F4xx_HAL_Driver/Src/stm32f4xx_hal_rcc.o
                0x00000000080055c0                HAL_RCC_OscConfig
 .text.HAL_RCC_ClockConfig
                0x0000000008005ab0      0x1cc ./Drivers/STM32F4xx_HAL_Driver/Src/stm32f4xx_hal_rcc.o
                0x0000000008005ab0                HAL_RCC_ClockConfig
 .text.HAL_RCC_GetSysClockFreq
                0x0000000008005c7c      0x18c ./Drivers/STM32F4xx_HAL_Driver/Src/stm32f4xx_hal_rcc.o
                0x0000000008005c7c                HAL_RCC_GetSysClockFreq
 .text.HAL_RCC_GetHCLKFreq
                0x0000000008005e08       0x18 ./Drivers/STM32F4xx_HAL_Driver/Src/stm32f4xx_hal_rcc.o
                0x0000000008005e08                HAL_RCC_GetHCLKFreq
 .text.HAL_RCC_GetPCLK1Freq
                0x0000000008005e20       0x28 ./Drivers/STM32F4xx_HAL_Driver/Src/stm32f4xx_hal_rcc.o
                0x0000000008005e20                HAL_RCC_GetPCLK1Freq
 .text.HAL_RCC_GetPCLK2Freq
                0x0000000008005e48       0x28 ./Drivers/STM32F4xx_HAL_Driver/Src/stm32f4xx_hal_rcc.o
                0x0000000008005e48                HAL_RCC_GetPCLK2Freq
 .text.HAL_RCC_GetClockConfig
                0x0000000008005e70       0x64 ./Drivers/STM32F4xx_HAL_Driver/Src/stm32f4xx_hal_rcc.o
                0x0000000008005e70                HAL_RCC_GetClockConfig
 .text.HAL_SPI_Init
                0x0000000008005ed4      0x112 ./Drivers/STM32F4xx_HAL_Driver/Src/stm32f4xx_hal_spi.o
                0x0000000008005ed4                HAL_SPI_Init
 .text.HAL_SPI_Transmit
                0x0000000008005fe6      0x286 ./Drivers/STM32F4xx_HAL_Driver/Src/stm32f4xx_hal_spi.o
                0x0000000008005fe6                HAL_SPI_Transmit
 .text.HAL_SPI_Receive
                0x000000000800626c      0x230 ./Drivers/STM32F4xx_HAL_Driver/Src/stm32f4xx_hal_spi.o
                0x000000000800626c                HAL_SPI_Receive
 .text.HAL_SPI_TransmitReceive
                0x000000000800649c      0x360 ./Drivers/STM32F4xx_HAL_Driver/Src/stm32f4xx_hal_spi.o
                0x000000000800649c                HAL_SPI_TransmitReceive
 .text.HAL_SPI_Receive_DMA
                0x00000000080067fc      0x188 ./Drivers/STM32F4xx_HAL_Driver/Src/stm32f4xx_hal_spi.o
                0x00000000080067fc                HAL_SPI_Receive_DMA
 .text.HAL_SPI_TransmitReceive_DMA
                0x0000000008006984      0x1f4 ./Drivers/STM32F4xx_HAL_Driver/Src/stm32f4xx_hal_spi.o
                0x0000000008006984                HAL_SPI_TransmitReceive_DMA
 .text.HAL_SPI_TxRxCpltCallback
                0x0000000008006b78       0x14 ./Drivers/STM32F4xx_HAL_Driver/Src/stm32f4xx_hal_spi.o
                0x0000000008006b78                HAL_SPI_TxRxCpltCallback
 .text.HAL_SPI_RxHalfCpltCallback
                0x0000000008006b8c       0x14 ./Drivers/STM32F4xx_HAL_Driver/Src/stm32f4xx_hal_spi.o
                0x0000000008006b8c                HAL_SPI_RxHalfCpltCallback
 .text.HAL_SPI_TxRxHalfCpltCallback
                0x0000000008006ba0       0x14 ./Drivers/STM32F4xx_HAL_Driver/Src/stm32f4xx_hal_spi.o
                0x0000000008006ba0                HAL_SPI_TxRxHalfCpltCallback
 .text.HAL_SPI_ErrorCallback
                0x0000000008006bb4       0x14 ./Drivers/STM32F4xx_HAL_Driver/Src/stm32f4xx_hal_spi.o
                0x0000000008006bb4                HAL_SPI_ErrorCallback
 .text.HAL_SPI_GetState
                0x0000000008006bc8       0x1c ./Drivers/STM32F4xx_HAL_Driver/Src/stm32f4xx_hal_spi.o
                0x0000000008006bc8                HAL_SPI_GetState
 .text.SPI_DMAReceiveCplt
                0x0000000008006be4       0xa8 ./Drivers/STM32F4xx_HAL_Driver/Src/stm32f4xx_hal_spi.o
 .text.SPI_DMATransmitReceiveCplt
                0x0000000008006c8c       0x90 ./Drivers/STM32F4xx_HAL_Driver/Src/stm32f4xx_hal_spi.o
 .text.SPI_DMAHalfReceiveCplt
                0x0000000008006d1c       0x1c ./Drivers/STM32F4xx_HAL_Driver/Src/stm32f4xx_hal_spi.o
 .text.SPI_DMAHalfTransmitReceiveCplt
                0x0000000008006d38       0x1c ./Drivers/STM32F4xx_HAL_Driver/Src/stm32f4xx_hal_spi.o
 .text.SPI_DMAError
                0x0000000008006d54       0x40 ./Drivers/STM32F4xx_HAL_Driver/Src/stm32f4xx_hal_spi.o
 .text.SPI_WaitFlagStateUntilTimeout
                0x0000000008006d94      0x110 ./Drivers/STM32F4xx_HAL_Driver/Src/stm32f4xx_hal_spi.o
 .text.SPI_EndRxTransaction
                0x0000000008006ea4       0xca ./Drivers/STM32F4xx_HAL_Driver/Src/stm32f4xx_hal_spi.o
 *fill*         0x0000000008006f6e        0x2 
 .text.SPI_EndRxTxTransaction
                0x0000000008006f70       0xa8 ./Drivers/STM32F4xx_HAL_Driver/Src/stm32f4xx_hal_spi.o
 .text.HAL_TIM_Base_Init
                0x0000000008007018       0x9e ./Drivers/STM32F4xx_HAL_Driver/Src/stm32f4xx_hal_tim.o
                0x0000000008007018                HAL_TIM_Base_Init
 .text.HAL_TIM_Base_MspInit
                0x00000000080070b6       0x14 ./Drivers/STM32F4xx_HAL_Driver/Src/stm32f4xx_hal_tim.o
                0x00000000080070b6                HAL_TIM_Base_MspInit
 *fill*         0x00000000080070ca        0x2 
 .text.HAL_TIM_Base_Start_IT
                0x00000000080070cc       0xe0 ./Drivers/STM32F4xx_HAL_Driver/Src/stm32f4xx_hal_tim.o
                0x00000000080070cc                HAL_TIM_Base_Start_IT
 .text.HAL_TIM_IRQHandler
                0x00000000080071ac      0x1e0 ./Drivers/STM32F4xx_HAL_Driver/Src/stm32f4xx_hal_tim.o
                0x00000000080071ac                HAL_TIM_IRQHandler
 .text.HAL_TIM_OC_DelayElapsedCallback
                0x000000000800738c       0x14 ./Drivers/STM32F4xx_HAL_Driver/Src/stm32f4xx_hal_tim.o
                0x000000000800738c                HAL_TIM_OC_DelayElapsedCallback
 .text.HAL_TIM_IC_CaptureCallback
                0x00000000080073a0       0x14 ./Drivers/STM32F4xx_HAL_Driver/Src/stm32f4xx_hal_tim.o
                0x00000000080073a0                HAL_TIM_IC_CaptureCallback
 .text.HAL_TIM_PWM_PulseFinishedCallback
                0x00000000080073b4       0x14 ./Drivers/STM32F4xx_HAL_Driver/Src/stm32f4xx_hal_tim.o
                0x00000000080073b4                HAL_TIM_PWM_PulseFinishedCallback
 .text.HAL_TIM_TriggerCallback
                0x00000000080073c8       0x14 ./Drivers/STM32F4xx_HAL_Driver/Src/stm32f4xx_hal_tim.o
                0x00000000080073c8                HAL_TIM_TriggerCallback
 .text.TIM_Base_SetConfig
                0x00000000080073dc      0x158 ./Drivers/STM32F4xx_HAL_Driver/Src/stm32f4xx_hal_tim.o
                0x00000000080073dc                TIM_Base_SetConfig
 .text.HAL_TIMEx_CommutCallback
                0x0000000008007534       0x14 ./Drivers/STM32F4xx_HAL_Driver/Src/stm32f4xx_hal_tim_ex.o
                0x0000000008007534                HAL_TIMEx_CommutCallback
 .text.HAL_TIMEx_BreakCallback
                0x0000000008007548       0x14 ./Drivers/STM32F4xx_HAL_Driver/Src/stm32f4xx_hal_tim_ex.o
                0x0000000008007548                HAL_TIMEx_BreakCallback
 .text.HAL_UART_Init
                0x000000000800755c       0xa0 ./Drivers/STM32F4xx_HAL_Driver/Src/stm32f4xx_hal_uart.o
                0x000000000800755c                HAL_UART_Init
 .text.UART_SetConfig
                0x00000000080075fc      0x4e8 ./Drivers/STM32F4xx_HAL_Driver/Src/stm32f4xx_hal_uart.o
 .text.makeFreeRtosPriority
                0x0000000008007ae4       0x30 ./Middlewares/Third_Party/FreeRTOS/Source/CMSIS_RTOS/cmsis_os.o
 .text.osKernelStart
                0x0000000008007b14        0xe ./Middlewares/Third_Party/FreeRTOS/Source/CMSIS_RTOS/cmsis_os.o
                0x0000000008007b14                osKernelStart
 .text.osThreadCreate
                0x0000000008007b22       0x98 ./Middlewares/Third_Party/FreeRTOS/Source/CMSIS_RTOS/cmsis_os.o
                0x0000000008007b22                osThreadCreate
 .text.vListInitialise
                0x0000000008007bba       0x40 ./Middlewares/Third_Party/FreeRTOS/Source/list.o
                0x0000000008007bba                vListInitialise
 .text.vListInitialiseItem
                0x0000000008007bfa       0x1a ./Middlewares/Third_Party/FreeRTOS/Source/list.o
                0x0000000008007bfa                vListInitialiseItem
 .text.vListInsertEnd
                0x0000000008007c14       0x48 ./Middlewares/Third_Party/FreeRTOS/Source/list.o
                0x0000000008007c14                vListInsertEnd
 .text.vListInsert
                0x0000000008007c5c       0x72 ./Middlewares/Third_Party/FreeRTOS/Source/list.o
                0x0000000008007c5c                vListInsert
 .text.uxListRemove
                0x0000000008007cce       0x54 ./Middlewares/Third_Party/FreeRTOS/Source/list.o
                0x0000000008007cce                uxListRemove
 .text.xTaskCreateStatic
                0x0000000008007d22       0xba ./Middlewares/Third_Party/FreeRTOS/Source/tasks.o
                0x0000000008007d22                xTaskCreateStatic
 .text.xTaskCreate
                0x0000000008007ddc       0x8a ./Middlewares/Third_Party/FreeRTOS/Source/tasks.o
                0x0000000008007ddc                xTaskCreate
 *fill*         0x0000000008007e66        0x2 
 .text.prvInitialiseNewTask
                0x0000000008007e68      0x13c ./Middlewares/Third_Party/FreeRTOS/Source/tasks.o
 .text.prvAddNewTaskToReadyList
                0x0000000008007fa4       0xd4 ./Middlewares/Third_Party/FreeRTOS/Source/tasks.o
 .text.vTaskDelayUntil
                0x0000000008008078       0xfc ./Middlewares/Third_Party/FreeRTOS/Source/tasks.o
                0x0000000008008078                vTaskDelayUntil
 .text.vTaskStartScheduler
                0x0000000008008174       0xd4 ./Middlewares/Third_Party/FreeRTOS/Source/tasks.o
                0x0000000008008174                vTaskStartScheduler
 .text.vTaskSuspendAll
                0x0000000008008248       0x1c ./Middlewares/Third_Party/FreeRTOS/Source/tasks.o
                0x0000000008008248                vTaskSuspendAll
 .text.xTaskResumeAll
                0x0000000008008264      0x138 ./Middlewares/Third_Party/FreeRTOS/Source/tasks.o
                0x0000000008008264                xTaskResumeAll
 .text.xTaskIncrementTick
                0x000000000800839c      0x170 ./Middlewares/Third_Party/FreeRTOS/Source/tasks.o
                0x000000000800839c                xTaskIncrementTick
 .text.vTaskSwitchContext
                0x000000000800850c       0xc4 ./Middlewares/Third_Party/FreeRTOS/Source/tasks.o
                0x000000000800850c                vTaskSwitchContext
 .text.prvIdleTask
                0x00000000080085d0       0x30 ./Middlewares/Third_Party/FreeRTOS/Source/tasks.o
 .text.prvInitialiseTaskLists
                0x0000000008008600       0x80 ./Middlewares/Third_Party/FreeRTOS/Source/tasks.o
 .text.prvCheckTasksWaitingTermination
                0x0000000008008680       0x5c ./Middlewares/Third_Party/FreeRTOS/Source/tasks.o
 .text.prvDeleteTCB
                0x00000000080086dc       0x68 ./Middlewares/Third_Party/FreeRTOS/Source/tasks.o
 .text.prvResetNextTaskUnblockTime
                0x0000000008008744       0x40 ./Middlewares/Third_Party/FreeRTOS/Source/tasks.o
 .text.prvAddCurrentTaskToDelayedList
                0x0000000008008784       0xcc ./Middlewares/Third_Party/FreeRTOS/Source/tasks.o
 .text.pxPortInitialiseStack
                0x0000000008008850       0x68 ./Middlewares/Third_Party/FreeRTOS/Source/portable/GCC/ARM_CM4F/port.o
                0x0000000008008850                pxPortInitialiseStack
 .text.prvTaskExitError
                0x00000000080088b8       0x58 ./Middlewares/Third_Party/FreeRTOS/Source/portable/GCC/ARM_CM4F/port.o
 .text.SVC_Handler
                0x0000000008008910       0x28 ./Middlewares/Third_Party/FreeRTOS/Source/portable/GCC/ARM_CM4F/port.o
                0x0000000008008910                SVC_Handler
 .text.prvPortStartFirstTask
                0x0000000008008938       0x28 ./Middlewares/Third_Party/FreeRTOS/Source/portable/GCC/ARM_CM4F/port.o
 .text.xPortStartScheduler
                0x0000000008008960      0x144 ./Middlewares/Third_Party/FreeRTOS/Source/portable/GCC/ARM_CM4F/port.o
                0x0000000008008960                xPortStartScheduler
 .text.vPortEnterCritical
                0x0000000008008aa4       0x60 ./Middlewares/Third_Party/FreeRTOS/Source/portable/GCC/ARM_CM4F/port.o
                0x0000000008008aa4                vPortEnterCritical
 .text.vPortExitCritical
                0x0000000008008b04       0x54 ./Middlewares/Third_Party/FreeRTOS/Source/portable/GCC/ARM_CM4F/port.o
                0x0000000008008b04                vPortExitCritical
 *fill*         0x0000000008008b58        0x8 
 .text.PendSV_Handler
                0x0000000008008b60       0x68 ./Middlewares/Third_Party/FreeRTOS/Source/portable/GCC/ARM_CM4F/port.o
                0x0000000008008b60                PendSV_Handler
 .text.SysTick_Handler
                0x0000000008008bc8       0x44 ./Middlewares/Third_Party/FreeRTOS/Source/portable/GCC/ARM_CM4F/port.o
                0x0000000008008bc8                SysTick_Handler
 .text.vPortSetupTimerInterrupt
                0x0000000008008c0c       0x48 ./Middlewares/Third_Party/FreeRTOS/Source/portable/GCC/ARM_CM4F/port.o
                0x0000000008008c0c                vPortSetupTimerInterrupt
 .text.vPortEnableVFP
                0x0000000008008c54       0x14 ./Middlewares/Third_Party/FreeRTOS/Source/portable/GCC/ARM_CM4F/port.o
 .text.pvPortMalloc
                0x0000000008008c68      0x198 ./Middlewares/Third_Party/FreeRTOS/Source/portable/MemMang/heap_4.o
                0x0000000008008c68                pvPortMalloc
 .text.vPortFree
                0x0000000008008e00       0xc4 ./Middlewares/Third_Party/FreeRTOS/Source/portable/MemMang/heap_4.o
                0x0000000008008e00                vPortFree
 .text.prvHeapInit
                0x0000000008008ec4       0xc4 ./Middlewares/Third_Party/FreeRTOS/Source/portable/MemMang/heap_4.o
 .text.prvInsertBlockIntoFreeList
                0x0000000008008f88       0xb4 ./Middlewares/Third_Party/FreeRTOS/Source/portable/MemMang/heap_4.o
 .text.memset   0x000000000800903c       0x10 F:/Soft/STM32CubeIDE_1.14.1/STM32CubeIDE/plugins/com.st.stm32cube.ide.mcu.externaltools.gnu-tools-for-stm32.11.3.rel1.win32_1.1.100.202309141235/tools/bin/../lib/gcc/arm-none-eabi/11.3.1/../../../../arm-none-eabi/lib/thumb/v7e-m+fp/hard\libc_nano.a(libc_a-memset.o)
                0x000000000800903c                memset
 .text._reclaim_reent
                0x000000000800904c       0xac F:/Soft/STM32CubeIDE_1.14.1/STM32CubeIDE/plugins/com.st.stm32cube.ide.mcu.externaltools.gnu-tools-for-stm32.11.3.rel1.win32_1.1.100.202309141235/tools/bin/../lib/gcc/arm-none-eabi/11.3.1/../../../../arm-none-eabi/lib/thumb/v7e-m+fp/hard\libc_nano.a(libc_a-reent.o)
                0x000000000800904c                _reclaim_reent
 .text.__libc_init_array
                0x00000000080090f8       0x48 F:/Soft/STM32CubeIDE_1.14.1/STM32CubeIDE/plugins/com.st.stm32cube.ide.mcu.externaltools.gnu-tools-for-stm32.11.3.rel1.win32_1.1.100.202309141235/tools/bin/../lib/gcc/arm-none-eabi/11.3.1/../../../../arm-none-eabi/lib/thumb/v7e-m+fp/hard\libc_nano.a(libc_a-init.o)
                0x00000000080090f8                __libc_init_array
 .text.__retarget_lock_acquire_recursive
                0x0000000008009140        0x2 F:/Soft/STM32CubeIDE_1.14.1/STM32CubeIDE/plugins/com.st.stm32cube.ide.mcu.externaltools.gnu-tools-for-stm32.11.3.rel1.win32_1.1.100.202309141235/tools/bin/../lib/gcc/arm-none-eabi/11.3.1/../../../../arm-none-eabi/lib/thumb/v7e-m+fp/hard\libc_nano.a(libc_a-lock.o)
                0x0000000008009140                __retarget_lock_acquire_recursive
 .text.__retarget_lock_release_recursive
                0x0000000008009142        0x2 F:/Soft/STM32CubeIDE_1.14.1/STM32CubeIDE/plugins/com.st.stm32cube.ide.mcu.externaltools.gnu-tools-for-stm32.11.3.rel1.win32_1.1.100.202309141235/tools/bin/../lib/gcc/arm-none-eabi/11.3.1/../../../../arm-none-eabi/lib/thumb/v7e-m+fp/hard\libc_nano.a(libc_a-lock.o)
                0x0000000008009142                __retarget_lock_release_recursive
 .text.memcpy   0x0000000008009144       0x1c F:/Soft/STM32CubeIDE_1.14.1/STM32CubeIDE/plugins/com.st.stm32cube.ide.mcu.externaltools.gnu-tools-for-stm32.11.3.rel1.win32_1.1.100.202309141235/tools/bin/../lib/gcc/arm-none-eabi/11.3.1/../../../../arm-none-eabi/lib/thumb/v7e-m+fp/hard\libc_nano.a(libc_a-memcpy-stub.o)
                0x0000000008009144                memcpy
 .text._free_r  0x0000000008009160       0x98 F:/Soft/STM32CubeIDE_1.14.1/STM32CubeIDE/plugins/com.st.stm32cube.ide.mcu.externaltools.gnu-tools-for-stm32.11.3.rel1.win32_1.1.100.202309141235/tools/bin/../lib/gcc/arm-none-eabi/11.3.1/../../../../arm-none-eabi/lib/thumb/v7e-m+fp/hard\libc_nano.a(libc_a-freer.o)
                0x0000000008009160                _free_r
 .text.__malloc_lock
                0x00000000080091f8        0xc F:/Soft/STM32CubeIDE_1.14.1/STM32CubeIDE/plugins/com.st.stm32cube.ide.mcu.externaltools.gnu-tools-for-stm32.11.3.rel1.win32_1.1.100.202309141235/tools/bin/../lib/gcc/arm-none-eabi/11.3.1/../../../../arm-none-eabi/lib/thumb/v7e-m+fp/hard\libc_nano.a(libc_a-mlock.o)
                0x00000000080091f8                __malloc_lock
 .text.__malloc_unlock
                0x0000000008009204        0xc F:/Soft/STM32CubeIDE_1.14.1/STM32CubeIDE/plugins/com.st.stm32cube.ide.mcu.externaltools.gnu-tools-for-stm32.11.3.rel1.win32_1.1.100.202309141235/tools/bin/../lib/gcc/arm-none-eabi/11.3.1/../../../../arm-none-eabi/lib/thumb/v7e-m+fp/hard\libc_nano.a(libc_a-mlock.o)
                0x0000000008009204                __malloc_unlock
 *(.glue_7)
 .glue_7        0x0000000008009210        0x0 linker stubs
 *(.glue_7t)
 .glue_7t       0x0000000008009210        0x0 linker stubs
 *(.eh_frame)
 .eh_frame      0x0000000008009210        0x0 F:/Soft/STM32CubeIDE_1.14.1/STM32CubeIDE/plugins/com.st.stm32cube.ide.mcu.externaltools.gnu-tools-for-stm32.11.3.rel1.win32_1.1.100.202309141235/tools/bin/../lib/gcc/arm-none-eabi/11.3.1/thumb/v7e-m+fp/hard/crtbegin.o
 *(.init)
 .init          0x0000000008009210        0x4 F:/Soft/STM32CubeIDE_1.14.1/STM32CubeIDE/plugins/com.st.stm32cube.ide.mcu.externaltools.gnu-tools-for-stm32.11.3.rel1.win32_1.1.100.202309141235/tools/bin/../lib/gcc/arm-none-eabi/11.3.1/thumb/v7e-m+fp/hard/crti.o
                0x0000000008009210                _init
 .init          0x0000000008009214        0x8 F:/Soft/STM32CubeIDE_1.14.1/STM32CubeIDE/plugins/com.st.stm32cube.ide.mcu.externaltools.gnu-tools-for-stm32.11.3.rel1.win32_1.1.100.202309141235/tools/bin/../lib/gcc/arm-none-eabi/11.3.1/thumb/v7e-m+fp/hard/crtn.o
 *(.fini)
 .fini          0x000000000800921c        0x4 F:/Soft/STM32CubeIDE_1.14.1/STM32CubeIDE/plugins/com.st.stm32cube.ide.mcu.externaltools.gnu-tools-for-stm32.11.3.rel1.win32_1.1.100.202309141235/tools/bin/../lib/gcc/arm-none-eabi/11.3.1/thumb/v7e-m+fp/hard/crti.o
                0x000000000800921c                _fini
 .fini          0x0000000008009220        0x8 F:/Soft/STM32CubeIDE_1.14.1/STM32CubeIDE/plugins/com.st.stm32cube.ide.mcu.externaltools.gnu-tools-for-stm32.11.3.rel1.win32_1.1.100.202309141235/tools/bin/../lib/gcc/arm-none-eabi/11.3.1/thumb/v7e-m+fp/hard/crtn.o
                0x0000000008009228                . = ALIGN (0x4)
                0x0000000008009228                _etext = .

.vfp11_veneer   0x0000000008009228        0x0
 .vfp11_veneer  0x0000000008009228        0x0 linker stubs

.v4_bx          0x0000000008009228        0x0
 .v4_bx         0x0000000008009228        0x0 linker stubs

.iplt           0x0000000008009228        0x0
 .iplt          0x0000000008009228        0x0 F:/Soft/STM32CubeIDE_1.14.1/STM32CubeIDE/plugins/com.st.stm32cube.ide.mcu.externaltools.gnu-tools-for-stm32.11.3.rel1.win32_1.1.100.202309141235/tools/bin/../lib/gcc/arm-none-eabi/11.3.1/thumb/v7e-m+fp/hard/crtbegin.o

.rodata         0x0000000008009228       0xa4
                0x0000000008009228                . = ALIGN (0x4)
 *(.rodata)
 .rodata        0x0000000008009228       0x28 ./Core/Src/main.o
 .rodata        0x0000000008009250        0x4 ./Core/Src/w5500_task/tcp_server_rx.o
 .rodata        0x0000000008009254       0x30 ./Core/Src/w5500_task/tcp_server_tx.o
 .rodata        0x0000000008009284       0x20 ./Core/Src/w5500_task/wiznet_api.o
 .rodata        0x00000000080092a4        0x5 ./Middlewares/Third_Party/FreeRTOS/Source/tasks.o
 *(.rodata*)
 *fill*         0x00000000080092a9        0x3 
 .rodata.AHBPrescTable
                0x00000000080092ac       0x10 ./Core/Src/system_stm32f4xx.o
                0x00000000080092ac                AHBPrescTable
 .rodata.APBPrescTable
                0x00000000080092bc        0x8 ./Core/Src/system_stm32f4xx.o
                0x00000000080092bc                APBPrescTable
 .rodata.flagBitshiftOffset.0
                0x00000000080092c4        0x8 ./Drivers/STM32F4xx_HAL_Driver/Src/stm32f4xx_hal_dma.o
                0x00000000080092cc                . = ALIGN (0x4)

.ARM.extab      0x00000000080092cc        0x0
                0x00000000080092cc                . = ALIGN (0x4)
 *(.ARM.extab* .gnu.linkonce.armextab.*)
                0x00000000080092cc                . = ALIGN (0x4)

.ARM            0x00000000080092cc        0x8
                0x00000000080092cc                . = ALIGN (0x4)
                0x00000000080092cc                __exidx_start = .
 *(.ARM.exidx*)
 .ARM.exidx     0x00000000080092cc        0x8 F:/Soft/STM32CubeIDE_1.14.1/STM32CubeIDE/plugins/com.st.stm32cube.ide.mcu.externaltools.gnu-tools-for-stm32.11.3.rel1.win32_1.1.100.202309141235/tools/bin/../lib/gcc/arm-none-eabi/11.3.1/thumb/v7e-m+fp/hard\libgcc.a(_udivmoddi4.o)
                0x00000000080092d4                __exidx_end = .
                0x00000000080092d4                . = ALIGN (0x4)

.rel.dyn        0x00000000080092d4        0x0
 .rel.iplt      0x00000000080092d4        0x0 F:/Soft/STM32CubeIDE_1.14.1/STM32CubeIDE/plugins/com.st.stm32cube.ide.mcu.externaltools.gnu-tools-for-stm32.11.3.rel1.win32_1.1.100.202309141235/tools/bin/../lib/gcc/arm-none-eabi/11.3.1/thumb/v7e-m+fp/hard/crtbegin.o

.preinit_array  0x00000000080092d4        0x0
                0x00000000080092d4                . = ALIGN (0x4)
                0x00000000080092d4                PROVIDE (__preinit_array_start = .)
 *(.preinit_array*)
                0x00000000080092d4                PROVIDE (__preinit_array_end = .)
                0x00000000080092d4                . = ALIGN (0x4)

.init_array     0x00000000080092d4        0x4
                0x00000000080092d4                . = ALIGN (0x4)
                0x00000000080092d4                PROVIDE (__init_array_start = .)
 *(SORT_BY_NAME(.init_array.*))
 *(.init_array*)
 .init_array    0x00000000080092d4        0x4 F:/Soft/STM32CubeIDE_1.14.1/STM32CubeIDE/plugins/com.st.stm32cube.ide.mcu.externaltools.gnu-tools-for-stm32.11.3.rel1.win32_1.1.100.202309141235/tools/bin/../lib/gcc/arm-none-eabi/11.3.1/thumb/v7e-m+fp/hard/crtbegin.o
                0x00000000080092d8                PROVIDE (__init_array_end = .)
                0x00000000080092d8                . = ALIGN (0x4)

.fini_array     0x00000000080092d8        0x4
                0x00000000080092d8                . = ALIGN (0x4)
                [!provide]                        PROVIDE (__fini_array_start = .)
 *(SORT_BY_NAME(.fini_array.*))
 *(.fini_array*)
 .fini_array    0x00000000080092d8        0x4 F:/Soft/STM32CubeIDE_1.14.1/STM32CubeIDE/plugins/com.st.stm32cube.ide.mcu.externaltools.gnu-tools-for-stm32.11.3.rel1.win32_1.1.100.202309141235/tools/bin/../lib/gcc/arm-none-eabi/11.3.1/thumb/v7e-m+fp/hard/crtbegin.o
                [!provide]                        PROVIDE (__fini_array_end = .)
                0x00000000080092dc                . = ALIGN (0x4)
                0x00000000080092dc                _sidata = LOADADDR (.data)

.data           0x0000000020000000       0x8c load address 0x00000000080092dc
                0x0000000020000000                . = ALIGN (0x4)
                0x0000000020000000                _sdata = .
 *(.data)
 *(.data*)
 .data.SystemCoreClock
                0x0000000020000000        0x4 ./Core/Src/system_stm32f4xx.o
                0x0000000020000000                SystemCoreClock
 .data.CMD_WREG
                0x0000000020000004        0x1 ./Core/Src/signal_task/ads1246.o
 .data.REG_SYS0
                0x0000000020000005        0x1 ./Core/Src/signal_task/ads1246.o
 .data.sock_any_port
                0x0000000020000006        0x2 ./Core/Src/w5500_task/socket.o
 .data.WIZCHIP  0x0000000020000008       0x28 ./Core/Src/w5500_task/wizchip_conf.o
                0x0000000020000008                WIZCHIP
 .data.uwTickPrio
                0x0000000020000030        0x4 ./Drivers/STM32F4xx_HAL_Driver/Src/stm32f4xx_hal.o
                0x0000000020000030                uwTickPrio
 .data.uwTickFreq
                0x0000000020000034        0x1 ./Drivers/STM32F4xx_HAL_Driver/Src/stm32f4xx_hal.o
                0x0000000020000034                uwTickFreq
 *fill*         0x0000000020000035        0x3 
 .data.uxCriticalNesting
                0x0000000020000038        0x4 ./Middlewares/Third_Party/FreeRTOS/Source/portable/GCC/ARM_CM4F/port.o
 .data._impure_data
                0x000000002000003c       0x4c F:/Soft/STM32CubeIDE_1.14.1/STM32CubeIDE/plugins/com.st.stm32cube.ide.mcu.externaltools.gnu-tools-for-stm32.11.3.rel1.win32_1.1.100.202309141235/tools/bin/../lib/gcc/arm-none-eabi/11.3.1/../../../../arm-none-eabi/lib/thumb/v7e-m+fp/hard\libc_nano.a(libc_a-impure.o)
                0x000000002000003c                _impure_data
 .data._impure_ptr
                0x0000000020000088        0x4 F:/Soft/STM32CubeIDE_1.14.1/STM32CubeIDE/plugins/com.st.stm32cube.ide.mcu.externaltools.gnu-tools-for-stm32.11.3.rel1.win32_1.1.100.202309141235/tools/bin/../lib/gcc/arm-none-eabi/11.3.1/../../../../arm-none-eabi/lib/thumb/v7e-m+fp/hard\libc_nano.a(libc_a-impure.o)
                0x0000000020000088                _impure_ptr
 *(.RamFunc)
 *(.RamFunc*)
                0x000000002000008c                . = ALIGN (0x4)
                0x000000002000008c                _edata = .
                0x0000000008009368                _siccmram = LOADADDR (.ccmram)

.igot.plt       0x000000002000008c        0x0 load address 0x0000000008009368
 .igot.plt      0x000000002000008c        0x0 F:/Soft/STM32CubeIDE_1.14.1/STM32CubeIDE/plugins/com.st.stm32cube.ide.mcu.externaltools.gnu-tools-for-stm32.11.3.rel1.win32_1.1.100.202309141235/tools/bin/../lib/gcc/arm-none-eabi/11.3.1/thumb/v7e-m+fp/hard/crtbegin.o

.ccmram         0x0000000010000000        0x0 load address 0x0000000008009368
                0x0000000010000000                . = ALIGN (0x4)
                0x0000000010000000                _sccmram = .
 *(.ccmram)
 *(.ccmram*)
                0x0000000010000000                . = ALIGN (0x4)
                0x0000000010000000                _eccmram = .
                0x0000000010000000                . = ALIGN (0x4)

.bss            0x0000000020000090     0x5500
                0x0000000020000090                _sbss = .
                0x0000000020000090                __bss_start__ = _sbss
 *(.bss)
 .bss           0x0000000020000090       0x1c F:/Soft/STM32CubeIDE_1.14.1/STM32CubeIDE/plugins/com.st.stm32cube.ide.mcu.externaltools.gnu-tools-for-stm32.11.3.rel1.win32_1.1.100.202309141235/tools/bin/../lib/gcc/arm-none-eabi/11.3.1/thumb/v7e-m+fp/hard/crtbegin.o
 *(.bss*)
 .bss.xIdleTaskTCBBuffer
                0x00000000200000ac       0xa0 ./Core/Src/freertos.o
 .bss.xIdleStack
                0x000000002000014c     0x1000 ./Core/Src/freertos.o
 .bss.hdac      0x000000002000114c       0x14 ./Core/Src/main.o
                0x000000002000114c                hdac
 .bss.hspi1     0x0000000020001160       0x58 ./Core/Src/main.o
                0x0000000020001160                hspi1
 .bss.hspi2     0x00000000200011b8       0x58 ./Core/Src/main.o
                0x00000000200011b8                hspi2
 .bss.hspi3     0x0000000020001210       0x58 ./Core/Src/main.o
                0x0000000020001210                hspi3
 .bss.hspi4     0x0000000020001268       0x58 ./Core/Src/main.o
                0x0000000020001268                hspi4
 .bss.hdma_spi2_rx
                0x00000000200012c0       0x60 ./Core/Src/main.o
                0x00000000200012c0                hdma_spi2_rx
 .bss.hdma_spi3_rx
                0x0000000020001320       0x60 ./Core/Src/main.o
                0x0000000020001320                hdma_spi3_rx
 .bss.hdma_spi4_rx
                0x0000000020001380       0x60 ./Core/Src/main.o
                0x0000000020001380                hdma_spi4_rx
 .bss.huart1    0x00000000200013e0       0x48 ./Core/Src/main.o
                0x00000000200013e0                huart1
 .bss.defaultTaskHandle
                0x0000000020001428        0x4 ./Core/Src/main.o
                0x0000000020001428                defaultTaskHandle
 .bss.htim1     0x000000002000142c       0x48 ./Core/Src/stm32f4xx_hal_timebase_tim.o
                0x000000002000142c                htim1
 *fill*         0x0000000020001474        0x4 
 .bss.task      0x0000000020001478       0x68 ./Core/Src/hv_task/hv_task.o
 .bss.CMD_WAKEUP
                0x00000000200014e0        0x1 ./Core/Src/signal_task/ads1246.o
 *fill*         0x00000000200014e1        0x7 
 .bss.task      0x00000000200014e8       0x70 ./Core/Src/signal_task/signal_task.o
 .bss.sock_io_mode
                0x0000000020001558        0x2 ./Core/Src/w5500_task/socket.o
 .bss.sock_is_sending
                0x000000002000155a        0x2 ./Core/Src/w5500_task/socket.o
 .bss.sock_remained_size
                0x000000002000155c       0x10 ./Core/Src/w5500_task/socket.o
 .bss.sock_pack_info
                0x000000002000156c        0x8 ./Core/Src/w5500_task/socket.o
                0x000000002000156c                sock_pack_info
 .bss.data      0x0000000020001574       0x4a ./Core/Src/w5500_task/tcp_server_rx.o
 *fill*         0x00000000200015be        0x2 
 .bss.data      0x00000000200015c0       0x98 ./Core/Src/w5500_task/tcp_server_tx.o
 .bss.data      0x0000000020001658       0x98 ./Core/Src/w5500_task/w5500_task.o
 .bss._DNS_     0x00000000200016f0        0x4 ./Core/Src/w5500_task/wizchip_conf.o
 .bss._DHCP_    0x00000000200016f4        0x1 ./Core/Src/w5500_task/wizchip_conf.o
 *fill*         0x00000000200016f5        0x3 
 .bss.uwTick    0x00000000200016f8        0x4 ./Drivers/STM32F4xx_HAL_Driver/Src/stm32f4xx_hal.o
                0x00000000200016f8                uwTick
 .bss.pxCurrentTCB
                0x00000000200016fc        0x4 ./Middlewares/Third_Party/FreeRTOS/Source/tasks.o
                0x00000000200016fc                pxCurrentTCB
 .bss.pxReadyTasksLists
                0x0000000020001700       0x8c ./Middlewares/Third_Party/FreeRTOS/Source/tasks.o
 .bss.xDelayedTaskList1
                0x000000002000178c       0x14 ./Middlewares/Third_Party/FreeRTOS/Source/tasks.o
 .bss.xDelayedTaskList2
                0x00000000200017a0       0x14 ./Middlewares/Third_Party/FreeRTOS/Source/tasks.o
 .bss.pxDelayedTaskList
                0x00000000200017b4        0x4 ./Middlewares/Third_Party/FreeRTOS/Source/tasks.o
 .bss.pxOverflowDelayedTaskList
                0x00000000200017b8        0x4 ./Middlewares/Third_Party/FreeRTOS/Source/tasks.o
 .bss.xPendingReadyList
                0x00000000200017bc       0x14 ./Middlewares/Third_Party/FreeRTOS/Source/tasks.o
 .bss.xTasksWaitingTermination
                0x00000000200017d0       0x14 ./Middlewares/Third_Party/FreeRTOS/Source/tasks.o
 .bss.uxDeletedTasksWaitingCleanUp
                0x00000000200017e4        0x4 ./Middlewares/Third_Party/FreeRTOS/Source/tasks.o
 .bss.xSuspendedTaskList
                0x00000000200017e8       0x14 ./Middlewares/Third_Party/FreeRTOS/Source/tasks.o
 .bss.uxCurrentNumberOfTasks
                0x00000000200017fc        0x4 ./Middlewares/Third_Party/FreeRTOS/Source/tasks.o
 .bss.xTickCount
                0x0000000020001800        0x4 ./Middlewares/Third_Party/FreeRTOS/Source/tasks.o
 .bss.uxTopReadyPriority
                0x0000000020001804        0x4 ./Middlewares/Third_Party/FreeRTOS/Source/tasks.o
 .bss.xSchedulerRunning
                0x0000000020001808        0x4 ./Middlewares/Third_Party/FreeRTOS/Source/tasks.o
 .bss.xPendedTicks
                0x000000002000180c        0x4 ./Middlewares/Third_Party/FreeRTOS/Source/tasks.o
 .bss.xYieldPending
                0x0000000020001810        0x4 ./Middlewares/Third_Party/FreeRTOS/Source/tasks.o
 .bss.xNumOfOverflows
                0x0000000020001814        0x4 ./Middlewares/Third_Party/FreeRTOS/Source/tasks.o
 .bss.uxTaskNumber
                0x0000000020001818        0x4 ./Middlewares/Third_Party/FreeRTOS/Source/tasks.o
 .bss.xNextTaskUnblockTime
                0x000000002000181c        0x4 ./Middlewares/Third_Party/FreeRTOS/Source/tasks.o
 .bss.xIdleTaskHandle
                0x0000000020001820        0x4 ./Middlewares/Third_Party/FreeRTOS/Source/tasks.o
 .bss.uxSchedulerSuspended
                0x0000000020001824        0x4 ./Middlewares/Third_Party/FreeRTOS/Source/tasks.o
 .bss.ucMaxSysCallPriority
                0x0000000020001828        0x1 ./Middlewares/Third_Party/FreeRTOS/Source/portable/GCC/ARM_CM4F/port.o
 *fill*         0x0000000020001829        0x3 
 .bss.ulMaxPRIGROUPValue
                0x000000002000182c        0x4 ./Middlewares/Third_Party/FreeRTOS/Source/portable/GCC/ARM_CM4F/port.o
 .bss.ucHeap    0x0000000020001830     0x3c00 ./Middlewares/Third_Party/FreeRTOS/Source/portable/MemMang/heap_4.o
 .bss.xStart    0x0000000020005430        0x8 ./Middlewares/Third_Party/FreeRTOS/Source/portable/MemMang/heap_4.o
 .bss.pxEnd     0x0000000020005438        0x4 ./Middlewares/Third_Party/FreeRTOS/Source/portable/MemMang/heap_4.o
 .bss.xFreeBytesRemaining
                0x000000002000543c        0x4 ./Middlewares/Third_Party/FreeRTOS/Source/portable/MemMang/heap_4.o
 .bss.xMinimumEverFreeBytesRemaining
                0x0000000020005440        0x4 ./Middlewares/Third_Party/FreeRTOS/Source/portable/MemMang/heap_4.o
 .bss.xNumberOfSuccessfulAllocations
                0x0000000020005444        0x4 ./Middlewares/Third_Party/FreeRTOS/Source/portable/MemMang/heap_4.o
 .bss.xNumberOfSuccessfulFrees
                0x0000000020005448        0x4 ./Middlewares/Third_Party/FreeRTOS/Source/portable/MemMang/heap_4.o
 .bss.xBlockAllocatedBit
                0x000000002000544c        0x4 ./Middlewares/Third_Party/FreeRTOS/Source/portable/MemMang/heap_4.o
 .bss.__sf      0x0000000020005450      0x138 F:/Soft/STM32CubeIDE_1.14.1/STM32CubeIDE/plugins/com.st.stm32cube.ide.mcu.externaltools.gnu-tools-for-stm32.11.3.rel1.win32_1.1.100.202309141235/tools/bin/../lib/gcc/arm-none-eabi/11.3.1/../../../../arm-none-eabi/lib/thumb/v7e-m+fp/hard\libc_nano.a(libc_a-findfp.o)
                0x0000000020005450                __sf
 .bss.__lock___malloc_recursive_mutex
                0x0000000020005588        0x1 F:/Soft/STM32CubeIDE_1.14.1/STM32CubeIDE/plugins/com.st.stm32cube.ide.mcu.externaltools.gnu-tools-for-stm32.11.3.rel1.win32_1.1.100.202309141235/tools/bin/../lib/gcc/arm-none-eabi/11.3.1/../../../../arm-none-eabi/lib/thumb/v7e-m+fp/hard\libc_nano.a(libc_a-lock.o)
                0x0000000020005588                __lock___malloc_recursive_mutex
 *fill*         0x0000000020005589        0x3 
 .bss.__malloc_free_list
                0x000000002000558c        0x4 F:/Soft/STM32CubeIDE_1.14.1/STM32CubeIDE/plugins/com.st.stm32cube.ide.mcu.externaltools.gnu-tools-for-stm32.11.3.rel1.win32_1.1.100.202309141235/tools/bin/../lib/gcc/arm-none-eabi/11.3.1/../../../../arm-none-eabi/lib/thumb/v7e-m+fp/hard\libc_nano.a(libc_a-mallocr.o)
                0x000000002000558c                __malloc_free_list
 *(COMMON)
                0x0000000020005590                . = ALIGN (0x4)
                0x0000000020005590                _ebss = .
                0x0000000020005590                __bss_end__ = _ebss

._user_heap_stack
                0x0000000020005590      0x600
                0x0000000020005590                . = ALIGN (0x8)
                [!provide]                        PROVIDE (end = .)
                0x0000000020005590                PROVIDE (_end = .)
                0x0000000020005790                . = (. + _Min_Heap_Size)
 *fill*         0x0000000020005590      0x200 
                0x0000000020005b90                . = (. + _Min_Stack_Size)
 *fill*         0x0000000020005790      0x400 
                0x0000000020005b90                . = ALIGN (0x8)

/DISCARD/
 libc.a(*)
 libm.a(*)
 libgcc.a(*)

.ARM.attributes
                0x0000000000000000       0x30
 *(.ARM.attributes)
 .ARM.attributes
                0x0000000000000000       0x1e F:/Soft/STM32CubeIDE_1.14.1/STM32CubeIDE/plugins/com.st.stm32cube.ide.mcu.externaltools.gnu-tools-for-stm32.11.3.rel1.win32_1.1.100.202309141235/tools/bin/../lib/gcc/arm-none-eabi/11.3.1/thumb/v7e-m+fp/hard/crti.o
 .ARM.attributes
                0x000000000000001e       0x34 F:/Soft/STM32CubeIDE_1.14.1/STM32CubeIDE/plugins/com.st.stm32cube.ide.mcu.externaltools.gnu-tools-for-stm32.11.3.rel1.win32_1.1.100.202309141235/tools/bin/../lib/gcc/arm-none-eabi/11.3.1/thumb/v7e-m+fp/hard/crtbegin.o
 .ARM.attributes
                0x0000000000000052       0x34 ./Core/Src/freertos.o
 .ARM.attributes
                0x0000000000000086       0x34 ./Core/Src/main.o
 .ARM.attributes
                0x00000000000000ba       0x34 ./Core/Src/stm32f4xx_hal_msp.o
 .ARM.attributes
                0x00000000000000ee       0x34 ./Core/Src/stm32f4xx_hal_timebase_tim.o
 .ARM.attributes
                0x0000000000000122       0x34 ./Core/Src/stm32f4xx_it.o
 .ARM.attributes
                0x0000000000000156       0x34 ./Core/Src/system_stm32f4xx.o
 .ARM.attributes
                0x000000000000018a       0x34 ./Core/Src/hv_task/ads1220.o
 .ARM.attributes
                0x00000000000001be       0x34 ./Core/Src/hv_task/hv_task.o
 .ARM.attributes
                0x00000000000001f2       0x34 ./Core/Src/signal_task/ads1246.o
 .ARM.attributes
                0x0000000000000226       0x34 ./Core/Src/signal_task/signal_task.o
 .ARM.attributes
                0x000000000000025a       0x34 ./Core/Src/w5500_task/socket.o
 .ARM.attributes
                0x000000000000028e       0x34 ./Core/Src/w5500_task/tcp_server_rx.o
 .ARM.attributes
                0x00000000000002c2       0x34 ./Core/Src/w5500_task/tcp_server_tx.o
 .ARM.attributes
                0x00000000000002f6       0x34 ./Core/Src/w5500_task/w5500.o
 .ARM.attributes
                0x000000000000032a       0x34 ./Core/Src/w5500_task/w5500_task.o
 .ARM.attributes
                0x000000000000035e       0x34 ./Core/Src/w5500_task/wizchip_conf.o
 .ARM.attributes
                0x0000000000000392       0x34 ./Core/Src/w5500_task/wiznet_api.o
 .ARM.attributes
                0x00000000000003c6       0x21 ./Core/Startup/startup_stm32f429zgtx.o
 .ARM.attributes
                0x00000000000003e7       0x34 ./Drivers/STM32F4xx_HAL_Driver/Src/stm32f4xx_hal.o
 .ARM.attributes
                0x000000000000041b       0x34 ./Drivers/STM32F4xx_HAL_Driver/Src/stm32f4xx_hal_cortex.o
 .ARM.attributes
                0x000000000000044f       0x34 ./Drivers/STM32F4xx_HAL_Driver/Src/stm32f4xx_hal_dac.o
 .ARM.attributes
                0x0000000000000483       0x34 ./Drivers/STM32F4xx_HAL_Driver/Src/stm32f4xx_hal_dma.o
 .ARM.attributes
                0x00000000000004b7       0x34 ./Drivers/STM32F4xx_HAL_Driver/Src/stm32f4xx_hal_gpio.o
 .ARM.attributes
                0x00000000000004eb       0x34 ./Drivers/STM32F4xx_HAL_Driver/Src/stm32f4xx_hal_rcc.o
 .ARM.attributes
                0x000000000000051f       0x34 ./Drivers/STM32F4xx_HAL_Driver/Src/stm32f4xx_hal_spi.o
 .ARM.attributes
                0x0000000000000553       0x34 ./Drivers/STM32F4xx_HAL_Driver/Src/stm32f4xx_hal_tim.o
 .ARM.attributes
                0x0000000000000587       0x34 ./Drivers/STM32F4xx_HAL_Driver/Src/stm32f4xx_hal_tim_ex.o
 .ARM.attributes
                0x00000000000005bb       0x34 ./Drivers/STM32F4xx_HAL_Driver/Src/stm32f4xx_hal_uart.o
 .ARM.attributes
                0x00000000000005ef       0x34 ./Middlewares/Third_Party/FreeRTOS/Source/CMSIS_RTOS/cmsis_os.o
 .ARM.attributes
                0x0000000000000623       0x34 ./Middlewares/Third_Party/FreeRTOS/Source/list.o
 .ARM.attributes
                0x0000000000000657       0x34 ./Middlewares/Third_Party/FreeRTOS/Source/tasks.o
 .ARM.attributes
                0x000000000000068b       0x34 ./Middlewares/Third_Party/FreeRTOS/Source/portable/GCC/ARM_CM4F/port.o
 .ARM.attributes
                0x00000000000006bf       0x34 ./Middlewares/Third_Party/FreeRTOS/Source/portable/MemMang/heap_4.o
 .ARM.attributes
                0x00000000000006f3       0x34 F:/Soft/STM32CubeIDE_1.14.1/STM32CubeIDE/plugins/com.st.stm32cube.ide.mcu.externaltools.gnu-tools-for-stm32.11.3.rel1.win32_1.1.100.202309141235/tools/bin/../lib/gcc/arm-none-eabi/11.3.1/../../../../arm-none-eabi/lib/thumb/v7e-m+fp/hard\libc_nano.a(libc_a-findfp.o)
 .ARM.attributes
                0x0000000000000727       0x34 F:/Soft/STM32CubeIDE_1.14.1/STM32CubeIDE/plugins/com.st.stm32cube.ide.mcu.externaltools.gnu-tools-for-stm32.11.3.rel1.win32_1.1.100.202309141235/tools/bin/../lib/gcc/arm-none-eabi/11.3.1/../../../../arm-none-eabi/lib/thumb/v7e-m+fp/hard\libc_nano.a(libc_a-memset.o)
 .ARM.attributes
                0x000000000000075b       0x34 F:/Soft/STM32CubeIDE_1.14.1/STM32CubeIDE/plugins/com.st.stm32cube.ide.mcu.externaltools.gnu-tools-for-stm32.11.3.rel1.win32_1.1.100.202309141235/tools/bin/../lib/gcc/arm-none-eabi/11.3.1/../../../../arm-none-eabi/lib/thumb/v7e-m+fp/hard\libc_nano.a(libc_a-reent.o)
 .ARM.attributes
                0x000000000000078f       0x34 F:/Soft/STM32CubeIDE_1.14.1/STM32CubeIDE/plugins/com.st.stm32cube.ide.mcu.externaltools.gnu-tools-for-stm32.11.3.rel1.win32_1.1.100.202309141235/tools/bin/../lib/gcc/arm-none-eabi/11.3.1/../../../../arm-none-eabi/lib/thumb/v7e-m+fp/hard\libc_nano.a(libc_a-impure.o)
 .ARM.attributes
                0x00000000000007c3       0x34 F:/Soft/STM32CubeIDE_1.14.1/STM32CubeIDE/plugins/com.st.stm32cube.ide.mcu.externaltools.gnu-tools-for-stm32.11.3.rel1.win32_1.1.100.202309141235/tools/bin/../lib/gcc/arm-none-eabi/11.3.1/../../../../arm-none-eabi/lib/thumb/v7e-m+fp/hard\libc_nano.a(libc_a-init.o)
 .ARM.attributes
                0x00000000000007f7       0x34 F:/Soft/STM32CubeIDE_1.14.1/STM32CubeIDE/plugins/com.st.stm32cube.ide.mcu.externaltools.gnu-tools-for-stm32.11.3.rel1.win32_1.1.100.202309141235/tools/bin/../lib/gcc/arm-none-eabi/11.3.1/../../../../arm-none-eabi/lib/thumb/v7e-m+fp/hard\libc_nano.a(libc_a-lock.o)
 .ARM.attributes
                0x000000000000082b       0x34 F:/Soft/STM32CubeIDE_1.14.1/STM32CubeIDE/plugins/com.st.stm32cube.ide.mcu.externaltools.gnu-tools-for-stm32.11.3.rel1.win32_1.1.100.202309141235/tools/bin/../lib/gcc/arm-none-eabi/11.3.1/../../../../arm-none-eabi/lib/thumb/v7e-m+fp/hard\libc_nano.a(libc_a-memcpy-stub.o)
 .ARM.attributes
                0x000000000000085f       0x34 F:/Soft/STM32CubeIDE_1.14.1/STM32CubeIDE/plugins/com.st.stm32cube.ide.mcu.externaltools.gnu-tools-for-stm32.11.3.rel1.win32_1.1.100.202309141235/tools/bin/../lib/gcc/arm-none-eabi/11.3.1/../../../../arm-none-eabi/lib/thumb/v7e-m+fp/hard\libc_nano.a(libc_a-freer.o)
 .ARM.attributes
                0x0000000000000893       0x34 F:/Soft/STM32CubeIDE_1.14.1/STM32CubeIDE/plugins/com.st.stm32cube.ide.mcu.externaltools.gnu-tools-for-stm32.11.3.rel1.win32_1.1.100.202309141235/tools/bin/../lib/gcc/arm-none-eabi/11.3.1/../../../../arm-none-eabi/lib/thumb/v7e-m+fp/hard\libc_nano.a(libc_a-mallocr.o)
 .ARM.attributes
                0x00000000000008c7       0x34 F:/Soft/STM32CubeIDE_1.14.1/STM32CubeIDE/plugins/com.st.stm32cube.ide.mcu.externaltools.gnu-tools-for-stm32.11.3.rel1.win32_1.1.100.202309141235/tools/bin/../lib/gcc/arm-none-eabi/11.3.1/../../../../arm-none-eabi/lib/thumb/v7e-m+fp/hard\libc_nano.a(libc_a-mlock.o)
 .ARM.attributes
                0x00000000000008fb       0x1e F:/Soft/STM32CubeIDE_1.14.1/STM32CubeIDE/plugins/com.st.stm32cube.ide.mcu.externaltools.gnu-tools-for-stm32.11.3.rel1.win32_1.1.100.202309141235/tools/bin/../lib/gcc/arm-none-eabi/11.3.1/thumb/v7e-m+fp/hard\libgcc.a(_arm_addsubdf3.o)
 .ARM.attributes
                0x0000000000000919       0x1e F:/Soft/STM32CubeIDE_1.14.1/STM32CubeIDE/plugins/com.st.stm32cube.ide.mcu.externaltools.gnu-tools-for-stm32.11.3.rel1.win32_1.1.100.202309141235/tools/bin/../lib/gcc/arm-none-eabi/11.3.1/thumb/v7e-m+fp/hard\libgcc.a(_arm_muldivdf3.o)
 .ARM.attributes
                0x0000000000000937       0x1e F:/Soft/STM32CubeIDE_1.14.1/STM32CubeIDE/plugins/com.st.stm32cube.ide.mcu.externaltools.gnu-tools-for-stm32.11.3.rel1.win32_1.1.100.202309141235/tools/bin/../lib/gcc/arm-none-eabi/11.3.1/thumb/v7e-m+fp/hard\libgcc.a(_arm_fixdfsi.o)
 .ARM.attributes
                0x0000000000000955       0x1e F:/Soft/STM32CubeIDE_1.14.1/STM32CubeIDE/plugins/com.st.stm32cube.ide.mcu.externaltools.gnu-tools-for-stm32.11.3.rel1.win32_1.1.100.202309141235/tools/bin/../lib/gcc/arm-none-eabi/11.3.1/thumb/v7e-m+fp/hard\libgcc.a(_aeabi_uldivmod.o)
 .ARM.attributes
                0x0000000000000973       0x34 F:/Soft/STM32CubeIDE_1.14.1/STM32CubeIDE/plugins/com.st.stm32cube.ide.mcu.externaltools.gnu-tools-for-stm32.11.3.rel1.win32_1.1.100.202309141235/tools/bin/../lib/gcc/arm-none-eabi/11.3.1/thumb/v7e-m+fp/hard\libgcc.a(_udivmoddi4.o)
 .ARM.attributes
                0x00000000000009a7       0x1e F:/Soft/STM32CubeIDE_1.14.1/STM32CubeIDE/plugins/com.st.stm32cube.ide.mcu.externaltools.gnu-tools-for-stm32.11.3.rel1.win32_1.1.100.202309141235/tools/bin/../lib/gcc/arm-none-eabi/11.3.1/thumb/v7e-m+fp/hard\libgcc.a(_dvmd_tls.o)
 .ARM.attributes
                0x00000000000009c5       0x1e F:/Soft/STM32CubeIDE_1.14.1/STM32CubeIDE/plugins/com.st.stm32cube.ide.mcu.externaltools.gnu-tools-for-stm32.11.3.rel1.win32_1.1.100.202309141235/tools/bin/../lib/gcc/arm-none-eabi/11.3.1/thumb/v7e-m+fp/hard/crtn.o
OUTPUT(RSCAN_RDOSE.elf elf32-littlearm)
LOAD linker stubs
LOAD F:/Soft/STM32CubeIDE_1.14.1/STM32CubeIDE/plugins/com.st.stm32cube.ide.mcu.externaltools.gnu-tools-for-stm32.11.3.rel1.win32_1.1.100.202309141235/tools/bin/../lib/gcc/arm-none-eabi/11.3.1/../../../../arm-none-eabi/lib/thumb/v7e-m+fp/hard\libc.a
LOAD F:/Soft/STM32CubeIDE_1.14.1/STM32CubeIDE/plugins/com.st.stm32cube.ide.mcu.externaltools.gnu-tools-for-stm32.11.3.rel1.win32_1.1.100.202309141235/tools/bin/../lib/gcc/arm-none-eabi/11.3.1/../../../../arm-none-eabi/lib/thumb/v7e-m+fp/hard\libm.a
LOAD F:/Soft/STM32CubeIDE_1.14.1/STM32CubeIDE/plugins/com.st.stm32cube.ide.mcu.externaltools.gnu-tools-for-stm32.11.3.rel1.win32_1.1.100.202309141235/tools/bin/../lib/gcc/arm-none-eabi/11.3.1/thumb/v7e-m+fp/hard\libgcc.a

.comment        0x0000000000000000       0x43
 .comment       0x0000000000000000       0x43 F:/Soft/STM32CubeIDE_1.14.1/STM32CubeIDE/plugins/com.st.stm32cube.ide.mcu.externaltools.gnu-tools-for-stm32.11.3.rel1.win32_1.1.100.202309141235/tools/bin/../lib/gcc/arm-none-eabi/11.3.1/thumb/v7e-m+fp/hard/crtbegin.o
                                         0x44 (size before relaxing)
 .comment       0x0000000000000043       0x44 ./Core/Src/freertos.o
 .comment       0x0000000000000043       0x44 ./Core/Src/main.o
 .comment       0x0000000000000043       0x44 ./Core/Src/stm32f4xx_hal_msp.o
 .comment       0x0000000000000043       0x44 ./Core/Src/stm32f4xx_hal_timebase_tim.o
 .comment       0x0000000000000043       0x44 ./Core/Src/stm32f4xx_it.o
 .comment       0x0000000000000043       0x44 ./Core/Src/system_stm32f4xx.o
 .comment       0x0000000000000043       0x44 ./Core/Src/hv_task/ads1220.o
 .comment       0x0000000000000043       0x44 ./Core/Src/hv_task/hv_task.o
 .comment       0x0000000000000043       0x44 ./Core/Src/signal_task/ads1246.o
 .comment       0x0000000000000043       0x44 ./Core/Src/signal_task/signal_task.o
 .comment       0x0000000000000043       0x44 ./Core/Src/w5500_task/socket.o
 .comment       0x0000000000000043       0x44 ./Core/Src/w5500_task/tcp_server_rx.o
 .comment       0x0000000000000043       0x44 ./Core/Src/w5500_task/tcp_server_tx.o
 .comment       0x0000000000000043       0x44 ./Core/Src/w5500_task/w5500.o
 .comment       0x0000000000000043       0x44 ./Core/Src/w5500_task/w5500_task.o
 .comment       0x0000000000000043       0x44 ./Core/Src/w5500_task/wizchip_conf.o
 .comment       0x0000000000000043       0x44 ./Core/Src/w5500_task/wiznet_api.o
 .comment       0x0000000000000043       0x44 ./Drivers/STM32F4xx_HAL_Driver/Src/stm32f4xx_hal.o
 .comment       0x0000000000000043       0x44 ./Drivers/STM32F4xx_HAL_Driver/Src/stm32f4xx_hal_cortex.o
 .comment       0x0000000000000043       0x44 ./Drivers/STM32F4xx_HAL_Driver/Src/stm32f4xx_hal_dac.o
 .comment       0x0000000000000043       0x44 ./Drivers/STM32F4xx_HAL_Driver/Src/stm32f4xx_hal_dma.o
 .comment       0x0000000000000043       0x44 ./Drivers/STM32F4xx_HAL_Driver/Src/stm32f4xx_hal_gpio.o
 .comment       0x0000000000000043       0x44 ./Drivers/STM32F4xx_HAL_Driver/Src/stm32f4xx_hal_rcc.o
 .comment       0x0000000000000043       0x44 ./Drivers/STM32F4xx_HAL_Driver/Src/stm32f4xx_hal_spi.o
 .comment       0x0000000000000043       0x44 ./Drivers/STM32F4xx_HAL_Driver/Src/stm32f4xx_hal_tim.o
 .comment       0x0000000000000043       0x44 ./Drivers/STM32F4xx_HAL_Driver/Src/stm32f4xx_hal_tim_ex.o
 .comment       0x0000000000000043       0x44 ./Drivers/STM32F4xx_HAL_Driver/Src/stm32f4xx_hal_uart.o
 .comment       0x0000000000000043       0x44 ./Middlewares/Third_Party/FreeRTOS/Source/CMSIS_RTOS/cmsis_os.o