Archive member included to satisfy reference by file (symbol)

C:/ST/STM32CubeIDE_1.14.1/STM32CubeIDE/plugins/com.st.stm32cube.ide.mcu.externaltools.gnu-tools-for-stm32.11.3.rel1.win32_1.1.100.202309141235/tools/bin/../lib/gcc/arm-none-eabi/11.3.1/../../../../arm-none-eabi/lib/thumb/v7e-m+fp/hard\libc_nano.a(libc_a-exit.o)
                              C:/ST/STM32CubeIDE_1.14.1/STM32CubeIDE/plugins/com.st.stm32cube.ide.mcu.externaltools.gnu-tools-for-stm32.11.3.rel1.win32_1.1.100.202309141235/tools/bin/../lib/gcc/arm-none-eabi/11.3.1/../../../../arm-none-eabi/lib/thumb/v7e-m+fp/hard/crt0.o (exit)
C:/ST/STM32CubeIDE_1.14.1/STM32CubeIDE/plugins/com.st.stm32cube.ide.mcu.externaltools.gnu-tools-for-stm32.11.3.rel1.win32_1.1.100.202309141235/tools/bin/../lib/gcc/arm-none-eabi/11.3.1/../../../../arm-none-eabi/lib/thumb/v7e-m+fp/hard\libc_nano.a(libc_a-rand.o)
                              ./Core/Src/w5500_task/tcp_server_tx.o (rand)
C:/ST/STM32CubeIDE_1.14.1/STM32CubeIDE/plugins/com.st.stm32cube.ide.mcu.externaltools.gnu-tools-for-stm32.11.3.rel1.win32_1.1.100.202309141235/tools/bin/../lib/gcc/arm-none-eabi/11.3.1/../../../../arm-none-eabi/lib/thumb/v7e-m+fp/hard\libc_nano.a(libc_a-findfp.o)
                              ./Middlewares/Third_Party/FreeRTOS/Source/tasks.o (__sf)
C:/ST/STM32CubeIDE_1.14.1/STM32CubeIDE/plugins/com.st.stm32cube.ide.mcu.externaltools.gnu-tools-for-stm32.11.3.rel1.win32_1.1.100.202309141235/tools/bin/../lib/gcc/arm-none-eabi/11.3.1/../../../../arm-none-eabi/lib/thumb/v7e-m+fp/hard\libc_nano.a(libc_a-fwalk.o)
                              C:/ST/STM32CubeIDE_1.14.1/STM32CubeIDE/plugins/com.st.stm32cube.ide.mcu.externaltools.gnu-tools-for-stm32.11.3.rel1.win32_1.1.100.202309141235/tools/bin/../lib/gcc/arm-none-eabi/11.3.1/../../../../arm-none-eabi/lib/thumb/v7e-m+fp/hard\libc_nano.a(libc_a-findfp.o) (_fwalk_sglue)
C:/ST/STM32CubeIDE_1.14.1/STM32CubeIDE/plugins/com.st.stm32cube.ide.mcu.externaltools.gnu-tools-for-stm32.11.3.rel1.win32_1.1.100.202309141235/tools/bin/../lib/gcc/arm-none-eabi/11.3.1/../../../../arm-none-eabi/lib/thumb/v7e-m+fp/hard\libc_nano.a(libc_a-stdio.o)
                              C:/ST/STM32CubeIDE_1.14.1/STM32CubeIDE/plugins/com.st.stm32cube.ide.mcu.externaltools.gnu-tools-for-stm32.11.3.rel1.win32_1.1.100.202309141235/tools/bin/../lib/gcc/arm-none-eabi/11.3.1/../../../../arm-none-eabi/lib/thumb/v7e-m+fp/hard\libc_nano.a(libc_a-findfp.o) (__sread)
C:/ST/STM32CubeIDE_1.14.1/STM32CubeIDE/plugins/com.st.stm32cube.ide.mcu.externaltools.gnu-tools-for-stm32.11.3.rel1.win32_1.1.100.202309141235/tools/bin/../lib/gcc/arm-none-eabi/11.3.1/../../../../arm-none-eabi/lib/thumb/v7e-m+fp/hard\libc_nano.a(libc_a-memset.o)
                              C:/ST/STM32CubeIDE_1.14.1/STM32CubeIDE/plugins/com.st.stm32cube.ide.mcu.externaltools.gnu-tools-for-stm32.11.3.rel1.win32_1.1.100.202309141235/tools/bin/../lib/gcc/arm-none-eabi/11.3.1/../../../../arm-none-eabi/lib/thumb/v7e-m+fp/hard/crt0.o (memset)
C:/ST/STM32CubeIDE_1.14.1/STM32CubeIDE/plugins/com.st.stm32cube.ide.mcu.externaltools.gnu-tools-for-stm32.11.3.rel1.win32_1.1.100.202309141235/tools/bin/../lib/gcc/arm-none-eabi/11.3.1/../../../../arm-none-eabi/lib/thumb/v7e-m+fp/hard\libc_nano.a(libc_a-closer.o)
                              C:/ST/STM32CubeIDE_1.14.1/STM32CubeIDE/plugins/com.st.stm32cube.ide.mcu.externaltools.gnu-tools-for-stm32.11.3.rel1.win32_1.1.100.202309141235/tools/bin/../lib/gcc/arm-none-eabi/11.3.1/../../../../arm-none-eabi/lib/thumb/v7e-m+fp/hard\libc_nano.a(libc_a-stdio.o) (_close_r)
C:/ST/STM32CubeIDE_1.14.1/STM32CubeIDE/plugins/com.st.stm32cube.ide.mcu.externaltools.gnu-tools-for-stm32.11.3.rel1.win32_1.1.100.202309141235/tools/bin/../lib/gcc/arm-none-eabi/11.3.1/../../../../arm-none-eabi/lib/thumb/v7e-m+fp/hard\libc_nano.a(libc_a-reent.o)
                              ./Middlewares/Third_Party/FreeRTOS/Source/tasks.o (_reclaim_reent)
C:/ST/STM32CubeIDE_1.14.1/STM32CubeIDE/plugins/com.st.stm32cube.ide.mcu.externaltools.gnu-tools-for-stm32.11.3.rel1.win32_1.1.100.202309141235/tools/bin/../lib/gcc/arm-none-eabi/11.3.1/../../../../arm-none-eabi/lib/thumb/v7e-m+fp/hard\libc_nano.a(libc_a-impure.o)
                              ./Middlewares/Third_Party/FreeRTOS/Source/tasks.o (_impure_ptr)
C:/ST/STM32CubeIDE_1.14.1/STM32CubeIDE/plugins/com.st.stm32cube.ide.mcu.externaltools.gnu-tools-for-stm32.11.3.rel1.win32_1.1.100.202309141235/tools/bin/../lib/gcc/arm-none-eabi/11.3.1/../../../../arm-none-eabi/lib/thumb/v7e-m+fp/hard\libc_nano.a(libc_a-lseekr.o)
                              C:/ST/STM32CubeIDE_1.14.1/STM32CubeIDE/plugins/com.st.stm32cube.ide.mcu.externaltools.gnu-tools-for-stm32.11.3.rel1.win32_1.1.100.202309141235/tools/bin/../lib/gcc/arm-none-eabi/11.3.1/../../../../arm-none-eabi/lib/thumb/v7e-m+fp/hard\libc_nano.a(libc_a-stdio.o) (_lseek_r)
[...]
Memory Configuration

Name             Origin             Length             Attributes
CCMRAM           0x0000000010000000 0x0000000000010000 xrw
RAM              0x0000000020000000 0x0000000000030000 xrw
FLASH            0x0000000008000000 0x0000000000100000 xr
*default*        0x0000000000000000 0xffffffffffffffff

Linker script and memory map

LOAD C:/ST/STM32CubeIDE_1.14.1/STM32CubeIDE/plugins/com.st.stm32cube.ide.mcu.externaltools.gnu-tools-for-stm32.11.3.rel1.win32_1.1.100.202309141235/tools/bin/../lib/gcc/arm-none-eabi/11.3.1/thumb/v7e-m+fp/hard/crti.o
LOAD C:/ST/STM32CubeIDE_1.14.1/STM32CubeIDE/plugins/com.st.stm32cube.ide.mcu.externaltools.gnu-tools-for-stm32.11.3.rel1.win32_1.1.100.202309141235/tools/bin/../lib/gcc/arm-none-eabi/11.3.1/thumb/v7e-m+fp/hard/crtbegin.o
LOAD C:/ST/STM32CubeIDE_1.14.1/STM32CubeIDE/plugins/com.st.stm32cube.ide.mcu.externaltools.gnu-tools-for-stm32.11.3.rel1.win32_1.1.100.202309141235/tools/bin/../lib/gcc/arm-none-eabi/11.3.1/../../../../arm-none-eabi/lib/thumb/v7e-m+fp/hard/crt0.o
LOAD ./Core/Src/command_executer/command_executer.o
LOAD ./Core/Src/freertos.o
LOAD ./Core/Src/main.o
LOAD ./Core/Src/stm32f4xx_hal_msp.o
LOAD ./Core/Src/stm32f4xx_hal_timebase_tim.o
LOAD ./Core/Src/stm32f4xx_it.o
LOAD ./Core/Src/syscalls.o
LOAD ./Core/Src/sysmem.o
LOAD ./Core/Src/system_stm32f4xx.o
LOAD ./Core/Src/hv_task/ads1220.o
LOAD ./Core/Src/hv_task/hv_task.o
LOAD ./Core/Src/signal_task/ads1246.o
LOAD ./Core/Src/signal_task/signal_task.o
LOAD ./Core/Src/slave_uart/slave_uart.o
LOAD ./Core/Src/w5500_task/socket.o
LOAD ./Core/Src/w5500_task/tcp_server_rx.o
LOAD ./Core/Src/w5500_task/tcp_server_tx.o
LOAD ./Core/Src/w5500_task/w5500.o
LOAD ./Core/Src/w5500_task/w5500_task.o
LOAD ./Core/Src/w5500_task/wizchip_conf.o
LOAD ./Core/Src/w5500_task/wiznet_api.o
LOAD ./Core/Startup/startup_stm32f429zgtx.o
LOAD ./Drivers/STM32F4xx_HAL_Driver/Src/stm32f4xx_hal.o
LOAD ./Drivers/STM32F4xx_HAL_Driver/Src/stm32f4xx_hal_cortex.o
LOAD ./Drivers/STM32F4xx_HAL_Driver/Src/stm32f4xx_hal_dac.o
LOAD ./Drivers/STM32F4xx_HAL_Driver/Src/stm32f4xx_hal_dac_ex.o
LOAD ./Drivers/STM32F4xx_HAL_Driver/Src/stm32f4xx_hal_dma.o
LOAD ./Drivers/STM32F4xx_HAL_Driver/Src/stm32f4xx_hal_dma_ex.o
LOAD ./Drivers/STM32F4xx_HAL_Driver/Src/stm32f4xx_hal_exti.o
LOAD ./Drivers/STM32F4xx_HAL_Driver/Src/stm32f4xx_hal_flash.o
LOAD ./Drivers/STM32F4xx_HAL_Driver/Src/stm32f4xx_hal_flash_ex.o
LOAD ./Drivers/STM32F4xx_HAL_Driver/Src/stm32f4xx_hal_flash_ramfunc.o
LOAD ./Drivers/STM32F4xx_HAL_Driver/Src/stm32f4xx_hal_gpio.o
LOAD ./Drivers/STM32F4xx_HAL_Driver/Src/stm32f4xx_hal_pwr.o
LOAD ./Drivers/STM32F4xx_HAL_Driver/Src/stm32f4xx_hal_pwr_ex.o
LOAD ./Drivers/STM32F4xx_HAL_Driver/Src/stm32f4xx_hal_rcc.o
LOAD ./Drivers/STM32F4xx_HAL_Driver/Src/stm32f4xx_hal_rcc_ex.o
LOAD ./Drivers/STM32F4xx_HAL_Driver/Src/stm32f4xx_hal_spi.o
LOAD ./Drivers/STM32F4xx_HAL_Driver/Src/stm32f4xx_hal_tim.o
LOAD ./Drivers/STM32F4xx_HAL_Driver/Src/stm32f4xx_hal_tim_ex.o
LOAD ./Drivers/STM32F4xx_HAL_Driver/Src/stm32f4xx_hal_uart.o
LOAD ./Middlewares/Third_Party/FreeRTOS/Source/CMSIS_RTOS/cmsis_os.o
LOAD ./Middlewares/Third_Party/FreeRTOS/Source/croutine.o
LOAD ./Middlewares/Third_Party/FreeRTOS/Source/event_groups.o
LOAD ./Middlewares/Third_Party/FreeRTOS/Source/list.o
LOAD ./Middlewares/Third_Party/FreeRTOS/Source/queue.o
LOAD ./Middlewares/Third_Party/FreeRTOS/Source/stream_buffer.o
LOAD ./Middlewares/Third_Party/FreeRTOS/Source/tasks.o
LOAD ./Middlewares/Third_Party/FreeRTOS/Source/timers.o
LOAD ./Middlewares/Third_Party/FreeRTOS/Source/portable/GCC/ARM_CM4F/port.o
LOAD ./Middlewares/Third_Party/FreeRTOS/Source/portable/MemMang/heap_4.o
START GROUP
LOAD C:/ST/STM32CubeIDE_1.14.1/STM32CubeIDE/plugins/com.st.stm32cube.ide.mcu.externaltools.gnu-tools-for-stm32.11.3.rel1.win32_1.1.100.202309141235/tools/bin/../lib/gcc/arm-none-eabi/11.3.1/../../../../arm-none-eabi/lib/thumb/v7e-m+fp/hard\libc_nano.a
LOAD C:/ST/STM32CubeIDE_1.14.1/STM32CubeIDE/plugins/com.st.stm32cube.ide.mcu.externaltools.gnu-tools-for-stm32.11.3.rel1.win32_1.1.100.202309141235/tools/bin/../lib/gcc/arm-none-eabi/11.3.1/../../../../arm-none-eabi/lib/thumb/v7e-m+fp/hard\libm.a
END GROUP
START GROUP
LOAD C:/ST/STM32CubeIDE_1.14.1/STM32CubeIDE/plugins/com.st.stm32cube.ide.mcu.externaltools.gnu-tools-for-stm32.11.3.rel1.win32_1.1.100.202309141235/tools/bin/../lib/gcc/arm-none-eabi/11.3.1/thumb/v7e-m+fp/hard\libgcc.a
LOAD C:/ST/STM32CubeIDE_1.14.1/STM32CubeIDE/plugins/com.st.stm32cube.ide.mcu.externaltools.gnu-tools-for-stm32.11.3.rel1.win32_1.1.100.202309141235/tools/bin/../lib/gcc/arm-none-eabi/11.3.1/../../../../arm-none-eabi/lib/thumb/v7e-m+fp/hard\libc_nano.a
END GROUP
START GROUP
LOAD C:/ST/STM32CubeIDE_1.14.1/STM32CubeIDE/plugins/com.st.stm32cube.ide.mcu.externaltools.gnu-tools-for-stm32.11.3.rel1.win32_1.1.100.202309141235/tools/bin/../lib/gcc/arm-none-eabi/11.3.1/thumb/v7e-m+fp/hard\libgcc.a
LOAD C:/ST/STM32CubeIDE_1.14.1/STM32CubeIDE/plugins/com.st.stm32cube.ide.mcu.externaltools.gnu-tools-for-stm32.11.3.rel1.win32_1.1.100.202309141235/tools/bin/../lib/gcc/arm-none-eabi/11.3.1/../../../../arm-none-eabi/lib/thumb/v7e-m+fp/hard\libc_nano.a
LOAD C:/ST/STM32CubeIDE_1.14.1/STM32CubeIDE/plugins/com.st.stm32cube.ide.mcu.externaltools.gnu-tools-for-stm32.11.3.rel1.win32_1.1.100.202309141235/tools/bin/../lib/gcc/arm-none-eabi/11.3.1/../../../../arm-none-eabi/lib/thumb/v7e-m+fp/hard\libnosys.a
END GROUP
START GROUP
LOAD C:/ST/STM32CubeIDE_1.14.1/STM32CubeIDE/plugins/com.st.stm32cube.ide.mcu.externaltools.gnu-tools-for-stm32.11.3.rel1.win32_1.1.100.202309141235/tools/bin/../lib/gcc/arm-none-eabi/11.3.1/thumb/v7e-m+fp/hard\libgcc.a
LOAD C:/ST/STM32CubeIDE_1.14.1/STM32CubeIDE/plugins/com.st.stm32cube.ide.mcu.externaltools.gnu-tools-for-stm32.11.3.rel1.win32_1.1.100.202309141235/tools/bin/../lib/gcc/arm-none-eabi/11.3.1/../../../../arm-none-eabi/lib/thumb/v7e-m+fp/hard\libc_nano.a
LOAD C:/ST/STM32CubeIDE_1.14.1/STM32CubeIDE/plugins/com.st.stm32cube.ide.mcu.externaltools.gnu-tools-for-stm32.11.3.rel1.win32_1.1.100.202309141235/tools/bin/../lib/gcc/arm-none-eabi/11.3.1/../../../../arm-none-eabi/lib/thumb/v7e-m+fp/hard\libnosys.a
END GROUP
LOAD C:/ST/STM32CubeIDE_1.14.1/STM32CubeIDE/plugins/com.st.stm32cube.ide.mcu.externaltools.gnu-tools-for-stm32.11.3.rel1.win32_1.1.100.202309141235/tools/bin/../lib/gcc/arm-none-eabi/11.3.1/thumb/v7e-m+fp/hard/crtend.o
LOAD C:/ST/STM32CubeIDE_1.14.1/STM32CubeIDE/plugins/com.st.stm32cube.ide.mcu.externaltools.gnu-tools-for-stm32.11.3.rel1.win32_1.1.100.202309141235/tools/bin/../lib/gcc/arm-none-eabi/11.3.1/thumb/v7e-m+fp/hard/crtn.o
                0x0000000020030000                _estack = (ORIGIN (RAM) + LENGTH (RAM))
                0x0000000000000200                _Min_Heap_Size = 0x200
                0x0000000000000400                _Min_Stack_Size = 0x400

.isr_vector     0x0000000008000000      0x1ac
                0x0000000008000000                . = ALIGN (0x4)
 *(.isr_vector)
 .isr_vector    0x0000000008000000      0x1ac ./Core/Startup/startup_stm32f429zgtx.o
                0x0000000008000000                g_pfnVectors
                0x00000000080001ac                . = ALIGN (0x4)

.text           0x00000000080001b0     0x82d8
                0x00000000080001b0                . = ALIGN (0x4)
 *(.text)
 .text          0x00000000080001b0       0x40 C:/ST/STM32CubeIDE_1.14.1/STM32CubeIDE/plugins/com.st.stm32cube.ide.mcu.externaltools.gnu-tools-for-stm32.11.3.rel1.win32_1.1.100.202309141235/tools/bin/../lib/gcc/arm-none-eabi/11.3.1/thumb/v7e-m+fp/hard/crtbegin.o
 .text          0x00000000080001f0      0x378 C:/ST/STM32CubeIDE_1.14.1/STM32CubeIDE/plugins/com.st.stm32cube.ide.mcu.externaltools.gnu-tools-for-stm32.11.3.rel1.win32_1.1.100.202309141235/tools/bin/../lib/gcc/arm-none-eabi/11.3.1/thumb/v7e-m+fp/hard\libgcc.a(_arm_addsubdf3.o)
                0x00000000080001f0                __aeabi_drsub
                0x00000000080001f8                __aeabi_dsub
                0x00000000080001f8                __subdf3
                0x00000000080001fc                __aeabi_dadd
                0x00000000080001fc                __adddf3
                0x0000000008000474                __floatunsidf
                0x0000000008000474                __aeabi_ui2d
                0x0000000008000494                __floatsidf
                0x0000000008000494                __aeabi_i2d
                0x00000000080004b8                __aeabi_f2d
                0x00000000080004b8                __extendsfdf2
                0x00000000080004fc                __floatundidf
                0x00000000080004fc                __aeabi_ul2d
                0x000000000800050c                __floatdidf
                0x000000000800050c                __aeabi_l2d
 .text          0x0000000008000568      0x424 C:/ST/STM32CubeIDE_1.14.1/STM32CubeIDE/plugins/com.st.stm32cube.ide.mcu.externaltools.gnu-tools-for-stm32.11.3.rel1.win32_1.1.100.202309141235/tools/bin/../lib/gcc/arm-none-eabi/11.3.1/thumb/v7e-m+fp/hard\libgcc.a(_arm_muldivdf3.o)
                0x0000000008000568                __aeabi_dmul
                0x0000000008000568                __muldf3
                0x00000000080007bc                __divdf3
                0x00000000080007bc                __aeabi_ddiv
 .text          0x000000000800098c       0x50 C:/ST/STM32CubeIDE_1.14.1/STM32CubeIDE/plugins/com.st.stm32cube.ide.mcu.externaltools.gnu-tools-for-stm32.11.3.rel1.win32_1.1.100.202309141235/tools/bin/../lib/gcc/arm-none-eabi/11.3.1/thumb/v7e-m+fp/hard\libgcc.a(_arm_fixdfsi.o)
                0x000000000800098c                __aeabi_d2iz
                0x000000000800098c                __fixdfsi
 .text          0x00000000080009dc       0x30 C:/ST/STM32CubeIDE_1.14.1/STM32CubeIDE/plugins/com.st.stm32cube.ide.mcu.externaltools.gnu-tools-for-stm32.11.3.rel1.win32_1.1.100.202309141235/tools/bin/../lib/gcc/arm-none-eabi/11.3.1/thumb/v7e-m+fp/hard\libgcc.a(_aeabi_uldivmod.o)
                0x00000000080009dc                __aeabi_uldivmod
 .text          0x0000000008000a0c      0x2c8 C:/ST/STM32CubeIDE_1.14.1/STM32CubeIDE/plugins/com.st.stm32cube.ide.mcu.externaltools.gnu-tools-for-stm32.11.3.rel1.win32_1.1.100.202309141235/tools/bin/../lib/gcc/arm-none-eabi/11.3.1/thumb/v7e-m+fp/hard\libgcc.a(_udivmoddi4.o)
                0x0000000008000a0c                __udivmoddi4
 .text          0x0000000008000cd4        0x4 C:/ST/STM32CubeIDE_1.14.1/STM32CubeIDE/plugins/com.st.stm32cube.ide.mcu.externaltools.gnu-tools-for-stm32.11.3.rel1.win32_1.1.100.202309141235/tools/bin/../lib/gcc/arm-none-eabi/11.3.1/thumb/v7e-m+fp/hard\libgcc.a(_dvmd_tls.o)
                0x0000000008000cd4                __aeabi_idiv0
                0x0000000008000cd4                __aeabi_ldiv0
 *(.text*)
 .text.vApplicationGetIdleTaskMemory
                0x0000000008000cd8       0x34 ./Core/Src/freertos.o
                0x0000000008000cd8                vApplicationGetIdleTaskMemory
 .text.HAL_GPIO_EXTI_Callback
                0x0000000008000d0c       0x22 ./Core/Src/main.o
                0x0000000008000d0c                HAL_GPIO_EXTI_Callback
 *fill*         0x0000000008000d2e        0x2 
 .text.main     0x0000000008000d30       0x5c ./Core/Src/main.o
                0x0000000008000d30                main
 .text.SystemClock_Config
                0x0000000008000d8c       0xe0 ./Core/Src/main.o
                0x0000000008000d8c                SystemClock_Config
 .text.MX_DAC_Init
                0x0000000008000e6c       0x68 ./Core/Src/main.o
 .text.MX_SPI1_Init
                0x0000000008000ed4       0x6c ./Core/Src/main.o
 .text.MX_SPI2_Init
                0x0000000008000f40       0x6c ./Core/Src/main.o
 .text.MX_SPI3_Init
                0x0000000008000fac       0x6c ./Core/Src/main.o
 .text.MX_SPI4_Init
                0x0000000008001018       0x6c ./Core/Src/main.o
 .text.MX_USART1_UART_Init
                0x0000000008001084       0x54 ./Core/Src/main.o
 .text.MX_GPIO_Init
                0x00000000080010d8      0x218 ./Core/Src/main.o
 .text.StartDefaultTask
                0x00000000080012f0       0x1a ./Core/Src/main.o
                0x00000000080012f0                StartDefaultTask
 *fill*         0x000000000800130a        0x2 
 .text.HAL_TIM_PeriodElapsedCallback
                0x000000000800130c       0x24 ./Core/Src/main.o
                0x000000000800130c                HAL_TIM_PeriodElapsedCallback
 .text.Error_Handler
                0x0000000008001330        0xa ./Core/Src/main.o
                0x0000000008001330                Error_Handler
 *fill*         0x000000000800133a        0x2 
 .text.HAL_MspInit
                0x000000000800133c       0x58 ./Core/Src/stm32f4xx_hal_msp.o
                0x000000000800133c                HAL_MspInit
 .text.HAL_DAC_MspInit
                0x0000000008001394       0x88 ./Core/Src/stm32f4xx_hal_msp.o
                0x0000000008001394                HAL_DAC_MspInit
 .text.HAL_SPI_MspInit
                0x000000000800141c      0x1d4 ./Core/Src/stm32f4xx_hal_msp.o
                0x000000000800141c                HAL_SPI_MspInit
 .text.HAL_UART_MspInit
                0x00000000080015f0       0x90 ./Core/Src/stm32f4xx_hal_msp.o
                0x00000000080015f0                HAL_UART_MspInit
 .text.HAL_InitTick
                0x0000000008001680       0xe8 ./Core/Src/stm32f4xx_hal_timebase_tim.o
                0x0000000008001680                HAL_InitTick
 .text.NMI_Handler
                0x0000000008001768        0x6 ./Core/Src/stm32f4xx_it.o
                0x0000000008001768                NMI_Handler
 .text.HardFault_Handler
                0x000000000800176e        0x6 ./Core/Src/stm32f4xx_it.o
                0x000000000800176e                HardFault_Handler
 .text.MemManage_Handler
                0x0000000008001774        0x6 ./Core/Src/stm32f4xx_it.o
                0x0000000008001774                MemManage_Handler
 .text.BusFault_Handler
                0x000000000800177a        0x6 ./Core/Src/stm32f4xx_it.o
                0x000000000800177a                BusFault_Handler
 .text.UsageFault_Handler
                0x0000000008001780        0x6 ./Core/Src/stm32f4xx_it.o
                0x0000000008001780                UsageFault_Handler
 .text.DebugMon_Handler
                0x0000000008001786        0xe ./Core/Src/stm32f4xx_it.o
                0x0000000008001786                DebugMon_Handler
 .text.EXTI3_IRQHandler
                0x0000000008001794        0xe ./Core/Src/stm32f4xx_it.o
                0x0000000008001794                EXTI3_IRQHandler
 .text.EXTI9_5_IRQHandler
                0x00000000080017a2       0x10 ./Core/Src/stm32f4xx_it.o
                0x00000000080017a2                EXTI9_5_IRQHandler
 *fill*         0x00000000080017b2        0x2 
 .text.TIM1_UP_TIM10_IRQHandler
                0x00000000080017b4       0x14 ./Core/Src/stm32f4xx_it.o
                0x00000000080017b4                TIM1_UP_TIM10_IRQHandler
 .text.EXTI15_10_IRQHandler
                0x00000000080017c8       0x10 ./Core/Src/stm32f4xx_it.o
                0x00000000080017c8                EXTI15_10_IRQHandler
 .text.SystemInit
                0x00000000080017d8       0x24 ./Core/Src/system_stm32f4xx.o
                0x00000000080017d8                SystemInit
 .text.delayUs  0x00000000080017fc       0x40 ./Core/Src/hv_task/ads1220.o
 *fill*         0x000000000800183c        0x4 
 .text.ads1220_init
                0x0000000008001840       0x90 ./Core/Src/hv_task/ads1220.o
                0x0000000008001840                ads1220_init
 .text.ads1220_set_spi
                0x00000000080018d0       0x1c ./Core/Src/hv_task/ads1220.o
                0x00000000080018d0                ads1220_set_spi
 .text.ads1220_set_xdrdy
                0x00000000080018ec       0x26 ./Core/Src/hv_task/ads1220.o
                0x00000000080018ec                ads1220_set_xdrdy
 .text.ads1220_set_cs
                0x0000000008001912       0x26 ./Core/Src/hv_task/ads1220.o
                0x0000000008001912                ads1220_set_cs
 .text.ads1220_set_reference_voltage
                0x0000000008001938       0x30 ./Core/Src/hv_task/ads1220.o
                0x0000000008001938                ads1220_set_reference_voltage
 .text.ads1220_setup
                0x0000000008001968       0xea ./Core/Src/hv_task/ads1220.o
                0x0000000008001968                ads1220_setup
 .text.ads1220_update
                0x0000000008001a52       0x22 ./Core/Src/hv_task/ads1220.o
                0x0000000008001a52                ads1220_update
 .text.ads1220_get_output_A
                0x0000000008001a74       0x18 ./Core/Src/hv_task/ads1220.o
                0x0000000008001a74                ads1220_get_output_A
 .text.ads1220_get_output_B
                0x0000000008001a8c       0x18 ./Core/Src/hv_task/ads1220.o
                0x0000000008001a8c                ads1220_get_output_B
 .text.ads1220_get_output_temp
                0x0000000008001aa4       0x60 ./Core/Src/hv_task/ads1220.o
                0x0000000008001aa4                ads1220_get_output_temp
 .text.ads1220_get_xdrdy_pin
                0x0000000008001b04       0x18 ./Core/Src/hv_task/ads1220.o
                0x0000000008001b04                ads1220_get_xdrdy_pin
 .text.spi_command
                0x0000000008001b1c       0x3c ./Core/Src/hv_task/ads1220.o
 .text.spi_select
                0x0000000008001b58       0x28 ./Core/Src/hv_task/ads1220.o
 .text.spi_deselect
                0x0000000008001b80       0x28 ./Core/Src/hv_task/ads1220.o
 .text.reset    0x0000000008001ba8       0x24 ./Core/Src/hv_task/ads1220.o
 .text.comm_wreg
                0x0000000008001bcc       0x32 ./Core/Src/hv_task/ads1220.o
 .text.setup_reg0
                0x0000000008001bfe       0x44 ./Core/Src/hv_task/ads1220.o
 .text.setup_reg1
                0x0000000008001c42       0x58 ./Core/Src/hv_task/ads1220.o
 .text.setup_reg2
                0x0000000008001c9a       0x4e ./Core/Src/hv_task/ads1220.o
 .text.setup_reg3
                0x0000000008001ce8       0x46 ./Core/Src/hv_task/ads1220.o
 .text.comm_startsync
                0x0000000008001d2e       0x18 ./Core/Src/hv_task/ads1220.o
 *fill*         0x0000000008001d46        0x2 
 .text.read_dout
                0x0000000008001d48      0x254 ./Core/Src/hv_task/ads1220.o
 .text.check_negative_24_to_32
                0x0000000008001f9c       0x2e ./Core/Src/hv_task/ads1220.o
 .text.get_complement_code_16bit
                0x0000000008001fca       0x5e ./Core/Src/hv_task/ads1220.o
 .text.hv_task_init
                0x0000000008002028      0x124 ./Core/Src/hv_task/hv_task.o
                0x0000000008002028                hv_task_init
 .text.hv_get_output_A
                0x000000000800214c       0x28 ./Core/Src/hv_task/hv_task.o
                0x000000000800214c                hv_get_output_A
 .text.hv_get_output_B
                0x0000000008002174       0x28 ./Core/Src/hv_task/hv_task.o
                0x0000000008002174                hv_get_output_B
 .text.hv_set_output_A
                0x000000000800219c       0x48 ./Core/Src/hv_task/hv_task.o
                0x000000000800219c                hv_set_output_A
 .text.hv_set_output_B
                0x00000000080021e4       0x48 ./Core/Src/hv_task/hv_task.o
                0x00000000080021e4                hv_set_output_B
 .text.hv_get_output_temp
                0x000000000800222c       0x20 ./Core/Src/hv_task/hv_task.o
                0x000000000800222c                hv_get_output_temp
 .text.hv_adc_xdrdy_callback
                0x000000000800224c       0x2c ./Core/Src/hv_task/hv_task.o
                0x000000000800224c                hv_adc_xdrdy_callback
 .text.delayUs  0x0000000008002278       0x40 ./Core/Src/signal_task/ads1246.o
 .text.ads1246_init
                0x00000000080022b8       0x88 ./Core/Src/signal_task/ads1246.o
                0x00000000080022b8                ads1246_init
 .text.ads1246_set_spi
                0x0000000008002340       0x1c ./Core/Src/signal_task/ads1246.o
                0x0000000008002340                ads1246_set_spi
 .text.ads1246_set_cs_pin
                0x000000000800235c       0x26 ./Core/Src/signal_task/ads1246.o
                0x000000000800235c                ads1246_set_cs_pin
 .text.ads1246_set_xdrdy_pin
                0x0000000008002382       0x26 ./Core/Src/signal_task/ads1246.o
                0x0000000008002382                ads1246_set_xdrdy_pin
 .text.ads1246_set_reference_voltage
                0x00000000080023a8       0x30 ./Core/Src/signal_task/ads1246.o
                0x00000000080023a8                ads1246_set_reference_voltage
 .text.ads1246_setup
                0x00000000080023d8       0x80 ./Core/Src/signal_task/ads1246.o
                0x00000000080023d8                ads1246_setup
 .text.ads1246_update
                0x0000000008002458       0xe4 ./Core/Src/signal_task/ads1246.o
                0x0000000008002458                ads1246_update
 .text.ads1246_get_output
                0x000000000800253c       0x18 ./Core/Src/signal_task/ads1246.o
                0x000000000800253c                ads1246_get_output
 .text.ads1246_get_xdrdy_pin
                0x0000000008002554       0x18 ./Core/Src/signal_task/ads1246.o
                0x0000000008002554                ads1246_get_xdrdy_pin
 .text.spi_command
                0x000000000800256c       0x3c ./Core/Src/signal_task/ads1246.o
 .text.spi_select
                0x00000000080025a8       0x28 ./Core/Src/signal_task/ads1246.o
 .text.spi_deselect
                0x00000000080025d0       0x28 ./Core/Src/signal_task/ads1246.o
 .text.check_negative_24_to_32
                0x00000000080025f8       0x2e ./Core/Src/signal_task/ads1246.o
 *fill*         0x0000000008002626        0x2 
 .text.signal_task_init
                0x0000000008002628       0xd0 ./Core/Src/signal_task/signal_task.o
                0x0000000008002628                signal_task_init
 .text.signal_get_output_A
                0x00000000080026f8       0x14 ./Core/Src/signal_task/signal_task.o
                0x00000000080026f8                signal_get_output_A
 .text.signal_get_output_B
                0x000000000800270c       0x14 ./Core/Src/signal_task/signal_task.o
                0x000000000800270c                signal_get_output_B
 .text.signal_adc_xdrdy_callback
                0x0000000008002720       0x48 ./Core/Src/signal_task/signal_task.o
                0x0000000008002720                signal_adc_xdrdy_callback
 .text.socket   0x0000000008002768      0x228 ./Core/Src/w5500_task/socket.o
                0x0000000008002768                socket
 .text.close    0x0000000008002990       0xdc ./Core/Src/w5500_task/socket.o
                0x0000000008002990                close
 .text.listen   0x0000000008002a6c       0xb2 ./Core/Src/w5500_task/socket.o
                0x0000000008002a6c                listen
 *fill*         0x0000000008002b1e        0x2 
 .text.disconnect
                0x0000000008002b20       0xec ./Core/Src/w5500_task/socket.o
                0x0000000008002b20                disconnect
 .text.send     0x0000000008002c0c      0x1f4 ./Core/Src/w5500_task/socket.o
                0x0000000008002c0c                send
 .text.recv     0x0000000008002e00      0x16c ./Core/Src/w5500_task/socket.o
                0x0000000008002e00                recv
 .text.tcp_server_rx_init
                0x0000000008002f6c       0x38 ./Core/Src/w5500_task/tcp_server_rx.o
                0x0000000008002f6c                tcp_server_rx_init
 .text.tcp_server_rx_get
                0x0000000008002fa4       0x14 ./Core/Src/w5500_task/tcp_server_rx.o
                0x0000000008002fa4                tcp_server_rx_get
 .text.tcp_server_rx_size
                0x0000000008002fb8       0x10 ./Core/Src/w5500_task/tcp_server_rx.o
                0x0000000008002fb8                tcp_server_rx_size
 .text.tcp_server_rx_handle
                0x0000000008002fc8      0x138 ./Core/Src/w5500_task/tcp_server_rx.o
                0x0000000008002fc8                tcp_server_rx_handle
 .text.tcp_server_tx_init
                0x0000000008003100       0xbc ./Core/Src/w5500_task/tcp_server_tx.o
                0x0000000008003100                tcp_server_tx_init
 .text.tcp_server_tx_get
                0x00000000080031bc       0x14 ./Core/Src/w5500_task/tcp_server_tx.o
                0x00000000080031bc                tcp_server_tx_get
 .text.tcp_server_tx_size
                0x00000000080031d0       0x10 ./Core/Src/w5500_task/tcp_server_tx.o
                0x00000000080031d0                tcp_server_tx_size
 .text.tcp_server_tx_update
                0x00000000080031e0      0x18c ./Core/Src/w5500_task/tcp_server_tx.o
                0x00000000080031e0                tcp_server_tx_update
 .text.tcp_server_tx_set_value
                0x000000000800336c       0x44 ./Core/Src/w5500_task/tcp_server_tx.o
 .text.WIZCHIP_READ
                0x00000000080033b0       0x98 ./Core/Src/w5500_task/w5500.o
                0x00000000080033b0                WIZCHIP_READ
 .text.WIZCHIP_WRITE
                0x0000000008003448       0x9c ./Core/Src/w5500_task/w5500.o
                0x0000000008003448                WIZCHIP_WRITE
 .text.WIZCHIP_READ_BUF
                0x00000000080034e4       0xc0 ./Core/Src/w5500_task/w5500.o
                0x00000000080034e4                WIZCHIP_READ_BUF
 .text.WIZCHIP_WRITE_BUF
                0x00000000080035a4       0xc0 ./Core/Src/w5500_task/w5500.o
                0x00000000080035a4                WIZCHIP_WRITE_BUF
 .text.getSn_TX_FSR
                0x0000000008003664       0x96 ./Core/Src/w5500_task/w5500.o
                0x0000000008003664                getSn_TX_FSR
 .text.getSn_RX_RSR
                0x00000000080036fa       0x96 ./Core/Src/w5500_task/w5500.o
                0x00000000080036fa                getSn_RX_RSR
 .text.wiz_send_data
                0x0000000008003790       0xb8 ./Core/Src/w5500_task/w5500.o
                0x0000000008003790                wiz_send_data
 .text.wiz_recv_data
                0x0000000008003848       0xb8 ./Core/Src/w5500_task/w5500.o
                0x0000000008003848                wiz_recv_data
 .text.w5500_task_init
                0x0000000008003900       0x58 ./Core/Src/w5500_task/w5500_task.o
                0x0000000008003900                w5500_task_init
 .text.w5500_task_loop
                0x0000000008003958      0x108 ./Core/Src/w5500_task/w5500_task.o
                0x0000000008003958                w5500_task_loop
 .text._status  0x0000000008003a60       0x24 ./Core/Src/w5500_task/w5500_task.o
 .text._socket  0x0000000008003a84       0x34 ./Core/Src/w5500_task/w5500_task.o
 .text._listen  0x0000000008003ab8       0x28 ./Core/Src/w5500_task/w5500_task.o
 .text._disconnect
                0x0000000008003ae0       0x1c ./Core/Src/w5500_task/w5500_task.o
 .text._close   0x0000000008003afc       0x1c ./Core/Src/w5500_task/w5500_task.o
 .text._delay   0x0000000008003b18       0x1c ./Core/Src/w5500_task/w5500_task.o
 .text._set_long_delay
                0x0000000008003b34       0x30 ./Core/Src/w5500_task/w5500_task.o
 .text._set_short_delay
                0x0000000008003b64       0x30 ./Core/Src/w5500_task/w5500_task.o
 .text._check_connected
                0x0000000008003b94       0x40 ./Core/Src/w5500_task/w5500_task.o
 .text._receive
                0x0000000008003bd4       0x2c ./Core/Src/w5500_task/w5500_task.o
 .text._send    0x0000000008003c00       0x2c ./Core/Src/w5500_task/w5500_task.o
 .text.wizchip_cris_enter
                0x0000000008003c2c        0xe ./Core/Src/w5500_task/wizchip_conf.o
                0x0000000008003c2c                wizchip_cris_enter
 .text.wizchip_cris_exit
                0x0000000008003c3a        0xe ./Core/Src/w5500_task/wizchip_conf.o
                0x0000000008003c3a                wizchip_cris_exit
 .text.wizchip_cs_select
                0x0000000008003c48        0xe ./Core/Src/w5500_task/wizchip_conf.o
                0x0000000008003c48                wizchip_cs_select
 .text.wizchip_cs_deselect
                0x0000000008003c56        0xe ./Core/Src/w5500_task/wizchip_conf.o
                0x0000000008003c56                wizchip_cs_deselect
 .text.wizchip_bus_readdata
                0x0000000008003c64       0x1a ./Core/Src/w5500_task/wizchip_conf.o
                0x0000000008003c64                wizchip_bus_readdata
 .text.wizchip_bus_writedata
                0x0000000008003c7e       0x1e ./Core/Src/w5500_task/wizchip_conf.o
                0x0000000008003c7e                wizchip_bus_writedata
 .text.wizchip_spi_readbyte
                0x0000000008003c9c       0x10 ./Core/Src/w5500_task/wizchip_conf.o
                0x0000000008003c9c                wizchip_spi_readbyte
 .text.wizchip_spi_writebyte
                0x0000000008003cac       0x16 ./Core/Src/w5500_task/wizchip_conf.o
                0x0000000008003cac                wizchip_spi_writebyte
 .text.wizchip_spi_readburst
                0x0000000008003cc2       0x18 ./Core/Src/w5500_task/wizchip_conf.o
                0x0000000008003cc2                wizchip_spi_readburst
 .text.wizchip_spi_writeburst
                0x0000000008003cda       0x18 ./Core/Src/w5500_task/wizchip_conf.o
                0x0000000008003cda                wizchip_spi_writeburst
 *fill*         0x0000000008003cf2        0x2 
 .text.reg_wizchip_cs_cbfunc
                0x0000000008003cf4       0x4c ./Core/Src/w5500_task/wizchip_conf.o
                0x0000000008003cf4                reg_wizchip_cs_cbfunc
 .text.reg_wizchip_spi_cbfunc
                0x0000000008003d40       0x58 ./Core/Src/w5500_task/wizchip_conf.o
                0x0000000008003d40                reg_wizchip_spi_cbfunc
 .text.reg_wizchip_spiburst_cbfunc
                0x0000000008003d98       0x58 ./Core/Src/w5500_task/wizchip_conf.o
                0x0000000008003d98                reg_wizchip_spiburst_cbfunc
 .text.ctlnetwork
                0x0000000008003df0       0x7c ./Core/Src/w5500_task/wizchip_conf.o
                0x0000000008003df0                ctlnetwork
 .text.wizchip_sw_reset
                0x0000000008003e6c       0x98 ./Core/Src/w5500_task/wizchip_conf.o
                0x0000000008003e6c                wizchip_sw_reset
 .text.wizchip_init
                0x0000000008003f04      0x118 ./Core/Src/w5500_task/wizchip_conf.o
                0x0000000008003f04                wizchip_init
 .text.wizchip_setnetinfo
                0x000000000800401c       0x80 ./Core/Src/w5500_task/wizchip_conf.o
                0x000000000800401c                wizchip_setnetinfo
 .text.wizchip_getnetinfo
                0x000000000800409c       0x80 ./Core/Src/w5500_task/wizchip_conf.o
                0x000000000800409c                wizchip_getnetinfo
 .text.wizchip_setnetmode
                0x000000000800411c       0x44 ./Core/Src/w5500_task/wizchip_conf.o
                0x000000000800411c                wizchip_setnetmode
 .text.wizchip_getnetmode
                0x0000000008004160       0x10 ./Core/Src/w5500_task/wizchip_conf.o
                0x0000000008004160                wizchip_getnetmode
 .text.wizchip_settimeout
                0x0000000008004170       0x42 ./Core/Src/w5500_task/wizchip_conf.o
                0x0000000008004170                wizchip_settimeout
 .text.wizchip_gettimeout
                0x00000000080041b2       0x44 ./Core/Src/w5500_task/wizchip_conf.o
                0x00000000080041b2                wizchip_gettimeout
 *fill*         0x00000000080041f6        0x2 
 .text.W5500_Select
                0x00000000080041f8       0x18 ./Core/Src/w5500_task/wiznet_api.o
                0x00000000080041f8                W5500_Select
 .text.W5500_Deselect
                0x0000000008004210       0x18 ./Core/Src/w5500_task/wiznet_api.o
                0x0000000008004210                W5500_Deselect
 .text.W5500_ReadBuff
                0x0000000008004228       0x28 ./Core/Src/w5500_task/wiznet_api.o
                0x0000000008004228                W5500_ReadBuff
 .text.W5500_WriteBuff
                0x0000000008004250       0x28 ./Core/Src/w5500_task/wiznet_api.o
                0x0000000008004250                W5500_WriteBuff
 .text.W5500_ReadByte
                0x0000000008004278       0x1a ./Core/Src/w5500_task/wiznet_api.o
                0x0000000008004278                W5500_ReadByte
 .text.W5500_WriteByte
                0x0000000008004292       0x1c ./Core/Src/w5500_task/wiznet_api.o
                0x0000000008004292                W5500_WriteByte
 *fill*         0x00000000080042ae        0x2 
 .text.W5500_Init
                0x00000000080042b0      0x11c ./Core/Src/w5500_task/wiznet_api.o
                0x00000000080042b0                W5500_Init
 .text.Reset_Handler
                0x00000000080043cc       0x50 ./Core/Startup/startup_stm32f429zgtx.o
                0x00000000080043cc                Reset_Handler
 .text.Default_Handler
                0x000000000800441c        0x2 ./Core/Startup/startup_stm32f429zgtx.o
                0x000000000800441c                RTC_Alarm_IRQHandler
                0x000000000800441c                HASH_RNG_IRQHandler
                0x000000000800441c                EXTI2_IRQHandler
                0x000000000800441c                TIM8_CC_IRQHandler
                0x000000000800441c                UART8_IRQHandler
                0x000000000800441c                SPI4_IRQHandler
                0x000000000800441c                TIM1_CC_IRQHandler
                0x000000000800441c                DMA2_Stream5_IRQHandler
                0x000000000800441c                DMA1_Stream5_IRQHandler
                0x000000000800441c                PVD_IRQHandler
                0x000000000800441c                SDIO_IRQHandler
                0x000000000800441c                TAMP_STAMP_IRQHandler
                0x000000000800441c                CAN2_RX1_IRQHandler
                0x000000000800441c                TIM8_TRG_COM_TIM14_IRQHandler
                0x000000000800441c                TIM8_UP_TIM13_IRQHandler
                0x000000000800441c                I2C3_ER_IRQHandler
                0x000000000800441c                EXTI0_IRQHandler
                0x000000000800441c                I2C2_EV_IRQHandler
                0x000000000800441c                DMA1_Stream2_IRQHandler
                0x000000000800441c                CAN1_RX0_IRQHandler
                0x000000000800441c                FPU_IRQHandler
                0x000000000800441c                OTG_HS_WKUP_IRQHandler
                0x000000000800441c                LTDC_ER_IRQHandler
                0x000000000800441c                CAN2_SCE_IRQHandler
                0x000000000800441c                DMA2_Stream2_IRQHandler
                0x000000000800441c                SPI1_IRQHandler
                0x000000000800441c                TIM6_DAC_IRQHandler
                0x000000000800441c                TIM1_BRK_TIM9_IRQHandler
                0x000000000800441c                DCMI_IRQHandler
                0x000000000800441c                CAN2_RX0_IRQHandler
                0x000000000800441c                DMA2_Stream3_IRQHandler
                0x000000000800441c                USART6_IRQHandler
                0x000000000800441c                USART3_IRQHandler
                0x000000000800441c                CAN1_RX1_IRQHandler
                0x000000000800441c                UART5_IRQHandler
                0x000000000800441c                DMA2_Stream0_IRQHandler
                0x000000000800441c                TIM4_IRQHandler
                0x000000000800441c                I2C1_EV_IRQHandler
                0x000000000800441c                DMA1_Stream6_IRQHandler
                0x000000000800441c                DMA1_Stream1_IRQHandler
                0x000000000800441c                UART4_IRQHandler
                0x000000000800441c                TIM3_IRQHandler
                0x000000000800441c                RCC_IRQHandler
                0x000000000800441c                TIM8_BRK_TIM12_IRQHandler
                0x000000000800441c                Default_Handler
                0x000000000800441c                ADC_IRQHandler
                0x000000000800441c                DMA1_Stream7_IRQHandler
                0x000000000800441c                SPI5_IRQHandler
                0x000000000800441c                TIM7_IRQHandler
                0x000000000800441c                CAN2_TX_IRQHandler
                0x000000000800441c                TIM5_IRQHandler
                0x000000000800441c                DMA2_Stream7_IRQHandler
                0x000000000800441c                I2C3_EV_IRQHandler
                0x000000000800441c                RTC_WKUP_IRQHandler
                0x000000000800441c                LTDC_IRQHandler
                0x000000000800441c                ETH_WKUP_IRQHandler
                0x000000000800441c                SPI2_IRQHandler
                0x000000000800441c                OTG_HS_EP1_IN_IRQHandler
                0x000000000800441c                DMA1_Stream0_IRQHandler
                0x000000000800441c                CAN1_TX_IRQHandler
                0x000000000800441c                EXTI4_IRQHandler
                0x000000000800441c                ETH_IRQHandler
                0x000000000800441c                OTG_HS_EP1_OUT_IRQHandler
                0x000000000800441c                WWDG_IRQHandler
                0x000000000800441c                SPI6_IRQHandler
                0x000000000800441c                TIM2_IRQHandler
                0x000000000800441c                OTG_FS_WKUP_IRQHandler
                0x000000000800441c                TIM1_TRG_COM_TIM11_IRQHandler
                0x000000000800441c                OTG_HS_IRQHandler
                0x000000000800441c                DMA2D_IRQHandler
                0x000000000800441c                EXTI1_IRQHandler
                0x000000000800441c                UART7_IRQHandler
                0x000000000800441c                USART2_IRQHandler
                0x000000000800441c                I2C2_ER_IRQHandler
                0x000000000800441c                DMA2_Stream1_IRQHandler
                0x000000000800441c                CAN1_SCE_IRQHandler
                0x000000000800441c                FLASH_IRQHandler
                0x000000000800441c                DMA2_Stream4_IRQHandler
                0x000000000800441c                USART1_IRQHandler
                0x000000000800441c                OTG_FS_IRQHandler
                0x000000000800441c                SPI3_IRQHandler
                0x000000000800441c                DMA1_Stream4_IRQHandler
                0x000000000800441c                I2C1_ER_IRQHandler
                0x000000000800441c                FMC_IRQHandler
                0x000000000800441c                DMA2_Stream6_IRQHandler
                0x000000000800441c                SAI1_IRQHandler
                0x000000000800441c                DMA1_Stream3_IRQHandler
 *fill*         0x000000000800441e        0x2 
 .text.HAL_Init
                0x0000000008004420       0x44 ./Drivers/STM32F4xx_HAL_Driver/Src/stm32f4xx_hal.o
                0x0000000008004420                HAL_Init
 .text.HAL_IncTick
                0x0000000008004464       0x28 ./Drivers/STM32F4xx_HAL_Driver/Src/stm32f4xx_hal.o
                0x0000000008004464                HAL_IncTick
 .text.HAL_GetTick
                0x000000000800448c       0x18 ./Drivers/STM32F4xx_HAL_Driver/Src/stm32f4xx_hal.o
                0x000000000800448c                HAL_GetTick
 .text.HAL_Delay
                0x00000000080044a4       0x48 ./Drivers/STM32F4xx_HAL_Driver/Src/stm32f4xx_hal.o
                0x00000000080044a4                HAL_Delay
 .text.__NVIC_SetPriorityGrouping
                0x00000000080044ec       0x48 ./Drivers/STM32F4xx_HAL_Driver/Src/stm32f4xx_hal_cortex.o
 .text.__NVIC_GetPriorityGrouping
                0x0000000008004534       0x1c ./Drivers/STM32F4xx_HAL_Driver/Src/stm32f4xx_hal_cortex.o
 .text.__NVIC_EnableIRQ
                0x0000000008004550       0x3c ./Drivers/STM32F4xx_HAL_Driver/Src/stm32f4xx_hal_cortex.o
 .text.__NVIC_DisableIRQ
                0x000000000800458c       0x48 ./Drivers/STM32F4xx_HAL_Driver/Src/stm32f4xx_hal_cortex.o
 .text.__NVIC_SetPriority
                0x00000000080045d4       0x54 ./Drivers/STM32F4xx_HAL_Driver/Src/stm32f4xx_hal_cortex.o
 .text.NVIC_EncodePriority
                0x0000000008004628       0x66 ./Drivers/STM32F4xx_HAL_Driver/Src/stm32f4xx_hal_cortex.o
 .text.HAL_NVIC_SetPriorityGrouping
                0x000000000800468e       0x16 ./Drivers/STM32F4xx_HAL_Driver/Src/stm32f4xx_hal_cortex.o
                0x000000000800468e                HAL_NVIC_SetPriorityGrouping
 .text.HAL_NVIC_SetPriority
                0x00000000080046a4       0x38 ./Drivers/STM32F4xx_HAL_Driver/Src/stm32f4xx_hal_cortex.o
                0x00000000080046a4                HAL_NVIC_SetPriority
 .text.HAL_NVIC_EnableIRQ
                0x00000000080046dc       0x1c ./Drivers/STM32F4xx_HAL_Driver/Src/stm32f4xx_hal_cortex.o
                0x00000000080046dc                HAL_NVIC_EnableIRQ
 .text.HAL_NVIC_DisableIRQ
                0x00000000080046f8       0x1c ./Drivers/STM32F4xx_HAL_Driver/Src/stm32f4xx_hal_cortex.o
                0x00000000080046f8                HAL_NVIC_DisableIRQ
 .text.HAL_DAC_Init
                0x0000000008004714       0x44 ./Drivers/STM32F4xx_HAL_Driver/Src/stm32f4xx_hal_dac.o
                0x0000000008004714                HAL_DAC_Init
 .text.HAL_DAC_Start
                0x0000000008004758       0xae ./Drivers/STM32F4xx_HAL_Driver/Src/stm32f4xx_hal_dac.o
                0x0000000008004758                HAL_DAC_Start
 .text.HAL_DAC_SetValue
                0x0000000008004806       0x54 ./Drivers/STM32F4xx_HAL_Driver/Src/stm32f4xx_hal_dac.o
                0x0000000008004806                HAL_DAC_SetValue
 .text.HAL_DAC_ConfigChannel
                0x000000000800485a       0xb2 ./Drivers/STM32F4xx_HAL_Driver/Src/stm32f4xx_hal_dac.o
                0x000000000800485a                HAL_DAC_ConfigChannel
 .text.HAL_GPIO_Init
                0x000000000800490c      0x358 ./Drivers/STM32F4xx_HAL_Driver/Src/stm32f4xx_hal_gpio.o
                0x000000000800490c                HAL_GPIO_Init
 .text.HAL_GPIO_ReadPin
                0x0000000008004c64       0x30 ./Drivers/STM32F4xx_HAL_Driver/Src/stm32f4xx_hal_gpio.o
                0x0000000008004c64                HAL_GPIO_ReadPin
 .text.HAL_GPIO_WritePin
                0x0000000008004c94       0x32 ./Drivers/STM32F4xx_HAL_Driver/Src/stm32f4xx_hal_gpio.o
                0x0000000008004c94                HAL_GPIO_WritePin
 *fill*         0x0000000008004cc6        0x2 
 .text.HAL_GPIO_EXTI_IRQHandler
                0x0000000008004cc8       0x30 ./Drivers/STM32F4xx_HAL_Driver/Src/stm32f4xx_hal_gpio.o
                0x0000000008004cc8                HAL_GPIO_EXTI_IRQHandler
 .text.HAL_PWREx_EnableOverDrive
                0x0000000008004cf8       0xa0 ./Drivers/STM32F4xx_HAL_Driver/Src/stm32f4xx_hal_pwr_ex.o
                0x0000000008004cf8                HAL_PWREx_EnableOverDrive
 .text.HAL_RCC_OscConfig
                0x0000000008004d98      0x4f0 ./Drivers/STM32F4xx_HAL_Driver/Src/stm32f4xx_hal_rcc.o
                0x0000000008004d98                HAL_RCC_OscConfig
 .text.HAL_RCC_ClockConfig
                0x0000000008005288      0x1cc ./Drivers/STM32F4xx_HAL_Driver/Src/stm32f4xx_hal_rcc.o
                0x0000000008005288                HAL_RCC_ClockConfig
 .text.HAL_RCC_GetSysClockFreq
                0x0000000008005454      0x18c ./Drivers/STM32F4xx_HAL_Driver/Src/stm32f4xx_hal_rcc.o
                0x0000000008005454                HAL_RCC_GetSysClockFreq
 .text.HAL_RCC_GetHCLKFreq
                0x00000000080055e0       0x18 ./Drivers/STM32F4xx_HAL_Driver/Src/stm32f4xx_hal_rcc.o
                0x00000000080055e0                HAL_RCC_GetHCLKFreq
 .text.HAL_RCC_GetPCLK1Freq
                0x00000000080055f8       0x28 ./Drivers/STM32F4xx_HAL_Driver/Src/stm32f4xx_hal_rcc.o
                0x00000000080055f8                HAL_RCC_GetPCLK1Freq
 .text.HAL_RCC_GetPCLK2Freq
                0x0000000008005620       0x28 ./Drivers/STM32F4xx_HAL_Driver/Src/stm32f4xx_hal_rcc.o
                0x0000000008005620                HAL_RCC_GetPCLK2Freq
 .text.HAL_RCC_GetClockConfig
                0x0000000008005648       0x64 ./Drivers/STM32F4xx_HAL_Driver/Src/stm32f4xx_hal_rcc.o
                0x0000000008005648                HAL_RCC_GetClockConfig
 .text.HAL_SPI_Init
                0x00000000080056ac      0x112 ./Drivers/STM32F4xx_HAL_Driver/Src/stm32f4xx_hal_spi.o
                0x00000000080056ac                HAL_SPI_Init
 .text.HAL_SPI_Transmit
                0x00000000080057be      0x286 ./Drivers/STM32F4xx_HAL_Driver/Src/stm32f4xx_hal_spi.o
                0x00000000080057be                HAL_SPI_Transmit
 .text.HAL_SPI_Receive
                0x0000000008005a44      0x230 ./Drivers/STM32F4xx_HAL_Driver/Src/stm32f4xx_hal_spi.o
                0x0000000008005a44                HAL_SPI_Receive
 .text.HAL_SPI_TransmitReceive
                0x0000000008005c74      0x360 ./Drivers/STM32F4xx_HAL_Driver/Src/stm32f4xx_hal_spi.o
                0x0000000008005c74                HAL_SPI_TransmitReceive
 .text.HAL_SPI_GetState
                0x0000000008005fd4       0x1c ./Drivers/STM32F4xx_HAL_Driver/Src/stm32f4xx_hal_spi.o
                0x0000000008005fd4                HAL_SPI_GetState
 .text.SPI_WaitFlagStateUntilTimeout
                0x0000000008005ff0      0x110 ./Drivers/STM32F4xx_HAL_Driver/Src/stm32f4xx_hal_spi.o
 .text.SPI_EndRxTransaction
                0x0000000008006100       0xca ./Drivers/STM32F4xx_HAL_Driver/Src/stm32f4xx_hal_spi.o
 *fill*         0x00000000080061ca        0x2 
 .text.SPI_EndRxTxTransaction
                0x00000000080061cc       0xa8 ./Drivers/STM32F4xx_HAL_Driver/Src/stm32f4xx_hal_spi.o
 .text.HAL_TIM_Base_Init
                0x0000000008006274       0x9e ./Drivers/STM32F4xx_HAL_Driver/Src/stm32f4xx_hal_tim.o
                0x0000000008006274                HAL_TIM_Base_Init
 .text.HAL_TIM_Base_MspInit
                0x0000000008006312       0x14 ./Drivers/STM32F4xx_HAL_Driver/Src/stm32f4xx_hal_tim.o
                0x0000000008006312                HAL_TIM_Base_MspInit
 *fill*         0x0000000008006326        0x2 
 .text.HAL_TIM_Base_Start_IT
                0x0000000008006328       0xe0 ./Drivers/STM32F4xx_HAL_Driver/Src/stm32f4xx_hal_tim.o
                0x0000000008006328                HAL_TIM_Base_Start_IT
 .text.HAL_TIM_IRQHandler
                0x0000000008006408      0x1e0 ./Drivers/STM32F4xx_HAL_Driver/Src/stm32f4xx_hal_tim.o
                0x0000000008006408                HAL_TIM_IRQHandler
 .text.HAL_TIM_OC_DelayElapsedCallback
                0x00000000080065e8       0x14 ./Drivers/STM32F4xx_HAL_Driver/Src/stm32f4xx_hal_tim.o
                0x00000000080065e8                HAL_TIM_OC_DelayElapsedCallback
 .text.HAL_TIM_IC_CaptureCallback
                0x00000000080065fc       0x14 ./Drivers/STM32F4xx_HAL_Driver/Src/stm32f4xx_hal_tim.o
                0x00000000080065fc                HAL_TIM_IC_CaptureCallback
 .text.HAL_TIM_PWM_PulseFinishedCallback
                0x0000000008006610       0x14 ./Drivers/STM32F4xx_HAL_Driver/Src/stm32f4xx_hal_tim.o
                0x0000000008006610                HAL_TIM_PWM_PulseFinishedCallback
 .text.HAL_TIM_TriggerCallback
                0x0000000008006624       0x14 ./Drivers/STM32F4xx_HAL_Driver/Src/stm32f4xx_hal_tim.o
                0x0000000008006624                HAL_TIM_TriggerCallback
 .text.TIM_Base_SetConfig
                0x0000000008006638      0x158 ./Drivers/STM32F4xx_HAL_Driver/Src/stm32f4xx_hal_tim.o
                0x0000000008006638                TIM_Base_SetConfig
 .text.HAL_TIMEx_CommutCallback
                0x0000000008006790       0x14 ./Drivers/STM32F4xx_HAL_Driver/Src/stm32f4xx_hal_tim_ex.o
                0x0000000008006790                HAL_TIMEx_CommutCallback
 .text.HAL_TIMEx_BreakCallback
                0x00000000080067a4       0x14 ./Drivers/STM32F4xx_HAL_Driver/Src/stm32f4xx_hal_tim_ex.o
                0x00000000080067a4                HAL_TIMEx_BreakCallback
 .text.HAL_UART_Init
                0x00000000080067b8       0xa0 ./Drivers/STM32F4xx_HAL_Driver/Src/stm32f4xx_hal_uart.o
                0x00000000080067b8                HAL_UART_Init
 .text.UART_SetConfig
                0x0000000008006858      0x4e8 ./Drivers/STM32F4xx_HAL_Driver/Src/stm32f4xx_hal_uart.o
 .text.makeFreeRtosPriority
                0x0000000008006d40       0x30 ./Middlewares/Third_Party/FreeRTOS/Source/CMSIS_RTOS/cmsis_os.o
 .text.osKernelStart
                0x0000000008006d70        0xe ./Middlewares/Third_Party/FreeRTOS/Source/CMSIS_RTOS/cmsis_os.o
                0x0000000008006d70                osKernelStart
 .text.osThreadCreate
                0x0000000008006d7e       0x98 ./Middlewares/Third_Party/FreeRTOS/Source/CMSIS_RTOS/cmsis_os.o
                0x0000000008006d7e                osThreadCreate
 .text.vListInitialise
                0x0000000008006e16       0x40 ./Middlewares/Third_Party/FreeRTOS/Source/list.o
                0x0000000008006e16                vListInitialise
 .text.vListInitialiseItem
                0x0000000008006e56       0x1a ./Middlewares/Third_Party/FreeRTOS/Source/list.o
                0x0000000008006e56                vListInitialiseItem
 .text.vListInsertEnd
                0x0000000008006e70       0x48 ./Middlewares/Third_Party/FreeRTOS/Source/list.o
                0x0000000008006e70                vListInsertEnd
 .text.vListInsert
                0x0000000008006eb8       0x72 ./Middlewares/Third_Party/FreeRTOS/Source/list.o
                0x0000000008006eb8                vListInsert
 .text.uxListRemove
                0x0000000008006f2a       0x54 ./Middlewares/Third_Party/FreeRTOS/Source/list.o
                0x0000000008006f2a                uxListRemove
 .text.xTaskCreateStatic
                0x0000000008006f7e       0xba ./Middlewares/Third_Party/FreeRTOS/Source/tasks.o
                0x0000000008006f7e                xTaskCreateStatic
 .text.xTaskCreate
                0x0000000008007038       0x8a ./Middlewares/Third_Party/FreeRTOS/Source/tasks.o
                0x0000000008007038                xTaskCreate
 *fill*         0x00000000080070c2        0x2 
 .text.prvInitialiseNewTask
                0x00000000080070c4      0x13c ./Middlewares/Third_Party/FreeRTOS/Source/tasks.o
 .text.prvAddNewTaskToReadyList
                0x0000000008007200       0xd4 ./Middlewares/Third_Party/FreeRTOS/Source/tasks.o
 .text.vTaskDelayUntil
                0x00000000080072d4       0xfc ./Middlewares/Third_Party/FreeRTOS/Source/tasks.o
                0x00000000080072d4                vTaskDelayUntil
 .text.vTaskStartScheduler
                0x00000000080073d0       0xd4 ./Middlewares/Third_Party/FreeRTOS/Source/tasks.o
                0x00000000080073d0                vTaskStartScheduler
 .text.vTaskSuspendAll
                0x00000000080074a4       0x1c ./Middlewares/Third_Party/FreeRTOS/Source/tasks.o
                0x00000000080074a4                vTaskSuspendAll
 .text.xTaskResumeAll
                0x00000000080074c0      0x138 ./Middlewares/Third_Party/FreeRTOS/Source/tasks.o
                0x00000000080074c0                xTaskResumeAll
 .text.xTaskIncrementTick
                0x00000000080075f8      0x170 ./Middlewares/Third_Party/FreeRTOS/Source/tasks.o
                0x00000000080075f8                xTaskIncrementTick
 .text.vTaskSwitchContext
                0x0000000008007768       0xc4 ./Middlewares/Third_Party/FreeRTOS/Source/tasks.o
                0x0000000008007768                vTaskSwitchContext
 .text.prvIdleTask
                0x000000000800782c       0x30 ./Middlewares/Third_Party/FreeRTOS/Source/tasks.o
 .text.prvInitialiseTaskLists
                0x000000000800785c       0x80 ./Middlewares/Third_Party/FreeRTOS/Source/tasks.o
 .text.prvCheckTasksWaitingTermination
                0x00000000080078dc       0x5c ./Middlewares/Third_Party/FreeRTOS/Source/tasks.o
 .text.prvDeleteTCB
                0x0000000008007938       0x68 ./Middlewares/Third_Party/FreeRTOS/Source/tasks.o
 .text.prvResetNextTaskUnblockTime
                0x00000000080079a0       0x40 ./Middlewares/Third_Party/FreeRTOS/Source/tasks.o
 .text.prvAddCurrentTaskToDelayedList
                0x00000000080079e0       0xcc ./Middlewares/Third_Party/FreeRTOS/Source/tasks.o
 .text.pxPortInitialiseStack
                0x0000000008007aac       0x68 ./Middlewares/Third_Party/FreeRTOS/Source/portable/GCC/ARM_CM4F/port.o
                0x0000000008007aac                pxPortInitialiseStack
 .text.prvTaskExitError
                0x0000000008007b14       0x58 ./Middlewares/Third_Party/FreeRTOS/Source/portable/GCC/ARM_CM4F/port.o
 *fill*         0x0000000008007b6c        0x4 
 .text.SVC_Handler
                0x0000000008007b70       0x28 ./Middlewares/Third_Party/FreeRTOS/Source/portable/GCC/ARM_CM4F/port.o
                0x0000000008007b70                SVC_Handler
 .text.prvPortStartFirstTask
                0x0000000008007b98       0x28 ./Middlewares/Third_Party/FreeRTOS/Source/portable/GCC/ARM_CM4F/port.o
 .text.xPortStartScheduler
                0x0000000008007bc0      0x144 ./Middlewares/Third_Party/FreeRTOS/Source/portable/GCC/ARM_CM4F/port.o
                0x0000000008007bc0                xPortStartScheduler
 .text.vPortEnterCritical
                0x0000000008007d04       0x60 ./Middlewares/Third_Party/FreeRTOS/Source/portable/GCC/ARM_CM4F/port.o
                0x0000000008007d04                vPortEnterCritical
 .text.vPortExitCritical
                0x0000000008007d64       0x54 ./Middlewares/Third_Party/FreeRTOS/Source/portable/GCC/ARM_CM4F/port.o
                0x0000000008007d64                vPortExitCritical
 *fill*         0x0000000008007db8        0x8 
 .text.PendSV_Handler
                0x0000000008007dc0       0x68 ./Middlewares/Third_Party/FreeRTOS/Source/portable/GCC/ARM_CM4F/port.o
                0x0000000008007dc0                PendSV_Handler
 .text.SysTick_Handler
                0x0000000008007e28       0x44 ./Middlewares/Third_Party/FreeRTOS/Source/portable/GCC/ARM_CM4F/port.o
                0x0000000008007e28                SysTick_Handler
 .text.vPortSetupTimerInterrupt
                0x0000000008007e6c       0x48 ./Middlewares/Third_Party/FreeRTOS/Source/portable/GCC/ARM_CM4F/port.o
                0x0000000008007e6c                vPortSetupTimerInterrupt
 .text.vPortEnableVFP
                0x0000000008007eb4       0x14 ./Middlewares/Third_Party/FreeRTOS/Source/portable/GCC/ARM_CM4F/port.o
 .text.pvPortMalloc
                0x0000000008007ec8      0x198 ./Middlewares/Third_Party/FreeRTOS/Source/portable/MemMang/heap_4.o
                0x0000000008007ec8                pvPortMalloc
 .text.vPortFree
                0x0000000008008060       0xc4 ./Middlewares/Third_Party/FreeRTOS/Source/portable/MemMang/heap_4.o
                0x0000000008008060                vPortFree
 .text.prvHeapInit
                0x0000000008008124       0xc4 ./Middlewares/Third_Party/FreeRTOS/Source/portable/MemMang/heap_4.o
 .text.prvInsertBlockIntoFreeList
                0x00000000080081e8       0xb4 ./Middlewares/Third_Party/FreeRTOS/Source/portable/MemMang/heap_4.o
 .text.memset   0x000000000800829c       0x10 C:/ST/STM32CubeIDE_1.14.1/STM32CubeIDE/plugins/com.st.stm32cube.ide.mcu.externaltools.gnu-tools-for-stm32.11.3.rel1.win32_1.1.100.202309141235/tools/bin/../lib/gcc/arm-none-eabi/11.3.1/../../../../arm-none-eabi/lib/thumb/v7e-m+fp/hard\libc_nano.a(libc_a-memset.o)
                0x000000000800829c                memset
 .text._reclaim_reent
                0x00000000080082ac       0xac C:/ST/STM32CubeIDE_1.14.1/STM32CubeIDE/plugins/com.st.stm32cube.ide.mcu.externaltools.gnu-tools-for-stm32.11.3.rel1.win32_1.1.100.202309141235/tools/bin/../lib/gcc/arm-none-eabi/11.3.1/../../../../arm-none-eabi/lib/thumb/v7e-m+fp/hard\libc_nano.a(libc_a-reent.o)
                0x00000000080082ac                _reclaim_reent
 .text.__libc_init_array
                0x0000000008008358       0x48 C:/ST/STM32CubeIDE_1.14.1/STM32CubeIDE/plugins/com.st.stm32cube.ide.mcu.externaltools.gnu-tools-for-stm32.11.3.rel1.win32_1.1.100.202309141235/tools/bin/../lib/gcc/arm-none-eabi/11.3.1/../../../../arm-none-eabi/lib/thumb/v7e-m+fp/hard\libc_nano.a(libc_a-init.o)
                0x0000000008008358                __libc_init_array
 .text.__retarget_lock_acquire_recursive
                0x00000000080083a0        0x2 C:/ST/STM32CubeIDE_1.14.1/STM32CubeIDE/plugins/com.st.stm32cube.ide.mcu.externaltools.gnu-tools-for-stm32.11.3.rel1.win32_1.1.100.202309141235/tools/bin/../lib/gcc/arm-none-eabi/11.3.1/../../../../arm-none-eabi/lib/thumb/v7e-m+fp/hard\libc_nano.a(libc_a-lock.o)
                0x00000000080083a0                __retarget_lock_acquire_recursive
 .text.__retarget_lock_release_recursive
                0x00000000080083a2        0x2 C:/ST/STM32CubeIDE_1.14.1/STM32CubeIDE/plugins/com.st.stm32cube.ide.mcu.externaltools.gnu-tools-for-stm32.11.3.rel1.win32_1.1.100.202309141235/tools/bin/../lib/gcc/arm-none-eabi/11.3.1/../../../../arm-none-eabi/lib/thumb/v7e-m+fp/hard\libc_nano.a(libc_a-lock.o)
                0x00000000080083a2                __retarget_lock_release_recursive
 .text.memcpy   0x00000000080083a4       0x1c C:/ST/STM32CubeIDE_1.14.1/STM32CubeIDE/plugins/com.st.stm32cube.ide.mcu.externaltools.gnu-tools-for-stm32.11.3.rel1.win32_1.1.100.202309141235/tools/bin/../lib/gcc/arm-none-eabi/11.3.1/../../../../arm-none-eabi/lib/thumb/v7e-m+fp/hard\libc_nano.a(libc_a-memcpy-stub.o)
                0x00000000080083a4                memcpy
 .text._free_r  0x00000000080083c0       0x98 C:/ST/STM32CubeIDE_1.14.1/STM32CubeIDE/plugins/com.st.stm32cube.ide.mcu.externaltools.gnu-tools-for-stm32.11.3.rel1.win32_1.1.100.202309141235/tools/bin/../lib/gcc/arm-none-eabi/11.3.1/../../../../arm-none-eabi/lib/thumb/v7e-m+fp/hard\libc_nano.a(libc_a-freer.o)
                0x00000000080083c0                _free_r
 .text.__malloc_lock
                0x0000000008008458        0xc C:/ST/STM32CubeIDE_1.14.1/STM32CubeIDE/plugins/com.st.stm32cube.ide.mcu.externaltools.gnu-tools-for-stm32.11.3.rel1.win32_1.1.100.202309141235/tools/bin/../lib/gcc/arm-none-eabi/11.3.1/../../../../arm-none-eabi/lib/thumb/v7e-m+fp/hard\libc_nano.a(libc_a-mlock.o)
                0x0000000008008458                __malloc_lock
 .text.__malloc_unlock
                0x0000000008008464        0xc C:/ST/STM32CubeIDE_1.14.1/STM32CubeIDE/plugins/com.st.stm32cube.ide.mcu.externaltools.gnu-tools-for-stm32.11.3.rel1.win32_1.1.100.202309141235/tools/bin/../lib/gcc/arm-none-eabi/11.3.1/../../../../arm-none-eabi/lib/thumb/v7e-m+fp/hard\libc_nano.a(libc_a-mlock.o)
                0x0000000008008464                __malloc_unlock
 *(.glue_7)
 .glue_7        0x0000000008008470        0x0 linker stubs
 *(.glue_7t)
 .glue_7t       0x0000000008008470        0x0 linker stubs
 *(.eh_frame)
 .eh_frame      0x0000000008008470        0x0 C:/ST/STM32CubeIDE_1.14.1/STM32CubeIDE/plugins/com.st.stm32cube.ide.mcu.externaltools.gnu-tools-for-stm32.11.3.rel1.win32_1.1.100.202309141235/tools/bin/../lib/gcc/arm-none-eabi/11.3.1/thumb/v7e-m+fp/hard/crtbegin.o
 *(.init)
 .init          0x0000000008008470        0x4 C:/ST/STM32CubeIDE_1.14.1/STM32CubeIDE/plugins/com.st.stm32cube.ide.mcu.externaltools.gnu-tools-for-stm32.11.3.rel1.win32_1.1.100.202309141235/tools/bin/../lib/gcc/arm-none-eabi/11.3.1/thumb/v7e-m+fp/hard/crti.o
                0x0000000008008470                _init
 .init          0x0000000008008474        0x8 C:/ST/STM32CubeIDE_1.14.1/STM32CubeIDE/plugins/com.st.stm32cube.ide.mcu.externaltools.gnu-tools-for-stm32.11.3.rel1.win32_1.1.100.202309141235/tools/bin/../lib/gcc/arm-none-eabi/11.3.1/thumb/v7e-m+fp/hard/crtn.o
 *(.fini)
 .fini          0x000000000800847c        0x4 C:/ST/STM32CubeIDE_1.14.1/STM32CubeIDE/plugins/com.st.stm32cube.ide.mcu.externaltools.gnu-tools-for-stm32.11.3.rel1.win32_1.1.100.202309141235/tools/bin/../lib/gcc/arm-none-eabi/11.3.1/thumb/v7e-m+fp/hard/crti.o
                0x000000000800847c                _fini
 .fini          0x0000000008008480        0x8 C:/ST/STM32CubeIDE_1.14.1/STM32CubeIDE/plugins/com.st.stm32cube.ide.mcu.externaltools.gnu-tools-for-stm32.11.3.rel1.win32_1.1.100.202309141235/tools/bin/../lib/gcc/arm-none-eabi/11.3.1/thumb/v7e-m+fp/hard/crtn.o
                0x0000000008008488                . = ALIGN (0x4)
                0x0000000008008488                _etext = .

.vfp11_veneer   0x0000000008008488        0x0
 .vfp11_veneer  0x0000000008008488        0x0 linker stubs

.v4_bx          0x0000000008008488        0x0
 .v4_bx         0x0000000008008488        0x0 linker stubs

.iplt           0x0000000008008488        0x0
 .iplt          0x0000000008008488        0x0 C:/ST/STM32CubeIDE_1.14.1/STM32CubeIDE/plugins/com.st.stm32cube.ide.mcu.externaltools.gnu-tools-for-stm32.11.3.rel1.win32_1.1.100.202309141235/tools/bin/../lib/gcc/arm-none-eabi/11.3.1/thumb/v7e-m+fp/hard/crtbegin.o

.rodata         0x0000000008008488       0x9c
                0x0000000008008488                . = ALIGN (0x4)
 *(.rodata)
 .rodata        0x0000000008008488       0x28 ./Core/Src/main.o
 .rodata        0x00000000080084b0        0x4 ./Core/Src/w5500_task/tcp_server_rx.o
 .rodata        0x00000000080084b4       0x30 ./Core/Src/w5500_task/tcp_server_tx.o
 .rodata        0x00000000080084e4       0x20 ./Core/Src/w5500_task/wiznet_api.o
 .rodata        0x0000000008008504        0x5 ./Middlewares/Third_Party/FreeRTOS/Source/tasks.o
 *(.rodata*)
 *fill*         0x0000000008008509        0x3 
 .rodata.AHBPrescTable
                0x000000000800850c       0x10 ./Core/Src/system_stm32f4xx.o
                0x000000000800850c                AHBPrescTable
 .rodata.APBPrescTable
                0x000000000800851c        0x8 ./Core/Src/system_stm32f4xx.o
                0x000000000800851c                APBPrescTable
                0x0000000008008524                . = ALIGN (0x4)

.ARM.extab      0x0000000008008524        0x0
                0x0000000008008524                . = ALIGN (0x4)
 *(.ARM.extab* .gnu.linkonce.armextab.*)
                0x0000000008008524                . = ALIGN (0x4)

.ARM            0x0000000008008524        0x8
                0x0000000008008524                . = ALIGN (0x4)
                0x0000000008008524                __exidx_start = .
 *(.ARM.exidx*)
 .ARM.exidx     0x0000000008008524        0x8 C:/ST/STM32CubeIDE_1.14.1/STM32CubeIDE/plugins/com.st.stm32cube.ide.mcu.externaltools.gnu-tools-for-stm32.11.3.rel1.win32_1.1.100.202309141235/tools/bin/../lib/gcc/arm-none-eabi/11.3.1/thumb/v7e-m+fp/hard\libgcc.a(_udivmoddi4.o)
                0x000000000800852c                __exidx_end = .
                0x000000000800852c                . = ALIGN (0x4)

.rel.dyn        0x000000000800852c        0x0
 .rel.iplt      0x000000000800852c        0x0 C:/ST/STM32CubeIDE_1.14.1/STM32CubeIDE/plugins/com.st.stm32cube.ide.mcu.externaltools.gnu-tools-for-stm32.11.3.rel1.win32_1.1.100.202309141235/tools/bin/../lib/gcc/arm-none-eabi/11.3.1/thumb/v7e-m+fp/hard/crtbegin.o

.preinit_array  0x000000000800852c        0x0
                0x000000000800852c                . = ALIGN (0x4)
                0x000000000800852c                PROVIDE (__preinit_array_start = .)
 *(.preinit_array*)
                0x000000000800852c                PROVIDE (__preinit_array_end = .)
                0x000000000800852c                . = ALIGN (0x4)

.init_array     0x000000000800852c        0x4
                0x000000000800852c                . = ALIGN (0x4)
                0x000000000800852c                PROVIDE (__init_array_start = .)
 *(SORT_BY_NAME(.init_array.*))
 *(.init_array*)
 .init_array    0x000000000800852c        0x4 C:/ST/STM32CubeIDE_1.14.1/STM32CubeIDE/plugins/com.st.stm32cube.ide.mcu.externaltools.gnu-tools-for-stm32.11.3.rel1.win32_1.1.100.202309141235/tools/bin/../lib/gcc/arm-none-eabi/11.3.1/thumb/v7e-m+fp/hard/crtbegin.o
                0x0000000008008530                PROVIDE (__init_array_end = .)
                0x0000000008008530                . = ALIGN (0x4)

.fini_array     0x0000000008008530        0x4
                0x0000000008008530                . = ALIGN (0x4)
                [!provide]                        PROVIDE (__fini_array_start = .)
 *(SORT_BY_NAME(.fini_array.*))
 *(.fini_array*)
 .fini_array    0x0000000008008530        0x4 C:/ST/STM32CubeIDE_1.14.1/STM32CubeIDE/plugins/com.st.stm32cube.ide.mcu.externaltools.gnu-tools-for-stm32.11.3.rel1.win32_1.1.100.202309141235/tools/bin/../lib/gcc/arm-none-eabi/11.3.1/thumb/v7e-m+fp/hard/crtbegin.o
                [!provide]                        PROVIDE (__fini_array_end = .)
                0x0000000008008534                . = ALIGN (0x4)
                0x0000000008008534                _sidata = LOADADDR (.data)

.data           0x0000000020000000       0x90 load address 0x0000000008008534
                0x0000000020000000                . = ALIGN (0x4)
                0x0000000020000000                _sdata = .
 *(.data)
 *(.data*)
 .data.SystemCoreClock
                0x0000000020000000        0x4 ./Core/Src/system_stm32f4xx.o
                0x0000000020000000                SystemCoreClock
 .data.CMD_NOP  0x0000000020000004        0x1 ./Core/Src/signal_task/ads1246.o
 .data.CMD_RDATA
                0x0000000020000005        0x1 ./Core/Src/signal_task/ads1246.o
 .data.CMD_WREG
                0x0000000020000006        0x1 ./Core/Src/signal_task/ads1246.o
 .data.REG_SYS0
                0x0000000020000007        0x1 ./Core/Src/signal_task/ads1246.o
 .data.sock_any_port
                0x0000000020000008        0x2 ./Core/Src/w5500_task/socket.o
 *fill*         0x000000002000000a        0x2 
 .data.WIZCHIP  0x000000002000000c       0x28 ./Core/Src/w5500_task/wizchip_conf.o
                0x000000002000000c                WIZCHIP
 .data.uwTickPrio
                0x0000000020000034        0x4 ./Drivers/STM32F4xx_HAL_Driver/Src/stm32f4xx_hal.o
                0x0000000020000034                uwTickPrio
 .data.uwTickFreq
                0x0000000020000038        0x1 ./Drivers/STM32F4xx_HAL_Driver/Src/stm32f4xx_hal.o
                0x0000000020000038                uwTickFreq
 *fill*         0x0000000020000039        0x3 
 .data.uxCriticalNesting
                0x000000002000003c        0x4 ./Middlewares/Third_Party/FreeRTOS/Source/portable/GCC/ARM_CM4F/port.o
 .data._impure_data
                0x0000000020000040       0x4c C:/ST/STM32CubeIDE_1.14.1/STM32CubeIDE/plugins/com.st.stm32cube.ide.mcu.externaltools.gnu-tools-for-stm32.11.3.rel1.win32_1.1.100.202309141235/tools/bin/../lib/gcc/arm-none-eabi/11.3.1/../../../../arm-none-eabi/lib/thumb/v7e-m+fp/hard\libc_nano.a(libc_a-impure.o)
                0x0000000020000040                _impure_data
 .data._impure_ptr
                0x000000002000008c        0x4 C:/ST/STM32CubeIDE_1.14.1/STM32CubeIDE/plugins/com.st.stm32cube.ide.mcu.externaltools.gnu-tools-for-stm32.11.3.rel1.win32_1.1.100.202309141235/tools/bin/../lib/gcc/arm-none-eabi/11.3.1/../../../../arm-none-eabi/lib/thumb/v7e-m+fp/hard\libc_nano.a(libc_a-impure.o)
                0x000000002000008c                _impure_ptr
 *(.RamFunc)
 *(.RamFunc*)
                0x0000000020000090                . = ALIGN (0x4)
                0x0000000020000090                _edata = .
                0x00000000080085c4                _siccmram = LOADADDR (.ccmram)

.igot.plt       0x0000000020000090        0x0 load address 0x00000000080085c4
 .igot.plt      0x0000000020000090        0x0 C:/ST/STM32CubeIDE_1.14.1/STM32CubeIDE/plugins/com.st.stm32cube.ide.mcu.externaltools.gnu-tools-for-stm32.11.3.rel1.win32_1.1.100.202309141235/tools/bin/../lib/gcc/arm-none-eabi/11.3.1/thumb/v7e-m+fp/hard/crtbegin.o

.ccmram         0x0000000010000000        0x0 load address 0x00000000080085c4
                0x0000000010000000                . = ALIGN (0x4)
                0x0000000010000000                _sccmram = .
 *(.ccmram)
 *(.ccmram*)
                0x0000000010000000                . = ALIGN (0x4)
                0x0000000010000000                _eccmram = .
                0x0000000010000000                . = ALIGN (0x4)

.bss            0x0000000020000090     0x53e0
                0x0000000020000090                _sbss = .
                0x0000000020000090                __bss_start__ = _sbss
 *(.bss)
 .bss           0x0000000020000090       0x1c C:/ST/STM32CubeIDE_1.14.1/STM32CubeIDE/plugins/com.st.stm32cube.ide.mcu.externaltools.gnu-tools-for-stm32.11.3.rel1.win32_1.1.100.202309141235/tools/bin/../lib/gcc/arm-none-eabi/11.3.1/thumb/v7e-m+fp/hard/crtbegin.o
 *(.bss*)
 .bss.xIdleTaskTCBBuffer
                0x00000000200000ac       0xa0 ./Core/Src/freertos.o
 .bss.xIdleStack
                0x000000002000014c     0x1000 ./Core/Src/freertos.o
 .bss.hdac      0x000000002000114c       0x14 ./Core/Src/main.o
                0x000000002000114c                hdac
 .bss.hspi1     0x0000000020001160       0x58 ./Core/Src/main.o
                0x0000000020001160                hspi1
 .bss.hspi2     0x00000000200011b8       0x58 ./Core/Src/main.o
                0x00000000200011b8                hspi2
 .bss.hspi3     0x0000000020001210       0x58 ./Core/Src/main.o
                0x0000000020001210                hspi3
 .bss.hspi4     0x0000000020001268       0x58 ./Core/Src/main.o
                0x0000000020001268                hspi4
 .bss.huart1    0x00000000200012c0       0x48 ./Core/Src/main.o
                0x00000000200012c0                huart1
 .bss.defaultTaskHandle
                0x0000000020001308        0x4 ./Core/Src/main.o
                0x0000000020001308                defaultTaskHandle
 .bss.htim1     0x000000002000130c       0x48 ./Core/Src/stm32f4xx_hal_timebase_tim.o
                0x000000002000130c                htim1
 *fill*         0x0000000020001354        0x4 
 .bss.task      0x0000000020001358       0x68 ./Core/Src/hv_task/hv_task.o
 .bss.CMD_WAKEUP
                0x00000000200013c0        0x1 ./Core/Src/signal_task/ads1246.o
 *fill*         0x00000000200013c1        0x7 
 .bss.task      0x00000000200013c8       0x70 ./Core/Src/signal_task/signal_task.o
 .bss.sock_io_mode
                0x0000000020001438        0x2 ./Core/Src/w5500_task/socket.o
 .bss.sock_is_sending
                0x000000002000143a        0x2 ./Core/Src/w5500_task/socket.o
 .bss.sock_remained_size
                0x000000002000143c       0x10 ./Core/Src/w5500_task/socket.o
 .bss.sock_pack_info
                0x000000002000144c        0x8 ./Core/Src/w5500_task/socket.o
                0x000000002000144c                sock_pack_info
 .bss.data      0x0000000020001454       0x4a ./Core/Src/w5500_task/tcp_server_rx.o
 *fill*         0x000000002000149e        0x2 
 .bss.data      0x00000000200014a0       0x98 ./Core/Src/w5500_task/tcp_server_tx.o
 .bss.data      0x0000000020001538       0x98 ./Core/Src/w5500_task/w5500_task.o
 .bss._DNS_     0x00000000200015d0        0x4 ./Core/Src/w5500_task/wizchip_conf.o
 .bss._DHCP_    0x00000000200015d4        0x1 ./Core/Src/w5500_task/wizchip_conf.o
 *fill*         0x00000000200015d5        0x3 
 .bss.uwTick    0x00000000200015d8        0x4 ./Drivers/STM32F4xx_HAL_Driver/Src/stm32f4xx_hal.o
                0x00000000200015d8                uwTick
 .bss.pxCurrentTCB
                0x00000000200015dc        0x4 ./Middlewares/Third_Party/FreeRTOS/Source/tasks.o
                0x00000000200015dc                pxCurrentTCB
 .bss.pxReadyTasksLists
                0x00000000200015e0       0x8c ./Middlewares/Third_Party/FreeRTOS/Source/tasks.o
 .bss.xDelayedTaskList1
                0x000000002000166c       0x14 ./Middlewares/Third_Party/FreeRTOS/Source/tasks.o
 .bss.xDelayedTaskList2
                0x0000000020001680       0x14 ./Middlewares/Third_Party/FreeRTOS/Source/tasks.o
 .bss.pxDelayedTaskList
                0x0000000020001694        0x4 ./Middlewares/Third_Party/FreeRTOS/Source/tasks.o
 .bss.pxOverflowDelayedTaskList
                0x0000000020001698        0x4 ./Middlewares/Third_Party/FreeRTOS/Source/tasks.o
 .bss.xPendingReadyList
                0x000000002000169c       0x14 ./Middlewares/Third_Party/FreeRTOS/Source/tasks.o
 .bss.xTasksWaitingTermination
                0x00000000200016b0       0x14 ./Middlewares/Third_Party/FreeRTOS/Source/tasks.o
 .bss.uxDeletedTasksWaitingCleanUp
                0x00000000200016c4        0x4 ./Middlewares/Third_Party/FreeRTOS/Source/tasks.o
 .bss.xSuspendedTaskList
                0x00000000200016c8       0x14 ./Middlewares/Third_Party/FreeRTOS/Source/tasks.o
 .bss.uxCurrentNumberOfTasks
                0x00000000200016dc        0x4 ./Middlewares/Third_Party/FreeRTOS/Source/tasks.o
 .bss.xTickCount
                0x00000000200016e0        0x4 ./Middlewares/Third_Party/FreeRTOS/Source/tasks.o
 .bss.uxTopReadyPriority
                0x00000000200016e4        0x4 ./Middlewares/Third_Party/FreeRTOS/Source/tasks.o
 .bss.xSchedulerRunning
                0x00000000200016e8        0x4 ./Middlewares/Third_Party/FreeRTOS/Source/tasks.o
 .bss.xPendedTicks
                0x00000000200016ec        0x4 ./Middlewares/Third_Party/FreeRTOS/Source/tasks.o
 .bss.xYieldPending
                0x00000000200016f0        0x4 ./Middlewares/Third_Party/FreeRTOS/Source/tasks.o
 .bss.xNumOfOverflows
                0x00000000200016f4        0x4 ./Middlewares/Third_Party/FreeRTOS/Source/tasks.o
 .bss.uxTaskNumber
                0x00000000200016f8        0x4 ./Middlewares/Third_Party/FreeRTOS/Source/tasks.o
 .bss.xNextTaskUnblockTime
                0x00000000200016fc        0x4 ./Middlewares/Third_Party/FreeRTOS/Source/tasks.o
 .bss.xIdleTaskHandle
                0x0000000020001700        0x4 ./Middlewares/Third_Party/FreeRTOS/Source/tasks.o
 .bss.uxSchedulerSuspended
                0x0000000020001704        0x4 ./Middlewares/Third_Party/FreeRTOS/Source/tasks.o
 .bss.ucMaxSysCallPriority
                0x0000000020001708        0x1 ./Middlewares/Third_Party/FreeRTOS/Source/portable/GCC/ARM_CM4F/port.o
 *fill*         0x0000000020001709        0x3 
 .bss.ulMaxPRIGROUPValue
                0x000000002000170c        0x4 ./Middlewares/Third_Party/FreeRTOS/Source/portable/GCC/ARM_CM4F/port.o
 .bss.ucHeap    0x0000000020001710     0x3c00 ./Middlewares/Third_Party/FreeRTOS/Source/portable/MemMang/heap_4.o
 .bss.xStart    0x0000000020005310        0x8 ./Middlewares/Third_Party/FreeRTOS/Source/portable/MemMang/heap_4.o
 .bss.pxEnd     0x0000000020005318        0x4 ./Middlewares/Third_Party/FreeRTOS/Source/portable/MemMang/heap_4.o
 .bss.xFreeBytesRemaining
                0x000000002000531c        0x4 ./Middlewares/Third_Party/FreeRTOS/Source/portable/MemMang/heap_4.o
 .bss.xMinimumEverFreeBytesRemaining
                0x0000000020005320        0x4 ./Middlewares/Third_Party/FreeRTOS/Source/portable/MemMang/heap_4.o
 .bss.xNumberOfSuccessfulAllocations
                0x0000000020005324        0x4 ./Middlewares/Third_Party/FreeRTOS/Source/portable/MemMang/heap_4.o
 .bss.xNumberOfSuccessfulFrees
                0x0000000020005328        0x4 ./Middlewares/Third_Party/FreeRTOS/Source/portable/MemMang/heap_4.o
 .bss.xBlockAllocatedBit
                0x000000002000532c        0x4 ./Middlewares/Third_Party/FreeRTOS/Source/portable/MemMang/heap_4.o
 .bss.__sf      0x0000000020005330      0x138 C:/ST/STM32CubeIDE_1.14.1/STM32CubeIDE/plugins/com.st.stm32cube.ide.mcu.externaltools.gnu-tools-for-stm32.11.3.rel1.win32_1.1.100.202309141235/tools/bin/../lib/gcc/arm-none-eabi/11.3.1/../../../../arm-none-eabi/lib/thumb/v7e-m+fp/hard\libc_nano.a(libc_a-findfp.o)
                0x0000000020005330                __sf
 .bss.__lock___malloc_recursive_mutex
                0x0000000020005468        0x1 C:/ST/STM32CubeIDE_1.14.1/STM32CubeIDE/plugins/com.st.stm32cube.ide.mcu.externaltools.gnu-tools-for-stm32.11.3.rel1.win32_1.1.100.202309141235/tools/bin/../lib/gcc/arm-none-eabi/11.3.1/../../../../arm-none-eabi/lib/thumb/v7e-m+fp/hard\libc_nano.a(libc_a-lock.o)
                0x0000000020005468                __lock___malloc_recursive_mutex
 *fill*         0x0000000020005469        0x3 
 .bss.__malloc_free_list
                0x000000002000546c        0x4 C:/ST/STM32CubeIDE_1.14.1/STM32CubeIDE/plugins/com.st.stm32cube.ide.mcu.externaltools.gnu-tools-for-stm32.11.3.rel1.win32_1.1.100.202309141235/tools/bin/../lib/gcc/arm-none-eabi/11.3.1/../../../../arm-none-eabi/lib/thumb/v7e-m+fp/hard\libc_nano.a(libc_a-mallocr.o)
                0x000000002000546c                __malloc_free_list
 *(COMMON)
                0x0000000020005470                . = ALIGN (0x4)
                0x0000000020005470                _ebss = .
                0x0000000020005470                __bss_end__ = _ebss

._user_heap_stack
                0x0000000020005470      0x600
                0x0000000020005470                . = ALIGN (0x8)
                [!provide]                        PROVIDE (end = .)
                0x0000000020005470                PROVIDE (_end = .)
                0x0000000020005670                . = (. + _Min_Heap_Size)
 *fill*         0x0000000020005470      0x200 
                0x0000000020005a70                . = (. + _Min_Stack_Size)
 *fill*         0x0000000020005670      0x400 
                0x0000000020005a70                . = ALIGN (0x8)

/DISCARD/
 libc.a(*)
 libm.a(*)
 libgcc.a(*)

.ARM.attributes
                0x0000000000000000       0x30
 *(.ARM.attributes)
 .ARM.attributes
                0x0000000000000000       0x1e C:/ST/STM32CubeIDE_1.14.1/STM32CubeIDE/plugins/com.st.stm32cube.ide.mcu.externaltools.gnu-tools-for-stm32.11.3.rel1.win32_1.1.100.202309141235/tools/bin/../lib/gcc/arm-none-eabi/11.3.1/thumb/v7e-m+fp/hard/crti.o
 .ARM.attributes
                0x000000000000001e       0x34 C:/ST/STM32CubeIDE_1.14.1/STM32CubeIDE/plugins/com.st.stm32cube.ide.mcu.externaltools.gnu-tools-for-stm32.11.3.rel1.win32_1.1.100.202309141235/tools/bin/../lib/gcc/arm-none-eabi/11.3.1/thumb/v7e-m+fp/hard/crtbegin.o
 .ARM.attributes
                0x0000000000000052       0x34 ./Core/Src/freertos.o
 .ARM.attributes
                0x0000000000000086       0x34 ./Core/Src/main.o
 .ARM.attributes
                0x00000000000000ba       0x34 ./Core/Src/stm32f4xx_hal_msp.o
 .ARM.attributes
                0x00000000000000ee       0x34 ./Core/Src/stm32f4xx_hal_timebase_tim.o
 .ARM.attributes
                0x0000000000000122       0x34 ./Core/Src/stm32f4xx_it.o
 .ARM.attributes
                0x0000000000000156       0x34 ./Core/Src/system_stm32f4xx.o
 .ARM.attributes
                0x000000000000018a       0x34 ./Core/Src/hv_task/ads1220.o
 .ARM.attributes
                0x00000000000001be       0x34 ./Core/Src/hv_task/hv_task.o
 .ARM.attributes
                0x00000000000001f2       0x34 ./Core/Src/signal_task/ads1246.o
 .ARM.attributes
                0x0000000000000226       0x34 ./Core/Src/signal_task/signal_task.o
 .ARM.attributes
                0x000000000000025a       0x34 ./Core/Src/w5500_task/socket.o
 .ARM.attributes
                0x000000000000028e       0x34 ./Core/Src/w5500_task/tcp_server_rx.o
 .ARM.attributes
                0x00000000000002c2       0x34 ./Core/Src/w5500_task/tcp_server_tx.o
 .ARM.attributes
                0x00000000000002f6       0x34 ./Core/Src/w5500_task/w5500.o
 .ARM.attributes
                0x000000000000032a       0x34 ./Core/Src/w5500_task/w5500_task.o
 .ARM.attributes
                0x000000000000035e       0x34 ./Core/Src/w5500_task/wizchip_conf.o
 .ARM.attributes
                0x0000000000000392       0x34 ./Core/Src/w5500_task/wiznet_api.o
 .ARM.attributes
                0x00000000000003c6       0x21 ./Core/Startup/startup_stm32f429zgtx.o
 .ARM.attributes
                0x00000000000003e7       0x34 ./Drivers/STM32F4xx_HAL_Driver/Src/stm32f4xx_hal.o
 .ARM.attributes
                0x000000000000041b       0x34 ./Drivers/STM32F4xx_HAL_Driver/Src/stm32f4xx_hal_cortex.o
 .ARM.attributes
                0x000000000000044f       0x34 ./Drivers/STM32F4xx_HAL_Driver/Src/stm32f4xx_hal_dac.o
 .ARM.attributes
                0x0000000000000483       0x34 ./Drivers/STM32F4xx_HAL_Driver/Src/stm32f4xx_hal_gpio.o
 .ARM.attributes
                0x00000000000004b7       0x34 ./Drivers/STM32F4xx_HAL_Driver/Src/stm32f4xx_hal_pwr_ex.o
 .ARM.attributes
                0x00000000000004eb       0x34 ./Drivers/STM32F4xx_HAL_Driver/Src/stm32f4xx_hal_rcc.o
 .ARM.attributes
                0x000000000000051f       0x34 ./Drivers/STM32F4xx_HAL_Driver/Src/stm32f4xx_hal_spi.o
 .ARM.attributes
                0x0000000000000553       0x34 ./Drivers/STM32F4xx_HAL_Driver/Src/stm32f4xx_hal_tim.o
 .ARM.attributes
                0x0000000000000587       0x34 ./Drivers/STM32F4xx_HAL_Driver/Src/stm32f4xx_hal_tim_ex.o
 .ARM.attributes
                0x00000000000005bb       0x34 ./Drivers/STM32F4xx_HAL_Driver/Src/stm32f4xx_hal_uart.o
 .ARM.attributes
                0x00000000000005ef       0x34 ./Middlewares/Third_Party/FreeRTOS/Source/CMSIS_RTOS/cmsis_os.o
 .ARM.attributes
                0x0000000000000623       0x34 ./Middlewares/Third_Party/FreeRTOS/Source/list.o
 .ARM.attributes
                0x0000000000000657       0x34 ./Middlewares/Third_Party/FreeRTOS/Source/tasks.o
 .ARM.attributes
                0x000000000000068b       0x34 ./Middlewares/Third_Party/FreeRTOS/Source/portable/GCC/ARM_CM4F/port.o
 .ARM.attributes
                0x00000000000006bf       0x34 ./Middlewares/Third_Party/FreeRTOS/Source/portable/MemMang/heap_4.o
 .ARM.attributes
                0x00000000000006f3       0x34 C:/ST/STM32CubeIDE_1.14.1/STM32CubeIDE/plugins/com.st.stm32cube.ide.mcu.externaltools.gnu-tools-for-stm32.11.3.rel1.win32_1.1.100.202309141235/tools/bin/../lib/gcc/arm-none-eabi/11.3.1/../../../../arm-none-eabi/lib/thumb/v7e-m+fp/hard\libc_nano.a(libc_a-findfp.o)
 .ARM.attributes
                0x0000000000000727       0x34 C:/ST/STM32CubeIDE_1.14.1/STM32CubeIDE/plugins/com.st.stm32cube.ide.mcu.externaltools.gnu-tools-for-stm32.11.3.rel1.win32_1.1.100.202309141235/tools/bin/../lib/gcc/arm-none-eabi/11.3.1/../../../../arm-none-eabi/lib/thumb/v7e-m+fp/hard\libc_nano.a(libc_a-memset.o)
 .ARM.attributes
                0x000000000000075b       0x34 C:/ST/STM32CubeIDE_1.14.1/STM32CubeIDE/plugins/com.st.stm32cube.ide.mcu.externaltools.gnu-tools-for-stm32.11.3.rel1.win32_1.1.100.202309141235/tools/bin/../lib/gcc/arm-none-eabi/11.3.1/../../../../arm-none-eabi/lib/thumb/v7e-m+fp/hard\libc_nano.a(libc_a-reent.o)
 .ARM.attributes
                0x000000000000078f       0x34 C:/ST/STM32CubeIDE_1.14.1/STM32CubeIDE/plugins/com.st.stm32cube.ide.mcu.externaltools.gnu-tools-for-stm32.11.3.rel1.win32_1.1.100.202309141235/tools/bin/../lib/gcc/arm-none-eabi/11.3.1/../../../../arm-none-eabi/lib/thumb/v7e-m+fp/hard\libc_nano.a(libc_a-impure.o)
 .ARM.attributes
                0x00000000000007c3       0x34 C:/ST/STM32CubeIDE_1.14.1/STM32CubeIDE/plugins/com.st.stm32cube.ide.mcu.externaltools.gnu-tools-for-stm32.11.3.rel1.win32_1.1.100.202309141235/tools/bin/../lib/gcc/arm-none-eabi/11.3.1/../../../../arm-none-eabi/lib/thumb/v7e-m+fp/hard\libc_nano.a(libc_a-init.o)
 .ARM.attributes
                0x00000000000007f7       0x34 C:/ST/STM32CubeIDE_1.14.1/STM32CubeIDE/plugins/com.st.stm32cube.ide.mcu.externaltools.gnu-tools-for-stm32.11.3.rel1.win32_1.1.100.202309141235/tools/bin/../lib/gcc/arm-none-eabi/11.3.1/../../../../arm-none-eabi/lib/thumb/v7e-m+fp/hard\libc_nano.a(libc_a-lock.o)
 .ARM.attributes
                0x000000000000082b       0x34 C:/ST/STM32CubeIDE_1.14.1/STM32CubeIDE/plugins/com.st.stm32cube.ide.mcu.externaltools.gnu-tools-for-stm32.11.3.rel1.win32_1.1.100.202309141235/tools/bin/../lib/gcc/arm-none-eabi/11.3.1/../../../../arm-none-eabi/lib/thumb/v7e-m+fp/hard\libc_nano.a(libc_a-memcpy-stub.o)
 .ARM.attributes
                0x000000000000085f       0x34 C:/ST/STM32CubeIDE_1.14.1/STM32CubeIDE/plugins/com.st.stm32cube.ide.mcu.externaltools.gnu-tools-for-stm32.11.3.rel1.win32_1.1.100.202309141235/tools/bin/../lib/gcc/arm-none-eabi/11.3.1/../../../../arm-none-eabi/lib/thumb/v7e-m+fp/hard\libc_nano.a(libc_a-freer.o)
 .ARM.attributes
                0x0000000000000893       0x34 C:/ST/STM32CubeIDE_1.14.1/STM32CubeIDE/plugins/com.st.stm32cube.ide.mcu.externaltools.gnu-tools-for-stm32.11.3.rel1.win32_1.1.100.202309141235/tools/bin/../lib/gcc/arm-none-eabi/11.3.1/../../../../arm-none-eabi/lib/thumb/v7e-m+fp/hard\libc_nano.a(libc_a-mallocr.o)
 .ARM.attributes
                0x00000000000008c7       0x34 C:/ST/STM32CubeIDE_1.14.1/STM32CubeIDE/plugins/com.st.stm32cube.ide.mcu.externaltools.gnu-tools-for-stm32.11.3.rel1.win32_1.1.100.202309141235/tools/bin/../lib/gcc/arm-none-eabi/11.3.1/../../../../arm-none-eabi/lib/thumb/v7e-m+fp/hard\libc_nano.a(libc_a-mlock.o)
 .ARM.attributes
                0x00000000000008fb       0x1e C:/ST/STM32CubeIDE_1.14.1/STM32CubeIDE/plugins/com.st.stm32cube.ide.mcu.externaltools.gnu-tools-for-stm32.11.3.rel1.win32_1.1.100.202309141235/tools/bin/../lib/gcc/arm-none-eabi/11.3.1/thumb/v7e-m+fp/hard\libgcc.a(_arm_addsubdf3.o)
 .ARM.attributes
                0x0000000000000919       0x1e C:/ST/STM32CubeIDE_1.14.1/STM32CubeIDE/plugins/com.st.stm32cube.ide.mcu.externaltools.gnu-tools-for-stm32.11.3.rel1.win32_1.1.100.202309141235/tools/bin/../lib/gcc/arm-none-eabi/11.3.1/thumb/v7e-m+fp/hard\libgcc.a(_arm_muldivdf3.o)
 .ARM.attributes
                0x0000000000000937       0x1e C:/ST/STM32CubeIDE_1.14.1/STM32CubeIDE/plugins/com.st.stm32cube.ide.mcu.externaltools.gnu-tools-for-stm32.11.3.rel1.win32_1.1.100.202309141235/tools/bin/../lib/gcc/arm-none-eabi/11.3.1/thumb/v7e-m+fp/hard\libgcc.a(_arm_fixdfsi.o)
 .ARM.attributes
                0x0000000000000955       0x1e C:/ST/STM32CubeIDE_1.14.1/STM32CubeIDE/plugins/com.st.stm32cube.ide.mcu.externaltools.gnu-tools-for-stm32.11.3.rel1.win32_1.1.100.202309141235/tools/bin/../lib/gcc/arm-none-eabi/11.3.1/thumb/v7e-m+fp/hard\libgcc.a(_aeabi_uldivmod.o)
 .ARM.attributes
                0x0000000000000973       0x34 C:/ST/STM32CubeIDE_1.14.1/STM32CubeIDE/plugins/com.st.stm32cube.ide.mcu.externaltools.gnu-tools-for-stm32.11.3.rel1.win32_1.1.100.202309141235/tools/bin/../lib/gcc/arm-none-eabi/11.3.1/thumb/v7e-m+fp/hard\libgcc.a(_udivmoddi4.o)
 .ARM.attributes
                0x00000000000009a7       0x1e C:/ST/STM32CubeIDE_1.14.1/STM32CubeIDE/plugins/com.st.stm32cube.ide.mcu.externaltools.gnu-tools-for-stm32.11.3.rel1.win32_1.1.100.202309141235/tools/bin/../lib/gcc/arm-none-eabi/11.3.1/thumb/v7e-m+fp/hard\libgcc.a(_dvmd_tls.o)
 .ARM.attributes
                0x00000000000009c5       0x1e C:/ST/STM32CubeIDE_1.14.1/STM32CubeIDE/plugins/com.st.stm32cube.ide.mcu.externaltools.gnu-tools-for-stm32.11.3.rel1.win32_1.1.100.202309141235/tools/bin/../lib/gcc/arm-none-eabi/11.3.1/thumb/v7e-m+fp/hard/crtn.o
OUTPUT(RSCAN_RDOSE.elf elf32-littlearm)
LOAD linker stubs
LOAD C:/ST/STM32CubeIDE_1.14.1/STM32CubeIDE/plugins/com.st.stm32cube.ide.mcu.externaltools.gnu-tools-for-stm32.11.3.rel1.win32_1.1.100.202309141235/tools/bin/../lib/gcc/arm-none-eabi/11.3.1/../../../../arm-none-eabi/lib/thumb/v7e-m+fp/hard\libc.a
LOAD C:/ST/STM32CubeIDE_1.14.1/STM32CubeIDE/plugins/com.st.stm32cube.ide.mcu.externaltools.gnu-tools-for-stm32.11.3.rel1.win32_1.1.100.202309141235/tools/bin/../lib/gcc/arm-none-eabi/11.3.1/../../../../arm-none-eabi/lib/thumb/v7e-m+fp/hard\libm.a
LOAD C:/ST/STM32CubeIDE_1.14.1/STM32CubeIDE/plugins/com.st.stm32cube.ide.mcu.externaltools.gnu-tools-for-stm32.11.3.rel1.win32_1.1.100.202309141235/tools/bin/../lib/gcc/arm-none-eabi/11.3.1/thumb/v7e-m+fp/hard\libgcc.a

.comment        0x0000000000000000       0x43
 .comment       0x0000000000000000       0x43 C:/ST/STM32CubeIDE_1.14.1/STM32CubeIDE/plugins/com.st.stm32cube.ide.mcu.externaltools.gnu-tools-for-stm32.11.3.rel1.win32_1.1.100.202309141235/tools/bin/../lib/gcc/arm-none-eabi/11.3.1/thumb/v7e-m+fp/hard/crtbegin.o
                                         0x44 (size before relaxing)
 .comment       0x0000000000000043       0x44 ./Core/Src/freertos.o
 .comment       0x0000000000000043       0x44 ./Core/Src/main.o
 .comment       0x0000000000000043       0x44 ./Core/Src/stm32f4xx_hal_msp.o
 .comment       0x0000000000000043       0x44 ./Core/Src/stm32f4xx_hal_timebase_tim.o
 .comment       0x0000000000000043       0x44 ./Core/Src/stm32f4xx_it.o
 .comment       0x0000000000000043       0x44 ./Core/Src/system_stm32f4xx.o
 .comment       0x0000000000000043       0x44 ./Core/Src/hv_task/ads1220.o
 .comment       0x0000000000000043       0x44 ./Core/Src/hv_task/hv_task.o
 .comment       0x0000000000000043       0x44 ./Core/Src/signal_task/ads1246.o
 .comment       0x0000000000000043       0x44 ./Core/Src/signal_task/signal_task.o
 .comment       0x0000000000000043       0x44 ./Core/Src/w5500_task/socket.o
 .comment       0x0000000000000043       0x44 ./Core/Src/w5500_task/tcp_server_rx.o
 .comment       0x0000000000000043       0x44 ./Core/Src/w5500_task/tcp_server_tx.o
 .comment       0x0000000000000043       0x44 ./Core/Src/w5500_task/w5500.o
 .comment       0x0000000000000043       0x44 ./Core/Src/w5500_task/w5500_task.o
 .comment       0x0000000000000043       0x44 ./Core/Src/w5500_task/wizchip_conf.o
 .comment       0x0000000000000043       0x44 ./Core/Src/w5500_task/wiznet_api.o
 .comment       0x0000000000000043       0x44 ./Drivers/STM32F4xx_HAL_Driver/Src/stm32f4xx_hal.o
 .comment       0x0000000000000043       0x44 ./Drivers/STM32F4xx_HAL_Driver/Src/stm32f4xx_hal_cortex.o
 .comment       0x0000000000000043       0x44 ./Drivers/STM32F4xx_HAL_Driver/Src/stm32f4xx_hal_dac.o
 .comment       0x0000000000000043       0x44 ./Drivers/STM32F4xx_HAL_Driver/Src/stm32f4xx_hal_gpio.o
 .comment       0x0000000000000043       0x44 ./Drivers/STM32F4xx_HAL_Driver/Src/stm32f4xx_hal_pwr_ex.o
 .comment       0x0000000000000043       0x44 ./Drivers/STM32F4xx_HAL_Driver/Src/stm32f4xx_hal_rcc.o
 .comment       0x0000000000000043       0x44 ./Drivers/STM32F4xx_HAL_Driver/Src/stm32f4xx_hal_spi.o
 .comment       0x0000000000000043       0x44 ./Drivers/STM32F4xx_HAL_Driver/Src/stm32f4xx_hal_tim.o
 .comment       0x0000000000000043       0x44 ./Drivers/STM32F4xx_HAL_Driver/Src/stm32f4xx_hal_tim_ex.o
 .comment       0x0000000000000043       0x44 ./Drivers/STM32F4xx_HAL_Driver/Src/stm32f4xx_hal_uart.o
 .comment       0x0000000000000043       0x44 ./Middlewares/Third_Party/FreeRTOS/Source/CMSIS_RTOS/cmsis_os.o
 .comment       0x0000000000000043       0x44 ./Middlewares/Third_Party/FreeRTOS/Source/list.o
 .comment       0x0000000000000043       0x44 ./Middlewares/Third_Party/FreeRTOS/Source/tasks.o
 .comment       0x0000000000000043       0x44 ./Middlewares/Third_Party/FreeRTOS/Source/portable/GCC/ARM_CM4F/port.o
 .comment       0x0000000000000043       0x44 ./Middlewares/Third_Party/FreeRTOS/Source/portable/MemMang/heap_4.o

.debug_info     0x0000000000000000    0x1c7d0
 .debug_info    0x0000000000000000      0x919 ./Core/Src/freertos.o
 .debug_info    0x0000000000000919     0x2228 ./Core/Src/main.o
 .debug_info    0x0000000000002b41     0x1114 ./Core/Src/stm32f4xx_hal_msp.o
 .debug_info    0x0000000000003c55      0xc32 ./Core/Src/stm32f4xx_hal_timebase_tim.o
 .debug_info    0x0000000000004887      0x703 ./Core/Src/stm32f4xx_it.o
 .debug_info    0x0000000000004f8a      0x52e ./Core/Src/system_stm32f4xx.o
 .debug_info    0x00000000000054b8      0xe7c ./Core/Src/hv_task/ads1220.o
 .debug_info    0x0000000000006334      0xe96 ./Core/Src/hv_task/hv_task.o
 .debug_info    0x00000000000071ca      0xb31 ./Core/Src/signal_task/ads1246.o
 .debug_info    0x0000000000007cfb      0xb40 ./Core/Src/signal_task/signal_task.o
 .debug_info    0x000000000000883b      0x72b ./Core/Src/w5500_task/socket.o
 .debug_info    0x0000000000008f66      0x431 ./Core/Src/w5500_task/tcp_server_rx.o
 .debug_info    0x0000000000009397      0x4f2 ./Core/Src/w5500_task/tcp_server_tx.o
 .debug_info    0x0000000000009889      0x538 ./Core/Src/w5500_task/w5500.o
 .debug_info    0x0000000000009dc1      0x4ec ./Core/Src/w5500_task/w5500_task.o
 .debug_info    0x000000000000a2ad      0xc65 ./Core/Src/w5500_task/wizchip_conf.o
 .debug_info    0x000000000000af12      0xa4d ./Core/Src/w5500_task/wiznet_api.o
 .debug_info    0x000000000000b95f       0x23 ./Core/Startup/startup_stm32f429zgtx.o
 .debug_info    0x000000000000b982      0x9ba ./Drivers/STM32F4xx_HAL_Driver/Src/stm32f4xx_hal.o
 .debug_info    0x000000000000c33c      0xd8d ./Drivers/STM32F4xx_HAL_Driver/Src/stm32f4xx_hal_cortex.o
 .debug_info    0x000000000000d0c9      0xa01 ./Drivers/STM32F4xx_HAL_Driver/Src/stm32f4xx_hal_dac.o
 .debug_info    0x000000000000daca      0x6db ./Drivers/STM32F4xx_HAL_Driver/Src/stm32f4xx_hal_gpio.o
 .debug_info    0x000000000000e1a5      0x6be ./Drivers/STM32F4xx_HAL_Driver/Src/stm32f4xx_hal_pwr_ex.o
 .debug_info    0x000000000000e863      0x8c9 ./Drivers/STM32F4xx_HAL_Driver/Src/stm32f4xx_hal_rcc.o
 .debug_info    0x000000000000f12c     0x15fb ./Drivers/STM32F4xx_HAL_Driver/Src/stm32f4xx_hal_spi.o
 .debug_info    0x0000000000010727     0x299d ./Drivers/STM32F4xx_HAL_Driver/Src/stm32f4xx_hal_tim.o
 .debug_info    0x00000000000130c4     0x14db ./Drivers/STM32F4xx_HAL_Driver/Src/stm32f4xx_hal_tim_ex.o
 .debug_info    0x000000000001459f     0x2f4f ./Drivers/STM32F4xx_HAL_Driver/Src/stm32f4xx_hal_uart.o
 .debug_info    0x00000000000174ee     0x2211 ./Middlewares/Third_Party/FreeRTOS/Source/CMSIS_RTOS/cmsis_os.o
 .debug_info    0x00000000000196ff      0x2af ./Middlewares/Third_Party/FreeRTOS/Source/list.o
 .debug_info    0x00000000000199ae     0x246f ./Middlewares/Third_Party/FreeRTOS/Source/tasks.o
 .debug_info    0x000000000001be1d      0x4de ./Middlewares/Third_Party/FreeRTOS/Source/portable/GCC/ARM_CM4F/port.o
 .debug_info    0x000000000001c2fb      0x4d5 ./Middlewares/Third_Party/FreeRTOS/Source/portable/MemMang/heap_4.o

.debug_abbrev   0x0000000000000000     0x4957
 .debug_abbrev  0x0000000000000000      0x178 ./Core/Src/freertos.o
 .debug_abbrev  0x0000000000000178      0x398 ./Core/Src/main.o
 .debug_abbrev  0x0000000000000510      0x20c ./Core/Src/stm32f4xx_hal_msp.o
 .debug_abbrev  0x000000000000071c      0x1f4 ./Core/Src/stm32f4xx_hal_timebase_tim.o
 .debug_abbrev  0x0000000000000910      0x194 ./Core/Src/stm32f4xx_it.o
 .debug_abbrev  0x0000000000000aa4      0x11a ./Core/Src/system_stm32f4xx.o
 .debug_abbrev  0x0000000000000bbe      0x2d7 ./Core/Src/hv_task/ads1220.o