../Core/Src/w5500_task/w5500_task.c:48:6:w5500_task_init	16	static
../Core/Src/w5500_task/w5500_task.c:66:6:w5500_task_loop	16	static
../Core/Src/w5500_task/w5500_task.c:110:5:w5500_task_get_ip	16	static
../Core/Src/w5500_task/w5500_task.c:117:9:w5500_get_socket_status	8	static
../Core/Src/w5500_task/w5500_task.c:122:16:_status	8	static
../Core/Src/w5500_task/w5500_task.c:127:15:_socket	8	static
../Core/Src/w5500_task/w5500_task.c:132:15:_listen	8	static
../Core/Src/w5500_task/w5500_task.c:137:15:_disconnect	8	static
../Core/Src/w5500_task/w5500_task.c:142:15:_close	8	static
../Core/Src/w5500_task/w5500_task.c:147:13:_delay	8	static
../Core/Src/w5500_task/w5500_task.c:152:13:_set_long_delay	4	static
../Core/Src/w5500_task/w5500_task.c:157:13:_set_short_delay	4	static
../Core/Src/w5500_task/w5500_task.c:162:13:_check_connected	8	static
../Core/Src/w5500_task/w5500_task.c:169:12:_receive	16	static
../Core/Src/w5500_task/w5500_task.c:174:12:_send	16	static
