../Core/Src/main.c:76:6:HAL_GPIO_EXTI_Callback	16	static
../Core/Src/main.c:93:5:main	48	static
../Core/Src/main.c:171:6:SystemClock_Config	88	static
../Core/Src/main.c:225:13:MX_DAC_Init	16	static
../Core/Src/main.c:272:13:MX_SPI1_Init	8	static
../Core/Src/main.c:310:13:MX_SPI2_Init	8	static
../Core/Src/main.c:348:13:MX_SPI3_Init	8	static
../Core/Src/main.c:386:13:MX_SPI4_Init	8	static
../Core/Src/main.c:424:13:MX_USART1_UART_Init	8	static
../Core/Src/main.c:457:13:MX_GPIO_Init	48	static
../Core/Src/main.c:569:6:StartDefaultTask	16	static
../Core/Src/main.c:591:6:HAL_TIM_PeriodElapsedCallback	16	static
../Core/Src/main.c:608:6:Error_Handler	4	static,ignoring_inline_asm
