../Core/Src/main.c:80:6:HAL_GPIO_EXTI_Callback	1
../Core/Src/main.c:87:6:HAL_SPI_RxCpltCallback	1
../Core/Src/main.c:102:5:main	1
../Core/Src/main.c:181:6:SystemClock_Config	3
../Core/Src/main.c:228:13:MX_DAC_Init	4
../Core/Src/main.c:275:13:MX_SPI1_Init	2
../Core/Src/main.c:313:13:MX_SPI2_Init	2
../Core/Src/main.c:351:13:MX_SPI3_Init	2
../Core/Src/main.c:389:13:MX_SPI4_Init	2
../Core/Src/main.c:427:13:MX_USART1_UART_Init	2
../Core/Src/main.c:458:13:MX_DMA_Init	1
../Core/Src/main.c:483:13:MX_GPIO_Init	1
../Core/Src/main.c:595:6:StartDefaultTask	1
../Core/Src/main.c:617:6:HAL_TIM_PeriodElapsedCallback	2
../Core/Src/main.c:634:6:Error_Handler	1
