../Core/Src/main.c:83:6:HAL_GPIO_EXTI_Callback	16	static
../Core/Src/main.c:90:6:HAL_SPI_RxCpltCallback	16	static
../Core/Src/main.c:105:5:main	48	static
../Core/Src/main.c:184:6:SystemClock_Config	88	static
../Core/Src/main.c:231:13:MX_DAC_Init	16	static
../Core/Src/main.c:278:13:MX_SPI1_Init	8	static
../Core/Src/main.c:316:13:MX_SPI2_Init	8	static
../Core/Src/main.c:354:13:MX_SPI3_Init	8	static
../Core/Src/main.c:392:13:MX_SPI4_Init	8	static
../Core/Src/main.c:430:13:MX_USART1_UART_Init	8	static
../Core/Src/main.c:461:13:MX_DMA_Init	16	static
../Core/Src/main.c:495:13:MX_GPIO_Init	48	static
../Core/Src/main.c:607:6:StartDefaultTask	16	static
../Core/Src/main.c:629:6:HAL_TIM_PeriodElapsedCallback	16	static
../Core/Src/main.c:646:6:Error_Handler	4	static,ignoring_inline_asm
