../Core/Src/stm32f4xx_it.c:79:6:NMI_Handler	4	static
../Core/Src/stm32f4xx_it.c:94:6:HardFault_Handler	4	static
../Core/Src/stm32f4xx_it.c:109:6:MemManage_Handler	4	static
../Core/Src/stm32f4xx_it.c:124:6:BusFault_Handler	4	static
../Core/Src/stm32f4xx_it.c:139:6:UsageFault_Handler	4	static
../Core/Src/stm32f4xx_it.c:154:6:DebugMon_Handler	4	static
../Core/Src/stm32f4xx_it.c:174:6:EXTI3_IRQHandler	8	static
../Core/Src/stm32f4xx_it.c:188:6:DMA1_Stream0_IRQHandler	8	static
../Core/Src/stm32f4xx_it.c:202:6:DMA1_Stream3_IRQHandler	8	static
../Core/Src/stm32f4xx_it.c:216:6:DMA1_Stream4_IRQHandler	8	static
../Core/Src/stm32f4xx_it.c:230:6:DMA1_Stream5_IRQHandler	8	static
../Core/Src/stm32f4xx_it.c:244:6:EXTI9_5_IRQHandler	8	static
../Core/Src/stm32f4xx_it.c:258:6:TIM1_UP_TIM10_IRQHandler	8	static
../Core/Src/stm32f4xx_it.c:272:6:SPI2_IRQHandler	8	static
../Core/Src/stm32f4xx_it.c:286:6:EXTI15_10_IRQHandler	8	static
../Core/Src/stm32f4xx_it.c:300:6:SPI3_IRQHandler	8	static
../Core/Src/stm32f4xx_it.c:314:6:DMA2_Stream0_IRQHandler	8	static
../Core/Src/stm32f4xx_it.c:328:6:DMA2_Stream1_IRQHandler	8	static
../Core/Src/stm32f4xx_it.c:342:6:SPI4_IRQHandler	8	static
