../Core/Src/signal_task/ads1246.c:21:22:delayUs	16	static
../Core/Src/signal_task/ads1246.c:32:6:ads1246_init	24	static
../Core/Src/signal_task/ads1246.c:55:6:ads1246_set_spi	16	static
../Core/Src/signal_task/ads1246.c:60:6:ads1246_set_cs_pin	24	static
../Core/Src/signal_task/ads1246.c:66:6:ads1246_set_xdrdy_pin	24	static
../Core/Src/signal_task/ads1246.c:72:6:ads1246_set_reference_voltage	32	static
../Core/Src/signal_task/ads1246.c:78:6:ads1246_setup	16	static
../Core/Src/signal_task/ads1246.c:95:6:ads1246_update	16	static
../Core/Src/signal_task/ads1246.c:120:6:ads1246_spi_dma_cplt	16	static
../Core/Src/signal_task/ads1246.c:131:5:ads1246_get_output	16	static
../Core/Src/signal_task/ads1246.c:136:10:ads1246_get_xdrdy_pin	16	static
../Core/Src/signal_task/ads1246.c:141:13:spi_command	16	static
../Core/Src/signal_task/ads1246.c:151:13:spi_select	16	static
../Core/Src/signal_task/ads1246.c:163:13:spi_deselect	16	static
../Core/Src/signal_task/ads1246.c:175:13:check_negative_24_to_32	16	static
