../Core/Src/hv_task/ads1220.c:12:22:delayUs	16	static
../Core/Src/hv_task/ads1220.c:34:5:ads1220_init	16	static
../Core/Src/hv_task/ads1220.c:61:6:ads1220_set_spi	16	static
../Core/Src/hv_task/ads1220.c:66:6:ads1220_set_xdrdy	24	static
../Core/Src/hv_task/ads1220.c:72:6:ads1220_set_cs	24	static
../Core/Src/hv_task/ads1220.c:78:6:ads1220_set_reference_voltage	32	static
../Core/Src/hv_task/ads1220.c:84:6:ads1220_setup	24	static
../Core/Src/hv_task/ads1220.c:124:6:ads1220_update	16	static
../Core/Src/hv_task/ads1220.c:135:5:ads1220_get_output_A	16	static
../Core/Src/hv_task/ads1220.c:140:5:ads1220_get_output_B	16	static
../Core/Src/hv_task/ads1220.c:145:9:ads1220_get_output_temp	24	static
../Core/Src/hv_task/ads1220.c:161:10:ads1220_get_xdrdy_pin	16	static
../Core/Src/hv_task/ads1220.c:167:13:spi_command	16	static
../Core/Src/hv_task/ads1220.c:176:13:spi_select	16	static
../Core/Src/hv_task/ads1220.c:184:13:spi_deselect	16	static
../Core/Src/hv_task/ads1220.c:192:13:reset	16	static
../Core/Src/hv_task/ads1220.c:199:13:comm_wreg	16	static
../Core/Src/hv_task/ads1220.c:204:13:setup_reg0	16	static
../Core/Src/hv_task/ads1220.c:209:13:setup_reg1	16	static
../Core/Src/hv_task/ads1220.c:214:13:setup_reg2	16	static
../Core/Src/hv_task/ads1220.c:219:13:setup_reg3	16	static
../Core/Src/hv_task/ads1220.c:224:13:comm_startsync	16	static
../Core/Src/hv_task/ads1220.c:229:13:read_dout	104	dynamic
../Core/Src/hv_task/ads1220.c:295:13:check_negative_24_to_32	16	static
../Core/Src/hv_task/ads1220.c:303:16:get_complement_code_16bit	24	static
